Archive member included to satisfy reference by file (symbol)

E:/Apps/ST/STM32CubeIDE_1.17.0/STM32CubeIDE/plugins/com.st.stm32cube.ide.mcu.externaltools.gnu-tools-for-stm32.12.3.rel1.win32_1.1.0.202410251130/tools/bin/../lib/gcc/arm-none-eabi/12.3.1/../../../../arm-none-eabi/lib/thumb/v7e-m+dp/hard\libc_nano.a(libc_a-exit.o)
                              E:/Apps/ST/STM32CubeIDE_1.17.0/STM32CubeIDE/plugins/com.st.stm32cube.ide.mcu.externaltools.gnu-tools-for-stm32.12.3.rel1.win32_1.1.0.202410251130/tools/bin/../lib/gcc/arm-none-eabi/12.3.1/../../../../arm-none-eabi/lib/thumb/v7e-m+dp/hard/crt0.o (exit)
E:/Apps/ST/STM32CubeIDE_1.17.0/STM32CubeIDE/plugins/com.st.stm32cube.ide.mcu.externaltools.gnu-tools-for-stm32.12.3.rel1.win32_1.1.0.202410251130/tools/bin/../lib/gcc/arm-none-eabi/12.3.1/../../../../arm-none-eabi/lib/thumb/v7e-m+dp/hard\libc_nano.a(libc_a-findfp.o)
                              E:/Apps/ST/STM32CubeIDE_1.17.0/STM32CubeIDE/plugins/com.st.stm32cube.ide.mcu.externaltools.gnu-tools-for-stm32.12.3.rel1.win32_1.1.0.202410251130/tools/bin/../lib/gcc/arm-none-eabi/12.3.1/../../../../arm-none-eabi/lib/thumb/v7e-m+dp/hard\libc_nano.a(libc_a-exit.o) (__stdio_exit_handler)
E:/Apps/ST/STM32CubeIDE_1.17.0/STM32CubeIDE/plugins/com.st.stm32cube.ide.mcu.externaltools.gnu-tools-for-stm32.12.3.rel1.win32_1.1.0.202410251130/tools/bin/../lib/gcc/arm-none-eabi/12.3.1/../../../../arm-none-eabi/lib/thumb/v7e-m+dp/hard\libc_nano.a(libc_a-fwalk.o)
                              E:/Apps/ST/STM32CubeIDE_1.17.0/STM32CubeIDE/plugins/com.st.stm32cube.ide.mcu.externaltools.gnu-tools-for-stm32.12.3.rel1.win32_1.1.0.202410251130/tools/bin/../lib/gcc/arm-none-eabi/12.3.1/../../../../arm-none-eabi/lib/thumb/v7e-m+dp/hard\libc_nano.a(libc_a-findfp.o) (_fwalk_sglue)
E:/Apps/ST/STM32CubeIDE_1.17.0/STM32CubeIDE/plugins/com.st.stm32cube.ide.mcu.externaltools.gnu-tools-for-stm32.12.3.rel1.win32_1.1.0.202410251130/tools/bin/../lib/gcc/arm-none-eabi/12.3.1/../../../../arm-none-eabi/lib/thumb/v7e-m+dp/hard\libc_nano.a(libc_a-stdio.o)
                              E:/Apps/ST/STM32CubeIDE_1.17.0/STM32CubeIDE/plugins/com.st.stm32cube.ide.mcu.externaltools.gnu-tools-for-stm32.12.3.rel1.win32_1.1.0.202410251130/tools/bin/../lib/gcc/arm-none-eabi/12.3.1/../../../../arm-none-eabi/lib/thumb/v7e-m+dp/hard\libc_nano.a(libc_a-findfp.o) (__sread)
E:/Apps/ST/STM32CubeIDE_1.17.0/STM32CubeIDE/plugins/com.st.stm32cube.ide.mcu.externaltools.gnu-tools-for-stm32.12.3.rel1.win32_1.1.0.202410251130/tools/bin/../lib/gcc/arm-none-eabi/12.3.1/../../../../arm-none-eabi/lib/thumb/v7e-m+dp/hard\libc_nano.a(libc_a-memset.o)
                              E:/Apps/ST/STM32CubeIDE_1.17.0/STM32CubeIDE/plugins/com.st.stm32cube.ide.mcu.externaltools.gnu-tools-for-stm32.12.3.rel1.win32_1.1.0.202410251130/tools/bin/../lib/gcc/arm-none-eabi/12.3.1/../../../../arm-none-eabi/lib/thumb/v7e-m+dp/hard/crt0.o (memset)
E:/Apps/ST/STM32CubeIDE_1.17.0/STM32CubeIDE/plugins/com.st.stm32cube.ide.mcu.externaltools.gnu-tools-for-stm32.12.3.rel1.win32_1.1.0.202410251130/tools/bin/../lib/gcc/arm-none-eabi/12.3.1/../../../../arm-none-eabi/lib/thumb/v7e-m+dp/hard\libc_nano.a(libc_a-closer.o)
                              E:/Apps/ST/STM32CubeIDE_1.17.0/STM32CubeIDE/plugins/com.st.stm32cube.ide.mcu.externaltools.gnu-tools-for-stm32.12.3.rel1.win32_1.1.0.202410251130/tools/bin/../lib/gcc/arm-none-eabi/12.3.1/../../../../arm-none-eabi/lib/thumb/v7e-m+dp/hard\libc_nano.a(libc_a-stdio.o) (_close_r)
E:/Apps/ST/STM32CubeIDE_1.17.0/STM32CubeIDE/plugins/com.st.stm32cube.ide.mcu.externaltools.gnu-tools-for-stm32.12.3.rel1.win32_1.1.0.202410251130/tools/bin/../lib/gcc/arm-none-eabi/12.3.1/../../../../arm-none-eabi/lib/thumb/v7e-m+dp/hard\libc_nano.a(libc_a-reent.o)
                              E:/Apps/ST/STM32CubeIDE_1.17.0/STM32CubeIDE/plugins/com.st.stm32cube.ide.mcu.externaltools.gnu-tools-for-stm32.12.3.rel1.win32_1.1.0.202410251130/tools/bin/../lib/gcc/arm-none-eabi/12.3.1/../../../../arm-none-eabi/lib/thumb/v7e-m+dp/hard\libc_nano.a(libc_a-closer.o) (errno)
E:/Apps/ST/STM32CubeIDE_1.17.0/STM32CubeIDE/plugins/com.st.stm32cube.ide.mcu.externaltools.gnu-tools-for-stm32.12.3.rel1.win32_1.1.0.202410251130/tools/bin/../lib/gcc/arm-none-eabi/12.3.1/../../../../arm-none-eabi/lib/thumb/v7e-m+dp/hard\libc_nano.a(libc_a-impure.o)
                              E:/Apps/ST/STM32CubeIDE_1.17.0/STM32CubeIDE/plugins/com.st.stm32cube.ide.mcu.externaltools.gnu-tools-for-stm32.12.3.rel1.win32_1.1.0.202410251130/tools/bin/../lib/gcc/arm-none-eabi/12.3.1/../../../../arm-none-eabi/lib/thumb/v7e-m+dp/hard\libc_nano.a(libc_a-reent.o) (_impure_ptr)
E:/Apps/ST/STM32CubeIDE_1.17.0/STM32CubeIDE/plugins/com.st.stm32cube.ide.mcu.externaltools.gnu-tools-for-stm32.12.3.rel1.win32_1.1.0.202410251130/tools/bin/../lib/gcc/arm-none-eabi/12.3.1/../../../../arm-none-eabi/lib/thumb/v7e-m+dp/hard\libc_nano.a(libc_a-lseekr.o)
[...]
Memory Configuration

Name             Origin             Length             Attributes
RAM              0x20000000         0x00080000         xrw
FLASH            0x08000000         0x00200000         xr
*default*        0x00000000         0xffffffff

Linker script and memory map

LOAD E:/Apps/ST/STM32CubeIDE_1.17.0/STM32CubeIDE/plugins/com.st.stm32cube.ide.mcu.externaltools.gnu-tools-for-stm32.12.3.rel1.win32_1.1.0.202410251130/tools/bin/../lib/gcc/arm-none-eabi/12.3.1/thumb/v7e-m+dp/hard/crti.o
LOAD E:/Apps/ST/STM32CubeIDE_1.17.0/STM32CubeIDE/plugins/com.st.stm32cube.ide.mcu.externaltools.gnu-tools-for-stm32.12.3.rel1.win32_1.1.0.202410251130/tools/bin/../lib/gcc/arm-none-eabi/12.3.1/thumb/v7e-m+dp/hard/crtbegin.o
LOAD E:/Apps/ST/STM32CubeIDE_1.17.0/STM32CubeIDE/plugins/com.st.stm32cube.ide.mcu.externaltools.gnu-tools-for-stm32.12.3.rel1.win32_1.1.0.202410251130/tools/bin/../lib/gcc/arm-none-eabi/12.3.1/../../../../arm-none-eabi/lib/thumb/v7e-m+dp/hard/crt0.o
LOAD ./Core/Src/adc.o
LOAD ./Core/Src/control.o
LOAD ./Core/Src/encoder.o
LOAD ./Core/Src/gpio.o
LOAD ./Core/Src/main.o
LOAD ./Core/Src/motor.o
LOAD ./Core/Src/odometry.o
LOAD ./Core/Src/protocol.o
LOAD ./Core/Src/spi.o
LOAD ./Core/Src/stm32f7xx_hal_msp.o
LOAD ./Core/Src/stm32f7xx_it.o
LOAD ./Core/Src/syscalls.o
LOAD ./Core/Src/sysmem.o
LOAD ./Core/Src/system_stm32f7xx.o
LOAD ./Core/Src/tim.o
LOAD ./Core/Src/timebase.o
LOAD ./Core/Src/usart.o
LOAD ./Core/Startup/startup_stm32f767zitx.o
LOAD ./Drivers/STM32F7xx_HAL_Driver/Src/stm32f7xx_hal.o
LOAD ./Drivers/STM32F7xx_HAL_Driver/Src/stm32f7xx_hal_adc.o
LOAD ./Drivers/STM32F7xx_HAL_Driver/Src/stm32f7xx_hal_adc_ex.o
LOAD ./Drivers/STM32F7xx_HAL_Driver/Src/stm32f7xx_hal_cortex.o
LOAD ./Drivers/STM32F7xx_HAL_Driver/Src/stm32f7xx_hal_dma.o
LOAD ./Drivers/STM32F7xx_HAL_Driver/Src/stm32f7xx_hal_dma_ex.o
LOAD ./Drivers/STM32F7xx_HAL_Driver/Src/stm32f7xx_hal_exti.o
LOAD ./Drivers/STM32F7xx_HAL_Driver/Src/stm32f7xx_hal_flash.o
LOAD ./Drivers/STM32F7xx_HAL_Driver/Src/stm32f7xx_hal_flash_ex.o
LOAD ./Drivers/STM32F7xx_HAL_Driver/Src/stm32f7xx_hal_gpio.o
LOAD ./Drivers/STM32F7xx_HAL_Driver/Src/stm32f7xx_hal_i2c.o
LOAD ./Drivers/STM32F7xx_HAL_Driver/Src/stm32f7xx_hal_i2c_ex.o
LOAD ./Drivers/STM32F7xx_HAL_Driver/Src/stm32f7xx_hal_pwr.o
LOAD ./Drivers/STM32F7xx_HAL_Driver/Src/stm32f7xx_hal_pwr_ex.o
LOAD ./Drivers/STM32F7xx_HAL_Driver/Src/stm32f7xx_hal_rcc.o
LOAD ./Drivers/STM32F7xx_HAL_Driver/Src/stm32f7xx_hal_rcc_ex.o
LOAD ./Drivers/STM32F7xx_HAL_Driver/Src/stm32f7xx_hal_spi.o
LOAD ./Drivers/STM32F7xx_HAL_Driver/Src/stm32f7xx_hal_spi_ex.o
LOAD ./Drivers/STM32F7xx_HAL_Driver/Src/stm32f7xx_hal_tim.o
LOAD ./Drivers/STM32F7xx_HAL_Driver/Src/stm32f7xx_hal_tim_ex.o
LOAD ./Drivers/STM32F7xx_HAL_Driver/Src/stm32f7xx_hal_uart.o
LOAD ./Drivers/STM32F7xx_HAL_Driver/Src/stm32f7xx_hal_uart_ex.o
START GROUP
LOAD E:/Apps/ST/STM32CubeIDE_1.17.0/STM32CubeIDE/plugins/com.st.stm32cube.ide.mcu.externaltools.gnu-tools-for-stm32.12.3.rel1.win32_1.1.0.202410251130/tools/bin/../lib/gcc/arm-none-eabi/12.3.1/../../../../arm-none-eabi/lib/thumb/v7e-m+dp/hard\libc_nano.a
LOAD E:/Apps/ST/STM32CubeIDE_1.17.0/STM32CubeIDE/plugins/com.st.stm32cube.ide.mcu.externaltools.gnu-tools-for-stm32.12.3.rel1.win32_1.1.0.202410251130/tools/bin/../lib/gcc/arm-none-eabi/12.3.1/../../../../arm-none-eabi/lib/thumb/v7e-m+dp/hard\libm.a
END GROUP
START GROUP
LOAD E:/Apps/ST/STM32CubeIDE_1.17.0/STM32CubeIDE/plugins/com.st.stm32cube.ide.mcu.externaltools.gnu-tools-for-stm32.12.3.rel1.win32_1.1.0.202410251130/tools/bin/../lib/gcc/arm-none-eabi/12.3.1/thumb/v7e-m+dp/hard\libgcc.a
LOAD E:/Apps/ST/STM32CubeIDE_1.17.0/STM32CubeIDE/plugins/com.st.stm32cube.ide.mcu.externaltools.gnu-tools-for-stm32.12.3.rel1.win32_1.1.0.202410251130/tools/bin/../lib/gcc/arm-none-eabi/12.3.1/../../../../arm-none-eabi/lib/thumb/v7e-m+dp/hard\libc_nano.a
END GROUP
START GROUP
LOAD E:/Apps/ST/STM32CubeIDE_1.17.0/STM32CubeIDE/plugins/com.st.stm32cube.ide.mcu.externaltools.gnu-tools-for-stm32.12.3.rel1.win32_1.1.0.202410251130/tools/bin/../lib/gcc/arm-none-eabi/12.3.1/thumb/v7e-m+dp/hard\libgcc.a
LOAD E:/Apps/ST/STM32CubeIDE_1.17.0/STM32CubeIDE/plugins/com.st.stm32cube.ide.mcu.externaltools.gnu-tools-for-stm32.12.3.rel1.win32_1.1.0.202410251130/tools/bin/../lib/gcc/arm-none-eabi/12.3.1/../../../../arm-none-eabi/lib/thumb/v7e-m+dp/hard\libc_nano.a
LOAD E:/Apps/ST/STM32CubeIDE_1.17.0/STM32CubeIDE/plugins/com.st.stm32cube.ide.mcu.externaltools.gnu-tools-for-stm32.12.3.rel1.win32_1.1.0.202410251130/tools/bin/../lib/gcc/arm-none-eabi/12.3.1/../../../../arm-none-eabi/lib/thumb/v7e-m+dp/hard\libnosys.a
END GROUP
START GROUP
LOAD E:/Apps/ST/STM32CubeIDE_1.17.0/STM32CubeIDE/plugins/com.st.stm32cube.ide.mcu.externaltools.gnu-tools-for-stm32.12.3.rel1.win32_1.1.0.202410251130/tools/bin/../lib/gcc/arm-none-eabi/12.3.1/thumb/v7e-m+dp/hard\libgcc.a
LOAD E:/Apps/ST/STM32CubeIDE_1.17.0/STM32CubeIDE/plugins/com.st.stm32cube.ide.mcu.externaltools.gnu-tools-for-stm32.12.3.rel1.win32_1.1.0.202410251130/tools/bin/../lib/gcc/arm-none-eabi/12.3.1/../../../../arm-none-eabi/lib/thumb/v7e-m+dp/hard\libc_nano.a
LOAD E:/Apps/ST/STM32CubeIDE_1.17.0/STM32CubeIDE/plugins/com.st.stm32cube.ide.mcu.externaltools.gnu-tools-for-stm32.12.3.rel1.win32_1.1.0.202410251130/tools/bin/../lib/gcc/arm-none-eabi/12.3.1/../../../../arm-none-eabi/lib/thumb/v7e-m+dp/hard\libnosys.a
END GROUP
LOAD E:/Apps/ST/STM32CubeIDE_1.17.0/STM32CubeIDE/plugins/com.st.stm32cube.ide.mcu.externaltools.gnu-tools-for-stm32.12.3.rel1.win32_1.1.0.202410251130/tools/bin/../lib/gcc/arm-none-eabi/12.3.1/thumb/v7e-m+dp/hard/crtend.o
LOAD E:/Apps/ST/STM32CubeIDE_1.17.0/STM32CubeIDE/plugins/com.st.stm32cube.ide.mcu.externaltools.gnu-tools-for-stm32.12.3.rel1.win32_1.1.0.202410251130/tools/bin/../lib/gcc/arm-none-eabi/12.3.1/thumb/v7e-m+dp/hard/crtn.o
                0x20080000                        _estack = (ORIGIN (RAM) + LENGTH (RAM))
                0x00000200                        _Min_Heap_Size = 0x200
                0x00000400                        _Min_Stack_Size = 0x400

.isr_vector     0x08000000      0x1f8
                0x08000000                        . = ALIGN (0x4)
 *(.isr_vector)
 .isr_vector    0x08000000      0x1f8 ./Core/Startup/startup_stm32f767zitx.o
                0x08000000                g_pfnVectors
                0x080001f8                        . = ALIGN (0x4)

.text           0x080001f8     0x7344
                0x080001f8                        . = ALIGN (0x4)
 *(.text)
 .text          0x080001f8       0x40 E:/Apps/ST/STM32CubeIDE_1.17.0/STM32CubeIDE/plugins/com.st.stm32cube.ide.mcu.externaltools.gnu-tools-for-stm32.12.3.rel1.win32_1.1.0.202410251130/tools/bin/../lib/gcc/arm-none-eabi/12.3.1/thumb/v7e-m+dp/hard/crtbegin.o
 .text          0x08000238      0x378 E:/Apps/ST/STM32CubeIDE_1.17.0/STM32CubeIDE/plugins/com.st.stm32cube.ide.mcu.externaltools.gnu-tools-for-stm32.12.3.rel1.win32_1.1.0.202410251130/tools/bin/../lib/gcc/arm-none-eabi/12.3.1/thumb/v7e-m+dp/hard\libgcc.a(_arm_addsubdf3.o)
                0x08000238                __aeabi_drsub
                0x08000240                __aeabi_dsub
                0x08000240                __subdf3
                0x08000244                __aeabi_dadd
                0x08000244                __adddf3
                0x080004bc                __floatunsidf
                0x080004bc                __aeabi_ui2d
                0x080004dc                __floatsidf
                0x080004dc                __aeabi_i2d
                0x08000500                __aeabi_f2d
                0x08000500                __extendsfdf2
                0x08000544                __floatundidf
                0x08000544                __aeabi_ul2d
                0x08000554                __floatdidf
                0x08000554                __aeabi_l2d
 .text          0x080005b0       0x30 E:/Apps/ST/STM32CubeIDE_1.17.0/STM32CubeIDE/plugins/com.st.stm32cube.ide.mcu.externaltools.gnu-tools-for-stm32.12.3.rel1.win32_1.1.0.202410251130/tools/bin/../lib/gcc/arm-none-eabi/12.3.1/thumb/v7e-m+dp/hard\libgcc.a(_aeabi_uldivmod.o)
                0x080005b0                __aeabi_uldivmod
 .text          0x080005e0      0x2bc E:/Apps/ST/STM32CubeIDE_1.17.0/STM32CubeIDE/plugins/com.st.stm32cube.ide.mcu.externaltools.gnu-tools-for-stm32.12.3.rel1.win32_1.1.0.202410251130/tools/bin/../lib/gcc/arm-none-eabi/12.3.1/thumb/v7e-m+dp/hard\libgcc.a(_udivmoddi4.o)
                0x080005e0                __udivmoddi4
 .text          0x0800089c        0x4 E:/Apps/ST/STM32CubeIDE_1.17.0/STM32CubeIDE/plugins/com.st.stm32cube.ide.mcu.externaltools.gnu-tools-for-stm32.12.3.rel1.win32_1.1.0.202410251130/tools/bin/../lib/gcc/arm-none-eabi/12.3.1/thumb/v7e-m+dp/hard\libgcc.a(_dvmd_tls.o)
                0x0800089c                __aeabi_idiv0
                0x0800089c                __aeabi_ldiv0
 *(.text*)
 .text.MX_ADC1_Init
                0x080008a0       0xa4 ./Core/Src/adc.o
                0x080008a0                MX_ADC1_Init
 .text.HAL_ADC_MspInit
                0x08000944       0x80 ./Core/Src/adc.o
                0x08000944                HAL_ADC_MspInit
 .text.ClampFloat
                0x080009c4       0x52 ./Core/Src/control.o
 *fill*         0x08000a16        0x2 
 .text.Control_Init
                0x08000a18       0x70 ./Core/Src/control.o
                0x08000a18                Control_Init
 .text.Control_SetTargetVW
                0x08000a88       0xc0 ./Core/Src/control.o
                0x08000a88                Control_SetTargetVW
 .text.Control_Update
                0x08000b48      0x1d4 ./Core/Src/control.o
                0x08000b48                Control_Update
 .text.Encoder_CalcRPM
                0x08000d1c       0x40 ./Core/Src/encoder.o
 .text.Encoder_Init
                0x08000d5c       0x7c ./Core/Src/encoder.o
                0x08000d5c                Encoder_Init
 .text.Encoder_Update
                0x08000dd8       0xc4 ./Core/Src/encoder.o
                0x08000dd8                Encoder_Update
 .text.Encoder_Left_GetDelta
                0x08000e9c       0x18 ./Core/Src/encoder.o
                0x08000e9c                Encoder_Left_GetDelta
 .text.Encoder_Left_GetRpm
                0x08000eb4       0x1c ./Core/Src/encoder.o
                0x08000eb4                Encoder_Left_GetRpm
 .text.Encoder_Right_GetDelta
                0x08000ed0       0x20 ./Core/Src/encoder.o
                0x08000ed0                Encoder_Right_GetDelta
 .text.Encoder_Right_GetRpm
                0x08000ef0       0x20 ./Core/Src/encoder.o
                0x08000ef0                Encoder_Right_GetRpm
 .text.MX_GPIO_Init
                0x08000f10      0x19c ./Core/Src/gpio.o
                0x08000f10                MX_GPIO_Init
 .text.main     0x080010ac       0xda ./Core/Src/main.o
                0x080010ac                main
 *fill*         0x08001186        0x2 
 .text.SystemClock_Config
                0x08001188       0xdc ./Core/Src/main.o
                0x08001188                SystemClock_Config
 .text.HAL_UART_RxCpltCallback
                0x08001264       0x16 ./Core/Src/main.o
                0x08001264                HAL_UART_RxCpltCallback
 .text.Error_Handler
                0x0800127a        0xc ./Core/Src/main.o
                0x0800127a                Error_Handler
 .text.Motor_AbsClampPWM
                0x08001286       0x34 ./Core/Src/motor.o
 *fill*         0x080012ba        0x2 
 .text.Motor_Init
                0x080012bc       0x20 ./Core/Src/motor.o
                0x080012bc                Motor_Init
 .text.Motor_Left_SetCommand
                0x080012dc       0x54 ./Core/Src/motor.o
                0x080012dc                Motor_Left_SetCommand
 .text.Motor_Right_SetCommand
                0x08001330       0x54 ./Core/Src/motor.o
                0x08001330                Motor_Right_SetCommand
 .text.Motor_Both_SetCommand
                0x08001384       0x2c ./Core/Src/motor.o
                0x08001384                Motor_Both_SetCommand
 .text.Motor_StopAll
                0x080013b0       0x24 ./Core/Src/motor.o
                0x080013b0                Motor_StopAll
 .text.Odometry_NormalizeAngle
                0x080013d4       0x74 ./Core/Src/odometry.o
 .text.Odometry_Init
                0x08001448       0x3c ./Core/Src/odometry.o
                0x08001448                Odometry_Init
 .text.Odometry_Update
                0x08001484      0x13c ./Core/Src/odometry.o
                0x08001484                Odometry_Update
 .text.Odometry_GetX
                0x080015c0       0x1c ./Core/Src/odometry.o
                0x080015c0                Odometry_GetX
 .text.Odometry_GetY
                0x080015dc       0x1c ./Core/Src/odometry.o
                0x080015dc                Odometry_GetY
 .text.Odometry_GetYaw
                0x080015f8       0x1c ./Core/Src/odometry.o
                0x080015f8                Odometry_GetYaw
 .text.Odometry_GetV
                0x08001614       0x1c ./Core/Src/odometry.o
                0x08001614                Odometry_GetV
 .text.Odometry_GetW
                0x08001630       0x1c ./Core/Src/odometry.o
                0x08001630                Odometry_GetW
 .text.Protocol_StartReceiveIT
                0x0800164c       0x1c ./Core/Src/protocol.o
 .text.Protocol_WriteU32LE
                0x08001668       0x42 ./Core/Src/protocol.o
 .text.Protocol_WriteFloatLE
                0x080016aa       0x22 ./Core/Src/protocol.o
 .text.Protocol_ReadFloatLE
                0x080016cc       0x42 ./Core/Src/protocol.o
 .text.Protocol_Checksum8
                0x0800170e       0x40 ./Core/Src/protocol.o
 *fill*         0x0800174e        0x2 
 .text.Protocol_Init
                0x08001750       0x38 ./Core/Src/protocol.o
                0x08001750                Protocol_Init
 .text.Protocol_SendOdometryBinary
                0x08001788       0xb4 ./Core/Src/protocol.o
                0x08001788                Protocol_SendOdometryBinary
 .text.Protocol_RxCallback
                0x0800183c       0xec ./Core/Src/protocol.o
                0x0800183c                Protocol_RxCallback
 .text.Protocol_Process
                0x08001928       0x80 ./Core/Src/protocol.o
                0x08001928                Protocol_Process
 .text.MX_SPI1_Init
                0x080019a8       0x7c ./Core/Src/spi.o
                0x080019a8                MX_SPI1_Init
 .text.HAL_SPI_MspInit
                0x08001a24       0x88 ./Core/Src/spi.o
                0x08001a24                HAL_SPI_MspInit
 .text.HAL_MspInit
                0x08001aac       0x48 ./Core/Src/stm32f7xx_hal_msp.o
                0x08001aac                HAL_MspInit
 .text.NMI_Handler
                0x08001af4        0x8 ./Core/Src/stm32f7xx_it.o
                0x08001af4                NMI_Handler
 .text.HardFault_Handler
                0x08001afc        0x8 ./Core/Src/stm32f7xx_it.o
                0x08001afc                HardFault_Handler
 .text.MemManage_Handler
                0x08001b04        0x8 ./Core/Src/stm32f7xx_it.o
                0x08001b04                MemManage_Handler
 .text.BusFault_Handler
                0x08001b0c        0x8 ./Core/Src/stm32f7xx_it.o
                0x08001b0c                BusFault_Handler
 .text.UsageFault_Handler
                0x08001b14        0x8 ./Core/Src/stm32f7xx_it.o
                0x08001b14                UsageFault_Handler
 .text.SVC_Handler
                0x08001b1c        0xe ./Core/Src/stm32f7xx_it.o
                0x08001b1c                SVC_Handler
 .text.DebugMon_Handler
                0x08001b2a        0xe ./Core/Src/stm32f7xx_it.o
                0x08001b2a                DebugMon_Handler
 .text.PendSV_Handler
                0x08001b38        0xe ./Core/Src/stm32f7xx_it.o
                0x08001b38                PendSV_Handler
 .text.SysTick_Handler
                0x08001b46        0xc ./Core/Src/stm32f7xx_it.o
                0x08001b46                SysTick_Handler
 *fill*         0x08001b52        0x2 
 .text.USART3_IRQHandler
                0x08001b54       0x14 ./Core/Src/stm32f7xx_it.o
                0x08001b54                USART3_IRQHandler
 .text.SystemInit
                0x08001b68       0x24 ./Core/Src/system_stm32f7xx.o
                0x08001b68                SystemInit
 .text.MX_TIM1_Init
                0x08001b8c      0x170 ./Core/Src/tim.o
                0x08001b8c                MX_TIM1_Init
 .text.MX_TIM2_Init
                0x08001cfc       0x9c ./Core/Src/tim.o
                0x08001cfc                MX_TIM2_Init
 .text.MX_TIM3_Init
                0x08001d98       0xac ./Core/Src/tim.o
                0x08001d98                MX_TIM3_Init
 .text.MX_TIM4_Init
                0x08001e44       0xac ./Core/Src/tim.o
                0x08001e44                MX_TIM4_Init
 .text.MX_TIM5_Init
                0x08001ef0       0xf0 ./Core/Src/tim.o
                0x08001ef0                MX_TIM5_Init
 .text.MX_TIM8_Init
                0x08001fe0      0x158 ./Core/Src/tim.o
                0x08001fe0                MX_TIM8_Init
 .text.HAL_TIM_Base_MspInit
                0x08002138       0xb4 ./Core/Src/tim.o
                0x08002138                HAL_TIM_Base_MspInit
 .text.HAL_TIM_Encoder_MspInit
                0x080021ec      0x128 ./Core/Src/tim.o
                0x080021ec                HAL_TIM_Encoder_MspInit
 .text.HAL_TIM_MspPostInit
                0x08002314      0x10c ./Core/Src/tim.o
                0x08002314                HAL_TIM_MspPostInit
 .text.Timebase_Init
                0x08002420       0x14 ./Core/Src/timebase.o
                0x08002420                Timebase_Init
 .text.Timebase_GetMicros
                0x08002434       0x18 ./Core/Src/timebase.o
                0x08002434                Timebase_GetMicros
 .text.MX_USART3_UART_Init
                0x0800244c       0x60 ./Core/Src/usart.o
                0x0800244c                MX_USART3_UART_Init
 .text.HAL_UART_MspInit
                0x080024ac       0xd0 ./Core/Src/usart.o
                0x080024ac                HAL_UART_MspInit
 .text.Reset_Handler
                0x0800257c       0x50 ./Core/Startup/startup_stm32f767zitx.o
                0x0800257c                Reset_Handler
 .text.Default_Handler
                0x080025cc        0x2 ./Core/Startup/startup_stm32f767zitx.o
                0x080025cc                RTC_Alarm_IRQHandler
                0x080025cc                EXTI2_IRQHandler
                0x080025cc                TIM8_CC_IRQHandler
                0x080025cc                UART8_IRQHandler
                0x080025cc                SPI4_IRQHandler
                0x080025cc                TIM1_CC_IRQHandler
                0x080025cc                DMA2_Stream5_IRQHandler
                0x080025cc                JPEG_IRQHandler
                0x080025cc                DMA1_Stream5_IRQHandler
                0x080025cc                CAN3_RX1_IRQHandler
                0x080025cc                PVD_IRQHandler
                0x080025cc                TAMP_STAMP_IRQHandler
                0x080025cc                CAN2_RX1_IRQHandler
                0x080025cc                EXTI3_IRQHandler
                0x080025cc                TIM8_TRG_COM_TIM14_IRQHandler
                0x080025cc                DFSDM1_FLT1_IRQHandler
                0x080025cc                TIM1_UP_TIM10_IRQHandler
                0x080025cc                TIM8_UP_TIM13_IRQHandler
                0x080025cc                I2C3_ER_IRQHandler
                0x080025cc                DFSDM1_FLT2_IRQHandler
                0x080025cc                EXTI0_IRQHandler
                0x080025cc                I2C2_EV_IRQHandler
                0x080025cc                DMA1_Stream2_IRQHandler
                0x080025cc                CAN1_RX0_IRQHandler
                0x080025cc                FPU_IRQHandler
                0x080025cc                OTG_HS_WKUP_IRQHandler
                0x080025cc                CAN3_SCE_IRQHandler
                0x080025cc                LTDC_ER_IRQHandler
                0x080025cc                CAN2_SCE_IRQHandler
                0x080025cc                DMA2_Stream2_IRQHandler
                0x080025cc                SPI1_IRQHandler
                0x080025cc                TIM6_DAC_IRQHandler
                0x080025cc                TIM1_BRK_TIM9_IRQHandler
                0x080025cc                DCMI_IRQHandler
                0x080025cc                CAN2_RX0_IRQHandler
                0x080025cc                DMA2_Stream3_IRQHandler
                0x080025cc                SAI2_IRQHandler
                0x080025cc                DFSDM1_FLT3_IRQHandler
                0x080025cc                USART6_IRQHandler
                0x080025cc                CAN3_RX0_IRQHandler
                0x080025cc                CAN1_RX1_IRQHandler
                0x080025cc                UART5_IRQHandler
                0x080025cc                DMA2_Stream0_IRQHandler
                0x080025cc                TIM4_IRQHandler
                0x080025cc                QUADSPI_IRQHandler
                0x080025cc                I2C1_EV_IRQHandler
                0x080025cc                DMA1_Stream6_IRQHandler
                0x080025cc                DMA1_Stream1_IRQHandler
                0x080025cc                UART4_IRQHandler
                0x080025cc                TIM3_IRQHandler
                0x080025cc                RCC_IRQHandler
                0x080025cc                TIM8_BRK_TIM12_IRQHandler
                0x080025cc                Default_Handler
                0x080025cc                CEC_IRQHandler
                0x080025cc                EXTI15_10_IRQHandler
                0x080025cc                ADC_IRQHandler
                0x080025cc                DMA1_Stream7_IRQHandler
                0x080025cc                SPI5_IRQHandler
                0x080025cc                TIM7_IRQHandler
                0x080025cc                SDMMC1_IRQHandler
                0x080025cc                CAN2_TX_IRQHandler
                0x080025cc                TIM5_IRQHandler
                0x080025cc                DMA2_Stream7_IRQHandler
                0x080025cc                I2C3_EV_IRQHandler
                0x080025cc                EXTI9_5_IRQHandler
                0x080025cc                RTC_WKUP_IRQHandler
                0x080025cc                LTDC_IRQHandler
                0x080025cc                ETH_WKUP_IRQHandler
                0x080025cc                SPDIF_RX_IRQHandler
                0x080025cc                SPI2_IRQHandler
                0x080025cc                OTG_HS_EP1_IN_IRQHandler
                0x080025cc                DMA1_Stream0_IRQHandler
                0x080025cc                CAN1_TX_IRQHandler
                0x080025cc                EXTI4_IRQHandler
                0x080025cc                RNG_IRQHandler
                0x080025cc                ETH_IRQHandler
                0x080025cc                OTG_HS_EP1_OUT_IRQHandler
                0x080025cc                WWDG_IRQHandler
                0x080025cc                SPI6_IRQHandler
                0x080025cc                MDIOS_IRQHandler
                0x080025cc                I2C4_EV_IRQHandler
                0x080025cc                CAN3_TX_IRQHandler
                0x080025cc                TIM2_IRQHandler
                0x080025cc                OTG_FS_WKUP_IRQHandler
                0x080025cc                TIM1_TRG_COM_TIM11_IRQHandler
                0x080025cc                OTG_HS_IRQHandler
                0x080025cc                DMA2D_IRQHandler
                0x080025cc                EXTI1_IRQHandler
                0x080025cc                SDMMC2_IRQHandler
                0x080025cc                UART7_IRQHandler
                0x080025cc                USART2_IRQHandler
                0x080025cc                DFSDM1_FLT0_IRQHandler
                0x080025cc                I2C2_ER_IRQHandler
                0x080025cc                DMA2_Stream1_IRQHandler
                0x080025cc                CAN1_SCE_IRQHandler
                0x080025cc                FLASH_IRQHandler
                0x080025cc                DMA2_Stream4_IRQHandler
                0x080025cc                USART1_IRQHandler
                0x080025cc                OTG_FS_IRQHandler
                0x080025cc                SPI3_IRQHandler
                0x080025cc                DMA1_Stream4_IRQHandler
                0x080025cc                I2C1_ER_IRQHandler
                0x080025cc                FMC_IRQHandler
                0x080025cc                LPTIM1_IRQHandler
                0x080025cc                I2C4_ER_IRQHandler
                0x080025cc                DMA2_Stream6_IRQHandler
                0x080025cc                SAI1_IRQHandler
                0x080025cc                DMA1_Stream3_IRQHandler
 .text.HAL_Init
                0x080025ce       0x1a ./Drivers/STM32F7xx_HAL_Driver/Src/stm32f7xx_hal.o
                0x080025ce                HAL_Init
 .text.HAL_InitTick
                0x080025e8       0x60 ./Drivers/STM32F7xx_HAL_Driver/Src/stm32f7xx_hal.o
                0x080025e8                HAL_InitTick
 .text.HAL_IncTick
                0x08002648       0x28 ./Drivers/STM32F7xx_HAL_Driver/Src/stm32f7xx_hal.o
                0x08002648                HAL_IncTick
 .text.HAL_GetTick
                0x08002670       0x18 ./Drivers/STM32F7xx_HAL_Driver/Src/stm32f7xx_hal.o
                0x08002670                HAL_GetTick
 .text.HAL_ADC_Init
                0x08002688       0x88 ./Drivers/STM32F7xx_HAL_Driver/Src/stm32f7xx_hal_adc.o
                0x08002688                HAL_ADC_Init
 .text.HAL_ADC_ConfigChannel
                0x08002710      0x2b4 ./Drivers/STM32F7xx_HAL_Driver/Src/stm32f7xx_hal_adc.o
                0x08002710                HAL_ADC_ConfigChannel
 .text.ADC_Init
                0x080029c4      0x1f4 ./Drivers/STM32F7xx_HAL_Driver/Src/stm32f7xx_hal_adc.o
 .text.__NVIC_SetPriorityGrouping
                0x08002bb8       0x48 ./Drivers/STM32F7xx_HAL_Driver/Src/stm32f7xx_hal_cortex.o
 .text.__NVIC_GetPriorityGrouping
                0x08002c00       0x1c ./Drivers/STM32F7xx_HAL_Driver/Src/stm32f7xx_hal_cortex.o
 .text.__NVIC_EnableIRQ
                0x08002c1c       0x3c ./Drivers/STM32F7xx_HAL_Driver/Src/stm32f7xx_hal_cortex.o
 .text.__NVIC_SetPriority
                0x08002c58       0x54 ./Drivers/STM32F7xx_HAL_Driver/Src/stm32f7xx_hal_cortex.o
 .text.NVIC_EncodePriority
                0x08002cac       0x66 ./Drivers/STM32F7xx_HAL_Driver/Src/stm32f7xx_hal_cortex.o
 *fill*         0x08002d12        0x2 
 .text.SysTick_Config
                0x08002d14       0x44 ./Drivers/STM32F7xx_HAL_Driver/Src/stm32f7xx_hal_cortex.o
 .text.HAL_NVIC_SetPriorityGrouping
                0x08002d58       0x16 ./Drivers/STM32F7xx_HAL_Driver/Src/stm32f7xx_hal_cortex.o
                0x08002d58                HAL_NVIC_SetPriorityGrouping
 .text.HAL_NVIC_SetPriority
                0x08002d6e       0x38 ./Drivers/STM32F7xx_HAL_Driver/Src/stm32f7xx_hal_cortex.o
                0x08002d6e                HAL_NVIC_SetPriority
 .text.HAL_NVIC_EnableIRQ
                0x08002da6       0x1c ./Drivers/STM32F7xx_HAL_Driver/Src/stm32f7xx_hal_cortex.o
                0x08002da6                HAL_NVIC_EnableIRQ
 .text.HAL_SYSTICK_Config
                0x08002dc2       0x18 ./Drivers/STM32F7xx_HAL_Driver/Src/stm32f7xx_hal_cortex.o
                0x08002dc2                HAL_SYSTICK_Config
 .text.HAL_DMA_Abort
                0x08002dda       0xe0 ./Drivers/STM32F7xx_HAL_Driver/Src/stm32f7xx_hal_dma.o
                0x08002dda                HAL_DMA_Abort
 .text.HAL_DMA_Abort_IT
                0x08002eba       0x44 ./Drivers/STM32F7xx_HAL_Driver/Src/stm32f7xx_hal_dma.o
                0x08002eba                HAL_DMA_Abort_IT
 *fill*         0x08002efe        0x2 
 .text.HAL_GPIO_Init
                0x08002f00      0x358 ./Drivers/STM32F7xx_HAL_Driver/Src/stm32f7xx_hal_gpio.o
                0x08002f00                HAL_GPIO_Init
 .text.HAL_GPIO_WritePin
                0x08003258       0x32 ./Drivers/STM32F7xx_HAL_Driver/Src/stm32f7xx_hal_gpio.o
                0x08003258                HAL_GPIO_WritePin
 *fill*         0x0800328a        0x2 
 .text.HAL_PWREx_EnableOverDrive
                0x0800328c       0xa0 ./Drivers/STM32F7xx_HAL_Driver/Src/stm32f7xx_hal_pwr_ex.o
                0x0800328c                HAL_PWREx_EnableOverDrive
 .text.HAL_RCC_OscConfig
                0x0800332c      0x55c ./Drivers/STM32F7xx_HAL_Driver/Src/stm32f7xx_hal_rcc.o
                0x0800332c                HAL_RCC_OscConfig
 .text.HAL_RCC_ClockConfig
                0x08003888      0x1d8 ./Drivers/STM32F7xx_HAL_Driver/Src/stm32f7xx_hal_rcc.o
                0x08003888                HAL_RCC_ClockConfig
 .text.HAL_RCC_GetSysClockFreq
                0x08003a60      0x20c ./Drivers/STM32F7xx_HAL_Driver/Src/stm32f7xx_hal_rcc.o
                0x08003a60                HAL_RCC_GetSysClockFreq
 .text.HAL_RCC_GetHCLKFreq
                0x08003c6c       0x18 ./Drivers/STM32F7xx_HAL_Driver/Src/stm32f7xx_hal_rcc.o
                0x08003c6c                HAL_RCC_GetHCLKFreq
 .text.HAL_RCC_GetPCLK1Freq
                0x08003c84       0x28 ./Drivers/STM32F7xx_HAL_Driver/Src/stm32f7xx_hal_rcc.o
                0x08003c84                HAL_RCC_GetPCLK1Freq
 .text.HAL_RCC_GetPCLK2Freq
                0x08003cac       0x28 ./Drivers/STM32F7xx_HAL_Driver/Src/stm32f7xx_hal_rcc.o
                0x08003cac                HAL_RCC_GetPCLK2Freq
 .text.HAL_RCCEx_PeriphCLKConfig
                0x08003cd4      0x850 ./Drivers/STM32F7xx_HAL_Driver/Src/stm32f7xx_hal_rcc_ex.o
                0x08003cd4                HAL_RCCEx_PeriphCLKConfig
 .text.HAL_SPI_Init
                0x08004524      0x156 ./Drivers/STM32F7xx_HAL_Driver/Src/stm32f7xx_hal_spi.o
                0x08004524                HAL_SPI_Init
 .text.HAL_TIM_Base_Init
                0x0800467a       0xae ./Drivers/STM32F7xx_HAL_Driver/Src/stm32f7xx_hal_tim.o
                0x0800467a                HAL_TIM_Base_Init
 .text.HAL_TIM_Base_Start
                0x08004728       0xe0 ./Drivers/STM32F7xx_HAL_Driver/Src/stm32f7xx_hal_tim.o
                0x08004728                HAL_TIM_Base_Start
 .text.HAL_TIM_PWM_Init
                0x08004808       0xae ./Drivers/STM32F7xx_HAL_Driver/Src/stm32f7xx_hal_tim.o
                0x08004808                HAL_TIM_PWM_Init
 .text.HAL_TIM_PWM_MspInit
                0x080048b6       0x14 ./Drivers/STM32F7xx_HAL_Driver/Src/stm32f7xx_hal_tim.o
                0x080048b6                HAL_TIM_PWM_MspInit
 *fill*         0x080048ca        0x2 
 .text.HAL_TIM_PWM_Start
                0x080048cc      0x1f4 ./Drivers/STM32F7xx_HAL_Driver/Src/stm32f7xx_hal_tim.o
                0x080048cc                HAL_TIM_PWM_Start
 .text.HAL_TIM_Encoder_Init
                0x08004ac0      0x14c ./Drivers/STM32F7xx_HAL_Driver/Src/stm32f7xx_hal_tim.o
                0x08004ac0                HAL_TIM_Encoder_Init
 .text.HAL_TIM_Encoder_Start
                0x08004c0c      0x11c ./Drivers/STM32F7xx_HAL_Driver/Src/stm32f7xx_hal_tim.o
                0x08004c0c                HAL_TIM_Encoder_Start
 .text.HAL_TIM_PWM_ConfigChannel
                0x08004d28      0x228 ./Drivers/STM32F7xx_HAL_Driver/Src/stm32f7xx_hal_tim.o
                0x08004d28                HAL_TIM_PWM_ConfigChannel
 .text.HAL_TIM_ConfigClockSource
                0x08004f50      0x194 ./Drivers/STM32F7xx_HAL_Driver/Src/stm32f7xx_hal_tim.o
                0x08004f50                HAL_TIM_ConfigClockSource
 .text.TIM_Base_SetConfig
                0x080050e4      0x14c ./Drivers/STM32F7xx_HAL_Driver/Src/stm32f7xx_hal_tim.o
                0x080050e4                TIM_Base_SetConfig
 .text.TIM_OC1_SetConfig
                0x08005230       0xe4 ./Drivers/STM32F7xx_HAL_Driver/Src/stm32f7xx_hal_tim.o
 .text.TIM_OC2_SetConfig
                0x08005314       0xf0 ./Drivers/STM32F7xx_HAL_Driver/Src/stm32f7xx_hal_tim.o
                0x08005314                TIM_OC2_SetConfig
 .text.TIM_OC3_SetConfig
                0x08005404       0xec ./Drivers/STM32F7xx_HAL_Driver/Src/stm32f7xx_hal_tim.o
 .text.TIM_OC4_SetConfig
                0x080054f0       0xb0 ./Drivers/STM32F7xx_HAL_Driver/Src/stm32f7xx_hal_tim.o
 .text.TIM_OC5_SetConfig
                0x080055a0       0xa4 ./Drivers/STM32F7xx_HAL_Driver/Src/stm32f7xx_hal_tim.o
 .text.TIM_OC6_SetConfig
                0x08005644       0xa8 ./Drivers/STM32F7xx_HAL_Driver/Src/stm32f7xx_hal_tim.o
 .text.TIM_TI1_ConfigInputStage
                0x080056ec       0x5e ./Drivers/STM32F7xx_HAL_Driver/Src/stm32f7xx_hal_tim.o
 .text.TIM_TI2_ConfigInputStage
                0x0800574a       0x60 ./Drivers/STM32F7xx_HAL_Driver/Src/stm32f7xx_hal_tim.o
 .text.TIM_ITRx_SetConfig
                0x080057aa       0x36 ./Drivers/STM32F7xx_HAL_Driver/Src/stm32f7xx_hal_tim.o
 .text.TIM_ETR_SetConfig
                0x080057e0       0x40 ./Drivers/STM32F7xx_HAL_Driver/Src/stm32f7xx_hal_tim.o
                0x080057e0                TIM_ETR_SetConfig
 .text.TIM_CCxChannelCmd
                0x08005820       0x4a ./Drivers/STM32F7xx_HAL_Driver/Src/stm32f7xx_hal_tim.o
                0x08005820                TIM_CCxChannelCmd
 *fill*         0x0800586a        0x2 
 .text.HAL_TIMEx_MasterConfigSynchronization
                0x0800586c      0x11c ./Drivers/STM32F7xx_HAL_Driver/Src/stm32f7xx_hal_tim_ex.o
                0x0800586c                HAL_TIMEx_MasterConfigSynchronization
 .text.HAL_TIMEx_ConfigBreakDeadTime
                0x08005988       0xfc ./Drivers/STM32F7xx_HAL_Driver/Src/stm32f7xx_hal_tim_ex.o
                0x08005988                HAL_TIMEx_ConfigBreakDeadTime
 .text.HAL_UART_Init
                0x08005a84       0x9c ./Drivers/STM32F7xx_HAL_Driver/Src/stm32f7xx_hal_uart.o
                0x08005a84                HAL_UART_Init
 .text.HAL_UART_Transmit
                0x08005b20      0x112 ./Drivers/STM32F7xx_HAL_Driver/Src/stm32f7xx_hal_uart.o
                0x08005b20                HAL_UART_Transmit
 .text.HAL_UART_Receive_IT
                0x08005c32       0x88 ./Drivers/STM32F7xx_HAL_Driver/Src/stm32f7xx_hal_uart.o
                0x08005c32                HAL_UART_Receive_IT
 *fill*         0x08005cba        0x2 
 .text.HAL_UART_IRQHandler
                0x08005cbc      0x604 ./Drivers/STM32F7xx_HAL_Driver/Src/stm32f7xx_hal_uart.o
                0x08005cbc                HAL_UART_IRQHandler
 .text.HAL_UART_TxCpltCallback
                0x080062c0       0x14 ./Drivers/STM32F7xx_HAL_Driver/Src/stm32f7xx_hal_uart.o
                0x080062c0                HAL_UART_TxCpltCallback
 .text.HAL_UART_ErrorCallback
                0x080062d4       0x14 ./Drivers/STM32F7xx_HAL_Driver/Src/stm32f7xx_hal_uart.o
                0x080062d4                HAL_UART_ErrorCallback
 .text.HAL_UARTEx_RxEventCallback
                0x080062e8       0x18 ./Drivers/STM32F7xx_HAL_Driver/Src/stm32f7xx_hal_uart.o
                0x080062e8                HAL_UARTEx_RxEventCallback
 .text.HAL_UARTEx_WakeupCallback
                0x08006300       0x14 ./Drivers/STM32F7xx_HAL_Driver/Src/stm32f7xx_hal_uart.o
                0x08006300                HAL_UARTEx_WakeupCallback
 .text.UART_SetConfig
                0x08006314      0x4c8 ./Drivers/STM32F7xx_HAL_Driver/Src/stm32f7xx_hal_uart.o
                0x08006314                UART_SetConfig
 .text.UART_AdvFeatureConfig
                0x080067dc      0x144 ./Drivers/STM32F7xx_HAL_Driver/Src/stm32f7xx_hal_uart.o
                0x080067dc                UART_AdvFeatureConfig
 .text.UART_CheckIdleState
                0x08006920      0x150 ./Drivers/STM32F7xx_HAL_Driver/Src/stm32f7xx_hal_uart.o
                0x08006920                UART_CheckIdleState
 .text.UART_WaitOnFlagUntilTimeout
                0x08006a70       0xda ./Drivers/STM32F7xx_HAL_Driver/Src/stm32f7xx_hal_uart.o
                0x08006a70                UART_WaitOnFlagUntilTimeout
 *fill*         0x08006b4a        0x2 
 .text.UART_Start_Receive_IT
                0x08006b4c      0x18c ./Drivers/STM32F7xx_HAL_Driver/Src/stm32f7xx_hal_uart.o
                0x08006b4c                UART_Start_Receive_IT
 .text.UART_EndRxTransfer
                0x08006cd8       0xc8 ./Drivers/STM32F7xx_HAL_Driver/Src/stm32f7xx_hal_uart.o
 .text.UART_DMAAbortOnError
                0x08006da0       0x24 ./Drivers/STM32F7xx_HAL_Driver/Src/stm32f7xx_hal_uart.o
 .text.UART_EndTransmit_IT
                0x08006dc4       0x54 ./Drivers/STM32F7xx_HAL_Driver/Src/stm32f7xx_hal_uart.o
 .text.UART_RxISR_8BIT
                0x08006e18      0x1a8 ./Drivers/STM32F7xx_HAL_Driver/Src/stm32f7xx_hal_uart.o
 .text.UART_RxISR_16BIT
                0x08006fc0      0x1a8 ./Drivers/STM32F7xx_HAL_Driver/Src/stm32f7xx_hal_uart.o
 .text.memset   0x08007168       0x10 E:/Apps/ST/STM32CubeIDE_1.17.0/STM32CubeIDE/plugins/com.st.stm32cube.ide.mcu.externaltools.gnu-tools-for-stm32.12.3.rel1.win32_1.1.0.202410251130/tools/bin/../lib/gcc/arm-none-eabi/12.3.1/../../../../arm-none-eabi/lib/thumb/v7e-m+dp/hard\libc_nano.a(libc_a-memset.o)
                0x08007168                memset
 .text.__errno  0x08007178        0xc E:/Apps/ST/STM32CubeIDE_1.17.0/STM32CubeIDE/plugins/com.st.stm32cube.ide.mcu.externaltools.gnu-tools-for-stm32.12.3.rel1.win32_1.1.0.202410251130/tools/bin/../lib/gcc/arm-none-eabi/12.3.1/../../../../arm-none-eabi/lib/thumb/v7e-m+dp/hard\libc_nano.a(libc_a-errno.o)
                0x08007178                __errno
 .text.__libc_init_array
                0x08007184       0x48 E:/Apps/ST/STM32CubeIDE_1.17.0/STM32CubeIDE/plugins/com.st.stm32cube.ide.mcu.externaltools.gnu-tools-for-stm32.12.3.rel1.win32_1.1.0.202410251130/tools/bin/../lib/gcc/arm-none-eabi/12.3.1/../../../../arm-none-eabi/lib/thumb/v7e-m+dp/hard\libc_nano.a(libc_a-init.o)
                0x08007184                __libc_init_array
 .text.sinf_poly
                0x080071cc       0x54 E:/Apps/ST/STM32CubeIDE_1.17.0/STM32CubeIDE/plugins/com.st.stm32cube.ide.mcu.externaltools.gnu-tools-for-stm32.12.3.rel1.win32_1.1.0.202410251130/tools/bin/../lib/gcc/arm-none-eabi/12.3.1/../../../../arm-none-eabi/lib/thumb/v7e-m+dp/hard\libm.a(libm_a-sinf.o)
 .text.sinf     0x08007220      0x130 E:/Apps/ST/STM32CubeIDE_1.17.0/STM32CubeIDE/plugins/com.st.stm32cube.ide.mcu.externaltools.gnu-tools-for-stm32.12.3.rel1.win32_1.1.0.202410251130/tools/bin/../lib/gcc/arm-none-eabi/12.3.1/../../../../arm-none-eabi/lib/thumb/v7e-m+dp/hard\libm.a(libm_a-sinf.o)
                0x08007220                sinf
 .text.sinf_poly
                0x08007350       0x54 E:/Apps/ST/STM32CubeIDE_1.17.0/STM32CubeIDE/plugins/com.st.stm32cube.ide.mcu.externaltools.gnu-tools-for-stm32.12.3.rel1.win32_1.1.0.202410251130/tools/bin/../lib/gcc/arm-none-eabi/12.3.1/../../../../arm-none-eabi/lib/thumb/v7e-m+dp/hard\libm.a(libm_a-cosf.o)
 *fill*         0x080073a4        0x4 
 .text.cosf     0x080073a8      0x140 E:/Apps/ST/STM32CubeIDE_1.17.0/STM32CubeIDE/plugins/com.st.stm32cube.ide.mcu.externaltools.gnu-tools-for-stm32.12.3.rel1.win32_1.1.0.202410251130/tools/bin/../lib/gcc/arm-none-eabi/12.3.1/../../../../arm-none-eabi/lib/thumb/v7e-m+dp/hard\libm.a(libm_a-cosf.o)
                0x080073a8                cosf
 .text.with_errnof
                0x080074e8       0x1c E:/Apps/ST/STM32CubeIDE_1.17.0/STM32CubeIDE/plugins/com.st.stm32cube.ide.mcu.externaltools.gnu-tools-for-stm32.12.3.rel1.win32_1.1.0.202410251130/tools/bin/../lib/gcc/arm-none-eabi/12.3.1/../../../../arm-none-eabi/lib/thumb/v7e-m+dp/hard\libm.a(libm_a-math_errf.o)
 .text.__math_invalidf
                0x08007504       0x1e E:/Apps/ST/STM32CubeIDE_1.17.0/STM32CubeIDE/plugins/com.st.stm32cube.ide.mcu.externaltools.gnu-tools-for-stm32.12.3.rel1.win32_1.1.0.202410251130/tools/bin/../lib/gcc/arm-none-eabi/12.3.1/../../../../arm-none-eabi/lib/thumb/v7e-m+dp/hard\libm.a(libm_a-math_errf.o)
                0x08007504                __math_invalidf
 *(.glue_7)
 .glue_7        0x08007522        0x0 linker stubs
 *(.glue_7t)
 .glue_7t       0x08007522        0x0 linker stubs
 *(.eh_frame)
 *fill*         0x08007522        0x2 
 .eh_frame      0x08007524        0x0 E:/Apps/ST/STM32CubeIDE_1.17.0/STM32CubeIDE/plugins/com.st.stm32cube.ide.mcu.externaltools.gnu-tools-for-stm32.12.3.rel1.win32_1.1.0.202410251130/tools/bin/../lib/gcc/arm-none-eabi/12.3.1/thumb/v7e-m+dp/hard/crtbegin.o
 *(.init)
 .init          0x08007524        0x4 E:/Apps/ST/STM32CubeIDE_1.17.0/STM32CubeIDE/plugins/com.st.stm32cube.ide.mcu.externaltools.gnu-tools-for-stm32.12.3.rel1.win32_1.1.0.202410251130/tools/bin/../lib/gcc/arm-none-eabi/12.3.1/thumb/v7e-m+dp/hard/crti.o
                0x08007524                _init
 .init          0x08007528        0x8 E:/Apps/ST/STM32CubeIDE_1.17.0/STM32CubeIDE/plugins/com.st.stm32cube.ide.mcu.externaltools.gnu-tools-for-stm32.12.3.rel1.win32_1.1.0.202410251130/tools/bin/../lib/gcc/arm-none-eabi/12.3.1/thumb/v7e-m+dp/hard/crtn.o
 *(.fini)
 .fini          0x08007530        0x4 E:/Apps/ST/STM32CubeIDE_1.17.0/STM32CubeIDE/plugins/com.st.stm32cube.ide.mcu.externaltools.gnu-tools-for-stm32.12.3.rel1.win32_1.1.0.202410251130/tools/bin/../lib/gcc/arm-none-eabi/12.3.1/thumb/v7e-m+dp/hard/crti.o
                0x08007530                _fini
 .fini          0x08007534        0x8 E:/Apps/ST/STM32CubeIDE_1.17.0/STM32CubeIDE/plugins/com.st.stm32cube.ide.mcu.externaltools.gnu-tools-for-stm32.12.3.rel1.win32_1.1.0.202410251130/tools/bin/../lib/gcc/arm-none-eabi/12.3.1/thumb/v7e-m+dp/hard/crtn.o
                0x0800753c                        . = ALIGN (0x4)
                0x0800753c                        _etext = .

.vfp11_veneer   0x0800753c        0x0
 .vfp11_veneer  0x0800753c        0x0 linker stubs

.v4_bx          0x0800753c        0x0
 .v4_bx         0x0800753c        0x0 linker stubs

.iplt           0x0800753c        0x0
 .iplt          0x0800753c        0x0 E:/Apps/ST/STM32CubeIDE_1.17.0/STM32CubeIDE/plugins/com.st.stm32cube.ide.mcu.externaltools.gnu-tools-for-stm32.12.3.rel1.win32_1.1.0.202410251130/tools/bin/../lib/gcc/arm-none-eabi/12.3.1/thumb/v7e-m+dp/hard/crtbegin.o

.rodata         0x08007540      0x158
                0x08007540                        . = ALIGN (0x4)
 *(.rodata)
 *(.rodata*)
 .rodata.AHBPrescTable
                0x08007540       0x10 ./Core/Src/system_stm32f7xx.o
                0x08007540                AHBPrescTable
 .rodata.APBPrescTable
                0x08007550        0x8 ./Core/Src/system_stm32f7xx.o
                0x08007550                APBPrescTable
 .rodata.__inv_pio4
                0x08007558       0x60 E:/Apps/ST/STM32CubeIDE_1.17.0/STM32CubeIDE/plugins/com.st.stm32cube.ide.mcu.externaltools.gnu-tools-for-stm32.12.3.rel1.win32_1.1.0.202410251130/tools/bin/../lib/gcc/arm-none-eabi/12.3.1/../../../../arm-none-eabi/lib/thumb/v7e-m+dp/hard\libm.a(libm_a-sincosf_data.o)
                0x08007558                __inv_pio4
 .rodata.__sincosf_table
                0x080075b8       0xe0 E:/Apps/ST/STM32CubeIDE_1.17.0/STM32CubeIDE/plugins/com.st.stm32cube.ide.mcu.externaltools.gnu-tools-for-stm32.12.3.rel1.win32_1.1.0.202410251130/tools/bin/../lib/gcc/arm-none-eabi/12.3.1/../../../../arm-none-eabi/lib/thumb/v7e-m+dp/hard\libm.a(libm_a-sincosf_data.o)
                0x080075b8                __sincosf_table
                0x08007698                        . = ALIGN (0x4)

.ARM.extab      0x08007698        0x0
                0x08007698                        . = ALIGN (0x4)
 *(.ARM.extab* .gnu.linkonce.armextab.*)
                0x08007698                        . = ALIGN (0x4)

.ARM            0x08007698        0x8
                0x08007698                        . = ALIGN (0x4)
                0x08007698                        __exidx_start = .
 *(.ARM.exidx*)
 .ARM.exidx     0x08007698        0x8 E:/Apps/ST/STM32CubeIDE_1.17.0/STM32CubeIDE/plugins/com.st.stm32cube.ide.mcu.externaltools.gnu-tools-for-stm32.12.3.rel1.win32_1.1.0.202410251130/tools/bin/../lib/gcc/arm-none-eabi/12.3.1/thumb/v7e-m+dp/hard\libgcc.a(_udivmoddi4.o)
                0x080076a0                        __exidx_end = .
                0x080076a0                        . = ALIGN (0x4)

.preinit_array  0x080076a0        0x0
                0x080076a0                        . = ALIGN (0x4)
                0x080076a0                        PROVIDE (__preinit_array_start = .)
 *(.preinit_array*)
                0x080076a0                        PROVIDE (__preinit_array_end = .)
                0x080076a0                        . = ALIGN (0x4)

.init_array     0x080076a0        0x4
                0x080076a0                        . = ALIGN (0x4)
                0x080076a0                        PROVIDE (__init_array_start = .)
 *(SORT_BY_NAME(.init_array.*))
 *(.init_array*)
 .init_array    0x080076a0        0x4 E:/Apps/ST/STM32CubeIDE_1.17.0/STM32CubeIDE/plugins/com.st.stm32cube.ide.mcu.externaltools.gnu-tools-for-stm32.12.3.rel1.win32_1.1.0.202410251130/tools/bin/../lib/gcc/arm-none-eabi/12.3.1/thumb/v7e-m+dp/hard/crtbegin.o
                0x080076a4                        PROVIDE (__init_array_end = .)
                0x080076a4                        . = ALIGN (0x4)

.fini_array     0x080076a4        0x4
                0x080076a4                        . = ALIGN (0x4)
                [!provide]                        PROVIDE (__fini_array_start = .)
 *(SORT_BY_NAME(.fini_array.*))
 *(.fini_array*)
 .fini_array    0x080076a4        0x4 E:/Apps/ST/STM32CubeIDE_1.17.0/STM32CubeIDE/plugins/com.st.stm32cube.ide.mcu.externaltools.gnu-tools-for-stm32.12.3.rel1.win32_1.1.0.202410251130/tools/bin/../lib/gcc/arm-none-eabi/12.3.1/thumb/v7e-m+dp/hard/crtbegin.o
                [!provide]                        PROVIDE (__fini_array_end = .)
                0x080076a8                        . = ALIGN (0x4)
                0x080076a8                        _sidata = LOADADDR (.data)

.rel.dyn        0x080076a8        0x0
 .rel.iplt      0x080076a8        0x0 E:/Apps/ST/STM32CubeIDE_1.17.0/STM32CubeIDE/plugins/com.st.stm32cube.ide.mcu.externaltools.gnu-tools-for-stm32.12.3.rel1.win32_1.1.0.202410251130/tools/bin/../lib/gcc/arm-none-eabi/12.3.1/thumb/v7e-m+dp/hard/crtbegin.o

.data           0x20000000       0x5c load address 0x080076a8
                0x20000000                        . = ALIGN (0x4)
                0x20000000                        _sdata = .
 *(.data)
 *(.data*)
 .data.SystemCoreClock
                0x20000000        0x4 ./Core/Src/system_stm32f7xx.o
                0x20000000                SystemCoreClock
 .data.uwTickPrio
                0x20000004        0x4 ./Drivers/STM32F7xx_HAL_Driver/Src/stm32f7xx_hal.o
                0x20000004                uwTickPrio
 .data.uwTickFreq
                0x20000008        0x1 ./Drivers/STM32F7xx_HAL_Driver/Src/stm32f7xx_hal.o
                0x20000008                uwTickFreq
 *fill*         0x20000009        0x3 
 .data._impure_ptr
                0x2000000c        0x4 E:/Apps/ST/STM32CubeIDE_1.17.0/STM32CubeIDE/plugins/com.st.stm32cube.ide.mcu.externaltools.gnu-tools-for-stm32.12.3.rel1.win32_1.1.0.202410251130/tools/bin/../lib/gcc/arm-none-eabi/12.3.1/../../../../arm-none-eabi/lib/thumb/v7e-m+dp/hard\libc_nano.a(libc_a-impure.o)
                0x2000000c                _impure_ptr
 .data._impure_data
                0x20000010       0x4c E:/Apps/ST/STM32CubeIDE_1.17.0/STM32CubeIDE/plugins/com.st.stm32cube.ide.mcu.externaltools.gnu-tools-for-stm32.12.3.rel1.win32_1.1.0.202410251130/tools/bin/../lib/gcc/arm-none-eabi/12.3.1/../../../../arm-none-eabi/lib/thumb/v7e-m+dp/hard\libc_nano.a(libc_a-impure.o)
                0x20000010                _impure_data
 *(.RamFunc)
 *(.RamFunc*)
                0x2000005c                        . = ALIGN (0x4)
                0x2000005c                        _edata = .

.igot.plt       0x2000005c        0x0 load address 0x08007704
 .igot.plt      0x2000005c        0x0 E:/Apps/ST/STM32CubeIDE_1.17.0/STM32CubeIDE/plugins/com.st.stm32cube.ide.mcu.externaltools.gnu-tools-for-stm32.12.3.rel1.win32_1.1.0.202410251130/tools/bin/../lib/gcc/arm-none-eabi/12.3.1/thumb/v7e-m+dp/hard/crtbegin.o
                0x2000005c                        . = ALIGN (0x4)

.bss            0x2000005c      0x4d0 load address 0x08007704
                0x2000005c                        _sbss = .
                0x2000005c                        __bss_start__ = _sbss
 *(.bss)
 .bss           0x2000005c       0x1c E:/Apps/ST/STM32CubeIDE_1.17.0/STM32CubeIDE/plugins/com.st.stm32cube.ide.mcu.externaltools.gnu-tools-for-stm32.12.3.rel1.win32_1.1.0.202410251130/tools/bin/../lib/gcc/arm-none-eabi/12.3.1/thumb/v7e-m+dp/hard/crtbegin.o
 *(.bss*)
 .bss.hadc1     0x20000078       0x48 ./Core/Src/adc.o
                0x20000078                hadc1
 .bss.ctrl      0x200000c0       0x30 ./Core/Src/control.o
 .bss.enc_left  0x200000f0       0x10 ./Core/Src/encoder.o
 .bss.enc_right
                0x20000100       0x10 ./Core/Src/encoder.o
 .bss.odom      0x20000110       0x18 ./Core/Src/odometry.o
 .bss.rx_byte   0x20000128        0x1 ./Core/Src/protocol.o
 *fill*         0x20000129        0x1 
 .bss.rx_index  0x2000012a        0x2 ./Core/Src/protocol.o
 .bss.rx_frame  0x2000012c        0xc ./Core/Src/protocol.o
 .bss.rx_state  0x20000138        0x1 ./Core/Src/protocol.o
 .bss.rx_frame_ready
                0x20000139        0x1 ./Core/Src/protocol.o
 *fill*         0x2000013a        0x2 
 .bss.hspi1     0x2000013c       0x64 ./Core/Src/spi.o
                0x2000013c                hspi1
 .bss.htim1     0x200001a0       0x4c ./Core/Src/tim.o
                0x200001a0                htim1
 .bss.htim2     0x200001ec       0x4c ./Core/Src/tim.o
                0x200001ec                htim2
 .bss.htim3     0x20000238       0x4c ./Core/Src/tim.o
                0x20000238                htim3
 .bss.htim4     0x20000284       0x4c ./Core/Src/tim.o
                0x20000284                htim4
 .bss.htim5     0x200002d0       0x4c ./Core/Src/tim.o
                0x200002d0                htim5
 .bss.htim8     0x2000031c       0x4c ./Core/Src/tim.o
                0x2000031c                htim8
 .bss.huart3    0x20000368       0x88 ./Core/Src/usart.o
                0x20000368                huart3
 .bss.uwTick    0x200003f0        0x4 ./Drivers/STM32F7xx_HAL_Driver/Src/stm32f7xx_hal.o
                0x200003f0                uwTick
 .bss.__sf      0x200003f4      0x138 E:/Apps/ST/STM32CubeIDE_1.17.0/STM32CubeIDE/plugins/com.st.stm32cube.ide.mcu.externaltools.gnu-tools-for-stm32.12.3.rel1.win32_1.1.0.202410251130/tools/bin/../lib/gcc/arm-none-eabi/12.3.1/../../../../arm-none-eabi/lib/thumb/v7e-m+dp/hard\libc_nano.a(libc_a-findfp.o)
                0x200003f4                __sf
 *(COMMON)
                0x2000052c                        . = ALIGN (0x4)
                0x2000052c                        _ebss = .
                0x2000052c                        __bss_end__ = _ebss

._user_heap_stack
                0x2000052c      0x604 load address 0x08007704
                0x20000530                        . = ALIGN (0x8)
 *fill*         0x2000052c        0x4 
                [!provide]                        PROVIDE (end = .)
                0x20000530                        PROVIDE (_end = .)
                0x20000730                        . = (. + _Min_Heap_Size)
 *fill*         0x20000530      0x200 
                0x20000b30                        . = (. + _Min_Stack_Size)
 *fill*         0x20000730      0x400 
                0x20000b30                        . = ALIGN (0x8)

/DISCARD/
 libc.a(*)
 libm.a(*)
 libgcc.a(*)

.ARM.attributes
                0x00000000       0x2e
 *(.ARM.attributes)
 .ARM.attributes
                0x00000000       0x20 E:/Apps/ST/STM32CubeIDE_1.17.0/STM32CubeIDE/plugins/com.st.stm32cube.ide.mcu.externaltools.gnu-tools-for-stm32.12.3.rel1.win32_1.1.0.202410251130/tools/bin/../lib/gcc/arm-none-eabi/12.3.1/thumb/v7e-m+dp/hard/crti.o
 .ARM.attributes
                0x00000020       0x32 E:/Apps/ST/STM32CubeIDE_1.17.0/STM32CubeIDE/plugins/com.st.stm32cube.ide.mcu.externaltools.gnu-tools-for-stm32.12.3.rel1.win32_1.1.0.202410251130/tools/bin/../lib/gcc/arm-none-eabi/12.3.1/thumb/v7e-m+dp/hard/crtbegin.o
 .ARM.attributes
                0x00000052       0x32 ./Core/Src/adc.o
 .ARM.attributes
                0x00000084       0x32 ./Core/Src/control.o
 .ARM.attributes
                0x000000b6       0x32 ./Core/Src/encoder.o
 .ARM.attributes
                0x000000e8       0x32 ./Core/Src/gpio.o
 .ARM.attributes
                0x0000011a       0x32 ./Core/Src/main.o
 .ARM.attributes
                0x0000014c       0x32 ./Core/Src/motor.o
 .ARM.attributes
                0x0000017e       0x32 ./Core/Src/odometry.o
 .ARM.attributes
                0x000001b0       0x32 ./Core/Src/protocol.o
 .ARM.attributes
                0x000001e2       0x32 ./Core/Src/spi.o
 .ARM.attributes
                0x00000214       0x32 ./Core/Src/stm32f7xx_hal_msp.o
 .ARM.attributes
                0x00000246       0x32 ./Core/Src/stm32f7xx_it.o
 .ARM.attributes
                0x00000278       0x32 ./Core/Src/system_stm32f7xx.o
 .ARM.attributes
                0x000002aa       0x32 ./Core/Src/tim.o
 .ARM.attributes
                0x000002dc       0x32 ./Core/Src/timebase.o
 .ARM.attributes
                0x0000030e       0x32 ./Core/Src/usart.o
 .ARM.attributes
                0x00000340       0x21 ./Core/Startup/startup_stm32f767zitx.o
 .ARM.attributes
                0x00000361       0x32 ./Drivers/STM32F7xx_HAL_Driver/Src/stm32f7xx_hal.o
 .ARM.attributes
                0x00000393       0x32 ./Drivers/STM32F7xx_HAL_Driver/Src/stm32f7xx_hal_adc.o
 .ARM.attributes
                0x000003c5       0x32 ./Drivers/STM32F7xx_HAL_Driver/Src/stm32f7xx_hal_cortex.o
 .ARM.attributes
                0x000003f7       0x32 ./Drivers/STM32F7xx_HAL_Driver/Src/stm32f7xx_hal_dma.o
 .ARM.attributes
                0x00000429       0x32 ./Drivers/STM32F7xx_HAL_Driver/Src/stm32f7xx_hal_gpio.o
 .ARM.attributes
                0x0000045b       0x32 ./Drivers/STM32F7xx_HAL_Driver/Src/stm32f7xx_hal_pwr_ex.o
 .ARM.attributes
                0x0000048d       0x32 ./Drivers/STM32F7xx_HAL_Driver/Src/stm32f7xx_hal_rcc.o
 .ARM.attributes
                0x000004bf       0x32 ./Drivers/STM32F7xx_HAL_Driver/Src/stm32f7xx_hal_rcc_ex.o
 .ARM.attributes
                0x000004f1       0x32 ./Drivers/STM32F7xx_HAL_Driver/Src/stm32f7xx_hal_spi.o
 .ARM.attributes
                0x00000523       0x32 ./Drivers/STM32F7xx_HAL_Driver/Src/stm32f7xx_hal_tim.o
 .ARM.attributes
                0x00000555       0x32 ./Drivers/STM32F7xx_HAL_Driver/Src/stm32f7xx_hal_tim_ex.o
 .ARM.attributes
                0x00000587       0x32 ./Drivers/STM32F7xx_HAL_Driver/Src/stm32f7xx_hal_uart.o
 .ARM.attributes
                0x000005b9       0x32 E:/Apps/ST/STM32CubeIDE_1.17.0/STM32CubeIDE/plugins/com.st.stm32cube.ide.mcu.externaltools.gnu-tools-for-stm32.12.3.rel1.win32_1.1.0.202410251130/tools/bin/../lib/gcc/arm-none-eabi/12.3.1/../../../../arm-none-eabi/lib/thumb/v7e-m+dp/hard\libc_nano.a(libc_a-findfp.o)
 .ARM.attributes
                0x000005eb       0x32 E:/Apps/ST/STM32CubeIDE_1.17.0/STM32CubeIDE/plugins/com.st.stm32cube.ide.mcu.externaltools.gnu-tools-for-stm32.12.3.rel1.win32_1.1.0.202410251130/tools/bin/../lib/gcc/arm-none-eabi/12.3.1/../../../../arm-none-eabi/lib/thumb/v7e-m+dp/hard\libc_nano.a(libc_a-memset.o)
 .ARM.attributes
                0x0000061d       0x32 E:/Apps/ST/STM32CubeIDE_1.17.0/STM32CubeIDE/plugins/com.st.stm32cube.ide.mcu.externaltools.gnu-tools-for-stm32.12.3.rel1.win32_1.1.0.202410251130/tools/bin/../lib/gcc/arm-none-eabi/12.3.1/../../../../arm-none-eabi/lib/thumb/v7e-m+dp/hard\libc_nano.a(libc_a-impure.o)
 .ARM.attributes
                0x0000064f       0x32 E:/Apps/ST/STM32CubeIDE_1.17.0/STM32CubeIDE/plugins/com.st.stm32cube.ide.mcu.externaltools.gnu-tools-for-stm32.12.3.rel1.win32_1.1.0.202410251130/tools/bin/../lib/gcc/arm-none-eabi/12.3.1/../../../../arm-none-eabi/lib/thumb/v7e-m+dp/hard\libc_nano.a(libc_a-errno.o)
 .ARM.attributes
                0x00000681       0x32 E:/Apps/ST/STM32CubeIDE_1.17.0/STM32CubeIDE/plugins/com.st.stm32cube.ide.mcu.externaltools.gnu-tools-for-stm32.12.3.rel1.win32_1.1.0.202410251130/tools/bin/../lib/gcc/arm-none-eabi/12.3.1/../../../../arm-none-eabi/lib/thumb/v7e-m+dp/hard\libc_nano.a(libc_a-init.o)
 .ARM.attributes
                0x000006b3       0x32 E:/Apps/ST/STM32CubeIDE_1.17.0/STM32CubeIDE/plugins/com.st.stm32cube.ide.mcu.externaltools.gnu-tools-for-stm32.12.3.rel1.win32_1.1.0.202410251130/tools/bin/../lib/gcc/arm-none-eabi/12.3.1/../../../../arm-none-eabi/lib/thumb/v7e-m+dp/hard\libm.a(libm_a-sinf.o)
 .ARM.attributes
                0x000006e5       0x32 E:/Apps/ST/STM32CubeIDE_1.17.0/STM32CubeIDE/plugins/com.st.stm32cube.ide.mcu.externaltools.gnu-tools-for-stm32.12.3.rel1.win32_1.1.0.202410251130/tools/bin/../lib/gcc/arm-none-eabi/12.3.1/../../../../arm-none-eabi/lib/thumb/v7e-m+dp/hard\libm.a(libm_a-cosf.o)
 .ARM.attributes
                0x00000717       0x32 E:/Apps/ST/STM32CubeIDE_1.17.0/STM32CubeIDE/plugins/com.st.stm32cube.ide.mcu.externaltools.gnu-tools-for-stm32.12.3.rel1.win32_1.1.0.202410251130/tools/bin/../lib/gcc/arm-none-eabi/12.3.1/../../../../arm-none-eabi/lib/thumb/v7e-m+dp/hard\libm.a(libm_a-sincosf_data.o)
 .ARM.attributes
                0x00000749       0x32 E:/Apps/ST/STM32CubeIDE_1.17.0/STM32CubeIDE/plugins/com.st.stm32cube.ide.mcu.externaltools.gnu-tools-for-stm32.12.3.rel1.win32_1.1.0.202410251130/tools/bin/../lib/gcc/arm-none-eabi/12.3.1/../../../../arm-none-eabi/lib/thumb/v7e-m+dp/hard\libm.a(libm_a-math_errf.o)
 .ARM.attributes
                0x0000077b       0x20 E:/Apps/ST/STM32CubeIDE_1.17.0/STM32CubeIDE/plugins/com.st.stm32cube.ide.mcu.externaltools.gnu-tools-for-stm32.12.3.rel1.win32_1.1.0.202410251130/tools/bin/../lib/gcc/arm-none-eabi/12.3.1/thumb/v7e-m+dp/hard\libgcc.a(_arm_addsubdf3.o)
 .ARM.attributes
                0x0000079b       0x20 E:/Apps/ST/STM32CubeIDE_1.17.0/STM32CubeIDE/plugins/com.st.stm32cube.ide.mcu.externaltools.gnu-tools-for-stm32.12.3.rel1.win32_1.1.0.202410251130/tools/bin/../lib/gcc/arm-none-eabi/12.3.1/thumb/v7e-m+dp/hard\libgcc.a(_aeabi_uldivmod.o)
 .ARM.attributes
                0x000007bb       0x32 E:/Apps/ST/STM32CubeIDE_1.17.0/STM32CubeIDE/plugins/com.st.stm32cube.ide.mcu.externaltools.gnu-tools-for-stm32.12.3.rel1.win32_1.1.0.202410251130/tools/bin/../lib/gcc/arm-none-eabi/12.3.1/thumb/v7e-m+dp/hard\libgcc.a(_udivmoddi4.o)
 .ARM.attributes
                0x000007ed       0x20 E:/Apps/ST/STM32CubeIDE_1.17.0/STM32CubeIDE/plugins/com.st.stm32cube.ide.mcu.externaltools.gnu-tools-for-stm32.12.3.rel1.win32_1.1.0.202410251130/tools/bin/../lib/gcc/arm-none-eabi/12.3.1/thumb/v7e-m+dp/hard\libgcc.a(_dvmd_tls.o)
 .ARM.attributes
                0x0000080d       0x20 E:/Apps/ST/STM32CubeIDE_1.17.0/STM32CubeIDE/plugins/com.st.stm32cube.ide.mcu.externaltools.gnu-tools-for-stm32.12.3.rel1.win32_1.1.0.202410251130/tools/bin/../lib/gcc/arm-none-eabi/12.3.1/thumb/v7e-m+dp/hard/crtn.o
OUTPUT(f767zi.elf elf32-littlearm)
LOAD linker stubs
LOAD E:/Apps/ST/STM32CubeIDE_1.17.0/STM32CubeIDE/plugins/com.st.stm32cube.ide.mcu.externaltools.gnu-tools-for-stm32.12.3.rel1.win32_1.1.0.202410251130/tools/bin/../lib/gcc/arm-none-eabi/12.3.1/../../../../arm-none-eabi/lib/thumb/v7e-m+dp/hard\libc.a
LOAD E:/Apps/ST/STM32CubeIDE_1.17.0/STM32CubeIDE/plugins/com.st.stm32cube.ide.mcu.externaltools.gnu-tools-for-stm32.12.3.rel1.win32_1.1.0.202410251130/tools/bin/../lib/gcc/arm-none-eabi/12.3.1/../../../../arm-none-eabi/lib/thumb/v7e-m+dp/hard\libm.a
LOAD E:/Apps/ST/STM32CubeIDE_1.17.0/STM32CubeIDE/plugins/com.st.stm32cube.ide.mcu.externaltools.gnu-tools-for-stm32.12.3.rel1.win32_1.1.0.202410251130/tools/bin/../lib/gcc/arm-none-eabi/12.3.1/thumb/v7e-m+dp/hard\libgcc.a

.debug_info     0x00000000    0x161c0
 .debug_info    0x00000000      0x9b9 ./Core/Src/adc.o
 .debug_info    0x000009b9      0x303 ./Core/Src/control.o
 .debug_info    0x00000cbc      0x8b8 ./Core/Src/encoder.o
 .debug_info    0x00001574      0x481 ./Core/Src/gpio.o
 .debug_info    0x000019f5      0xc39 ./Core/Src/main.o
 .debug_info    0x0000262e      0x8df ./Core/Src/motor.o
 .debug_info    0x00002f0d      0x26d ./Core/Src/odometry.o
 .debug_info    0x0000317a      0xc42 ./Core/Src/protocol.o
 .debug_info    0x00003dbc      0x998 ./Core/Src/spi.o
 .debug_info    0x00004754      0x28d ./Core/Src/stm32f7xx_hal_msp.o
 .debug_info    0x000049e1      0x71e ./Core/Src/stm32f7xx_it.o
 .debug_info    0x000050ff      0x6ed ./Core/Src/system_stm32f7xx.o
 .debug_info    0x000057ec     0x1134 ./Core/Src/tim.o
 .debug_info    0x00006920      0x70a ./Core/Src/timebase.o
 .debug_info    0x0000702a      0xf92 ./Core/Src/usart.o
 .debug_info    0x00007fbc       0x30 ./Core/Startup/startup_stm32f767zitx.o
 .debug_info    0x00007fec      0xa4c ./Drivers/STM32F7xx_HAL_Driver/Src/stm32f7xx_hal.o
 .debug_info    0x00008a38      0xc92 ./Drivers/STM32F7xx_HAL_Driver/Src/stm32f7xx_hal_adc.o
 .debug_info    0x000096ca      0xfc0 ./Drivers/STM32F7xx_HAL_Driver/Src/stm32f7xx_hal_cortex.o
 .debug_info    0x0000a68a      0x8e7 ./Drivers/STM32F7xx_HAL_Driver/Src/stm32f7xx_hal_dma.o
 .debug_info    0x0000af71      0x6f3 ./Drivers/STM32F7xx_HAL_Driver/Src/stm32f7xx_hal_gpio.o
 .debug_info    0x0000b664      0x8cd ./Drivers/STM32F7xx_HAL_Driver/Src/stm32f7xx_hal_pwr_ex.o
 .debug_info    0x0000bf31      0x94b ./Drivers/STM32F7xx_HAL_Driver/Src/stm32f7xx_hal_rcc.o
 .debug_info    0x0000c87c      0x6e1 ./Drivers/STM32F7xx_HAL_Driver/Src/stm32f7xx_hal_rcc_ex.o
 .debug_info    0x0000cf5d     0x15c0 ./Drivers/STM32F7xx_HAL_Driver/Src/stm32f7xx_hal_spi.o
 .debug_info    0x0000e51d     0x2ad5 ./Drivers/STM32F7xx_HAL_Driver/Src/stm32f7xx_hal_tim.o
 .debug_info    0x00010ff2     0x16bb ./Drivers/STM32F7xx_HAL_Driver/Src/stm32f7xx_hal_tim_ex.o
 .debug_info    0x000126ad     0x3b13 ./Drivers/STM32F7xx_HAL_Driver/Src/stm32f7xx_hal_uart.o

.debug_abbrev   0x00000000     0x3744
 .debug_abbrev  0x00000000      0x1f3 ./Core/Src/adc.o
 .debug_abbrev  0x000001f3      0x189 ./Core/Src/control.o
 .debug_abbrev  0x0000037c      0x1d2 ./Core/Src/encoder.o
 .debug_abbrev  0x0000054e      0x152 ./Core/Src/gpio.o
 .debug_abbrev  0x000006a0      0x23e ./Core/Src/main.o
 .debug_abbrev  0x000008de      0x1ff ./Core/Src/motor.o
 .debug_abbrev  0x00000add      0x15f ./Core/Src/odometry.o
 .debug_abbrev  0x00000c3c      0x2f8 ./Core/Src/protocol.o
 .debug_abbrev  0x00000f34      0x1fa ./Core/Src/spi.o
 .debug_abbrev  0x0000112e       0xd8 ./Core/Src/stm32f7xx_hal_msp.o
 .debug_abbrev  0x00001206      0x174 ./Core/Src/stm32f7xx_it.o
 .debug_abbrev  0x0000137a      0x13b ./Core/Src/system_stm32f7xx.o
 .debug_abbrev  0x000014b5      0x25b ./Core/Src/tim.o
 .debug_abbrev  0x00001710      0x181 ./Core/Src/timebase.o
 .debug_abbrev  0x00001891      0x218 ./Core/Src/usart.o
 .debug_abbrev  0x00001aa9       0x24 ./Core/Startup/startup_stm32f767zitx.o
 .debug_abbrev  0x00001acd      0x213 ./Drivers/STM32F7xx_HAL_Driver/Src/stm32f7xx_hal.o
 .debug_abbrev  0x00001ce0      0x252 ./Drivers/STM32F7xx_HAL_Driver/Src/stm32f7xx_hal_adc.o
 .debug_abbrev  0x00001f32      0x31e ./Drivers/STM32F7xx_HAL_Driver/Src/stm32f7xx_hal_cortex.o
 .debug_abbrev  0x00002250      0x264 ./Drivers/STM32F7xx_HAL_Driver/Src/stm32f7xx_hal_dma.o
 .debug_abbrev  0x000024b4      0x1d4 ./Drivers/STM32F7xx_HAL_Driver/Src/stm32f7xx_hal_gpio.o
 .debug_abbrev  0x00002688      0x1d5 ./Drivers/STM32F7xx_HAL_Driver/Src/stm32f7xx_hal_pwr_ex.o
 .debug_abbrev  0x0000285d      0x2de ./Drivers/STM32F7xx_HAL_Driver/Src/stm32f7xx_hal_rcc.o
 .debug_abbrev  0x00002b3b      0x1c9 ./Drivers/STM32F7xx_HAL_Driver/Src/stm32f7xx_hal_rcc_ex.o
 .debug_abbrev  0x00002d04      0x25f ./Drivers/STM32F7xx_HAL_Driver/Src/stm32f7xx_hal_spi.o
 .debug_abbrev  0x00002f63      0x278 ./Drivers/STM32F7xx_HAL_Driver/Src/stm32f7xx_hal_tim.o
 .debug_abbrev  0x000031db      0x283 ./Drivers/STM32F7xx_HAL_Driver/Src/stm32f7xx_hal_tim_ex.o
 .debug_abbrev  0x0000345e      0x2e6 ./Drivers/STM32F7xx_HAL_Driver/Src/stm32f7xx_hal_uart.o

.debug_aranges  0x00000000     0x1368
 .debug_aranges
                0x00000000       0x30 ./Core/Src/adc.o
 .debug_aranges
                0x00000030       0x78 ./Core/Src/control.o
 .debug_aranges
                0x000000a8       0x88 ./Core/Src/encoder.o
 .debug_aranges
                0x00000130       0x20 ./Core/Src/gpio.o
 .debug_aranges
                0x00000150       0x38 ./Core/Src/main.o
 .debug_aranges
                0x00000188       0x48 ./Core/Src/motor.o
 .debug_aranges
                0x000001d0       0x60 ./Core/Src/odometry.o
 .debug_aranges
                0x00000230       0x98 ./Core/Src/protocol.o
 .debug_aranges
                0x000002c8       0x30 ./Core/Src/spi.o
 .debug_aranges
                0x000002f8       0x20 ./Core/Src/stm32f7xx_hal_msp.o
 .debug_aranges
                0x00000318       0x68 ./Core/Src/stm32f7xx_it.o
 .debug_aranges
                0x00000380       0x28 ./Core/Src/system_stm32f7xx.o
 .debug_aranges
                0x000003a8       0x70 ./Core/Src/tim.o
 .debug_aranges
                0x00000418       0x30 ./Core/Src/timebase.o
 .debug_aranges
                0x00000448       0x30 ./Core/Src/usart.o
 .debug_aranges
                0x00000478       0x28 ./Core/Startup/startup_stm32f767zitx.o
 .debug_aranges
                0x000004a0      0x110 ./Drivers/STM32F7xx_HAL_Driver/Src/stm32f7xx_hal.o
 .debug_aranges
                0x000005b0       0xe8 ./Drivers/STM32F7xx_HAL_Driver/Src/stm32f7xx_hal_adc.o
 .debug_aranges
                0x00000698      0x128 ./Drivers/STM32F7xx_HAL_Driver/Src/stm32f7xx_hal_cortex.o
 .debug_aranges
                0x000007c0       0x90 ./Drivers/STM32F7xx_HAL_Driver/Src/stm32f7xx_hal_dma.o
 .debug_aranges
                0x00000850       0x58 ./Drivers/STM32F7xx_HAL_Driver/Src/stm32f7xx_hal_gpio.o
 .debug_aranges
                0x000008a8       0x80 ./Drivers/STM32F7xx_HAL_Driver/Src/stm32f7xx_hal_pwr_ex.o
 .debug_aranges
                0x00000928       0x88 ./Drivers/STM32F7xx_HAL_Driver/Src/stm32f7xx_hal_rcc.o
 .debug_aranges
                0x000009b0       0x50 ./Drivers/STM32F7xx_HAL_Driver/Src/stm32f7xx_hal_rcc_ex.o
 .debug_aranges
                0x00000a00      0x1d8 ./Drivers/STM32F7xx_HAL_Driver/Src/stm32f7xx_hal_spi.o
 .debug_aranges
                0x00000bd8      0x3e0 ./Drivers/STM32F7xx_HAL_Driver/Src/stm32f7xx_hal_tim.o
 .debug_aranges
                0x00000fb8      0x180 ./Drivers/STM32F7xx_HAL_Driver/Src/stm32f7xx_hal_tim_ex.o
 .debug_aranges
                0x00001138      0x230 ./Drivers/STM32F7xx_HAL_Driver/Src/stm32f7xx_hal_uart.o

.debug_rnglists
                0x00000000      0xf02
 .debug_rnglists
                0x00000000       0x21 ./Core/Src/adc.o
 .debug_rnglists
                0x00000021       0x57 ./Core/Src/control.o
 .debug_rnglists
                0x00000078       0x62 ./Core/Src/encoder.o
 .debug_rnglists
                0x000000da       0x14 ./Core/Src/gpio.o
 .debug_rnglists
                0x000000ee       0x27 ./Core/Src/main.o
 .debug_rnglists
                0x00000115       0x31 ./Core/Src/motor.o
 .debug_rnglists
                0x00000146       0x44 ./Core/Src/odometry.o
 .debug_rnglists
                0x0000018a       0x72 ./Core/Src/protocol.o
 .debug_rnglists
                0x000001fc       0x20 ./Core/Src/spi.o
 .debug_rnglists
                0x0000021c       0x13 ./Core/Src/stm32f7xx_hal_msp.o
 .debug_rnglists
                0x0000022f       0x49 ./Core/Src/stm32f7xx_it.o
 .debug_rnglists
                0x00000278       0x1a ./Core/Src/system_stm32f7xx.o
 .debug_rnglists
                0x00000292       0x59 ./Core/Src/tim.o
 .debug_rnglists
                0x000002eb       0x1f ./Core/Src/timebase.o
 .debug_rnglists
                0x0000030a       0x20 ./Core/Src/usart.o
 .debug_rnglists
                0x0000032a       0x19 ./Core/Startup/startup_stm32f767zitx.o
 .debug_rnglists
                0x00000343       0xc7 ./Drivers/STM32F7xx_HAL_Driver/Src/stm32f7xx_hal.o
 .debug_rnglists
                0x0000040a       0xb5 ./Drivers/STM32F7xx_HAL_Driver/Src/stm32f7xx_hal_adc.o
 .debug_rnglists
                0x000004bf       0xda ./Drivers/STM32F7xx_HAL_Driver/Src/stm32f7xx_hal_cortex.o
 .debug_rnglists
                0x00000599       0x70 ./Drivers/STM32F7xx_HAL_Driver/Src/stm32f7xx_hal_dma.o
 .debug_rnglists
                0x00000609       0x3f ./Drivers/STM32F7xx_HAL_Driver/Src/stm32f7xx_hal_gpio.o
 .debug_rnglists
                0x00000648       0x5f ./Drivers/STM32F7xx_HAL_Driver/Src/stm32f7xx_hal_pwr_ex.o
 .debug_rnglists
                0x000006a7       0x67 ./Drivers/STM32F7xx_HAL_Driver/Src/stm32f7xx_hal_rcc.o
 .debug_rnglists
                0x0000070e       0x3c ./Drivers/STM32F7xx_HAL_Driver/Src/stm32f7xx_hal_rcc_ex.o
 .debug_rnglists
                0x0000074a      0x178 ./Drivers/STM32F7xx_HAL_Driver/Src/stm32f7xx_hal_spi.o
 .debug_rnglists
                0x000008c2      0x328 ./Drivers/STM32F7xx_HAL_Driver/Src/stm32f7xx_hal_tim.o
 .debug_rnglists
                0x00000bea      0x138 ./Drivers/STM32F7xx_HAL_Driver/Src/stm32f7xx_hal_tim_ex.o
 .debug_rnglists
                0x00000d22      0x1e0 ./Drivers/STM32F7xx_HAL_Driver/Src/stm32f7xx_hal_uart.o

.debug_macro    0x00000000    0x2a7e1
 .debug_macro   0x00000000      0x22a ./Core/Src/adc.o
 .debug_macro   0x0000022a      0xacc ./Core/Src/adc.o
 .debug_macro   0x00000cf6      0x29f ./Core/Src/adc.o
 .debug_macro   0x00000f95       0x2e ./Core/Src/adc.o
 .debug_macro   0x00000fc3       0x3b ./Core/Src/adc.o
 .debug_macro   0x00000ffe       0x22 ./Core/Src/adc.o
 .debug_macro   0x00001020       0x8e ./Core/Src/adc.o
 .debug_macro   0x000010ae       0x51 ./Core/Src/adc.o
 .debug_macro   0x000010ff      0x103 ./Core/Src/adc.o
 .debug_macro   0x00001202       0x6a ./Core/Src/adc.o
 .debug_macro   0x0000126c      0x1df ./Core/Src/adc.o
 .debug_macro   0x0000144b       0x1c ./Core/Src/adc.o
 .debug_macro   0x00001467       0x22 ./Core/Src/adc.o
 .debug_macro   0x00001489       0xd9 ./Core/Src/adc.o
 .debug_macro   0x00001562     0x12cd ./Core/Src/adc.o
 .debug_macro   0x0000282f      0x11f ./Core/Src/adc.o
 .debug_macro   0x0000294e       0x19 ./Core/Src/adc.o
 .debug_macro   0x00002967    0x1aa23 ./Core/Src/adc.o
 .debug_macro   0x0001d38a       0x6d ./Core/Src/adc.o
 .debug_macro   0x0001d3f7     0x375e ./Core/Src/adc.o
 .debug_macro   0x00020b55      0x189 ./Core/Src/adc.o
 .debug_macro   0x00020cde       0x63 ./Core/Src/adc.o
 .debug_macro   0x00020d41     0x1add ./Core/Src/adc.o
 .debug_macro   0x0002281e      0x6c4 ./Core/Src/adc.o
 .debug_macro   0x00022ee2      0x18b ./Core/Src/adc.o
 .debug_macro   0x0002306d      0x115 ./Core/Src/adc.o
 .debug_macro   0x00023182      0x26e ./Core/Src/adc.o
 .debug_macro   0x000233f0       0xa5 ./Core/Src/adc.o
 .debug_macro   0x00023495      0x24f ./Core/Src/adc.o
 .debug_macro   0x000236e4       0x71 ./Core/Src/adc.o
 .debug_macro   0x00023755       0x58 ./Core/Src/adc.o
 .debug_macro   0x000237ad      0x236 ./Core/Src/adc.o
 .debug_macro   0x000239e3      0x416 ./Core/Src/adc.o
 .debug_macro   0x00023df9      0x153 ./Core/Src/adc.o
 .debug_macro   0x00023f4c      0x107 ./Core/Src/adc.o
 .debug_macro   0x00024053      0x14e ./Core/Src/adc.o
 .debug_macro   0x000241a1      0x3db ./Core/Src/adc.o
 .debug_macro   0x0002457c       0x12 ./Core/Src/adc.o
 .debug_macro   0x0002458e      0x22c ./Core/Src/adc.o
 .debug_macro   0x000247ba       0x61 ./Core/Src/adc.o
 .debug_macro   0x0002481b       0xa5 ./Core/Src/adc.o
 .debug_macro   0x000248c0      0x12e ./Core/Src/adc.o
 .debug_macro   0x000249ee      0x108 ./Core/Src/adc.o
 .debug_macro   0x00024af6       0x35 ./Core/Src/adc.o
 .debug_macro   0x00024b2b      0x2fe ./Core/Src/adc.o
 .debug_macro   0x00024e29      0xa91 ./Core/Src/adc.o
 .debug_macro   0x000258ba       0xa9 ./Core/Src/adc.o
 .debug_macro   0x00025963      0x5ba ./Core/Src/adc.o
 .debug_macro   0x00025f1d       0x44 ./Core/Src/adc.o
 .debug_macro   0x00025f61      0x15b ./Core/Src/adc.o
 .debug_macro   0x000260bc      0x13c ./Core/Src/adc.o
 .debug_macro   0x000261f8      0x247 ./Core/Src/control.o
 .debug_macro   0x0002643f       0x6a ./Core/Src/control.o
 .debug_macro   0x000264a9      0x23d ./Core/Src/encoder.o
 .debug_macro   0x000266e6      0x22a ./Core/Src/gpio.o
 .debug_macro   0x00026910      0x292 ./Core/Src/main.o
 .debug_macro   0x00026ba2      0x23d ./Core/Src/motor.o
 .debug_macro   0x00026ddf      0x2fa ./Core/Src/odometry.o
 .debug_macro   0x000270d9       0x61 ./Core/Src/odometry.o
 .debug_macro   0x0002713a       0x29 ./Core/Src/odometry.o
 .debug_macro   0x00027163       0x43 ./Core/Src/odometry.o
 .debug_macro   0x000271a6       0x34 ./Core/Src/odometry.o
 .debug_macro   0x000271da       0x16 ./Core/Src/odometry.o
 .debug_macro   0x000271f0       0x43 ./Core/Src/odometry.o
 .debug_macro   0x00027233       0x34 ./Core/Src/odometry.o
 .debug_macro   0x00027267       0x10 ./Core/Src/odometry.o
 .debug_macro   0x00027277       0x58 ./Core/Src/odometry.o
 .debug_macro   0x000272cf       0x8e ./Core/Src/odometry.o
 .debug_macro   0x0002735d       0x1c ./Core/Src/odometry.o
 .debug_macro   0x00027379      0x177 ./Core/Src/odometry.o
 .debug_macro   0x000274f0      0x369 ./Core/Src/odometry.o
 .debug_macro   0x00027859      0x19b ./Core/Src/odometry.o
 .debug_macro   0x000279f4      0x371 ./Core/Src/protocol.o
 .debug_macro   0x00027d65       0x10 ./Core/Src/protocol.o
 .debug_macro   0x00027d75       0x35 ./Core/Src/protocol.o
 .debug_macro   0x00027daa       0x20 ./Core/Src/protocol.o
 .debug_macro   0x00027dca       0x1c ./Core/Src/protocol.o
 .debug_macro   0x00027de6       0x10 ./Core/Src/protocol.o
 .debug_macro   0x00027df6       0x1c ./Core/Src/protocol.o
 .debug_macro   0x00027e12       0x16 ./Core/Src/protocol.o
 .debug_macro   0x00027e28      0x146 ./Core/Src/protocol.o
 .debug_macro   0x00027f6e      0x22a ./Core/Src/spi.o
 .debug_macro   0x00028198      0x220 ./Core/Src/stm32f7xx_hal_msp.o
 .debug_macro   0x000283b8      0x22a ./Core/Src/stm32f7xx_it.o
 .debug_macro   0x000285e2      0x211 ./Core/Src/system_stm32f7xx.o
 .debug_macro   0x000287f3      0x22a ./Core/Src/tim.o
 .debug_macro   0x00028a1d      0x234 ./Core/Src/timebase.o
 .debug_macro   0x00028c51      0x22a ./Core/Src/usart.o
 .debug_macro   0x00028e7b      0x235 ./Drivers/STM32F7xx_HAL_Driver/Src/stm32f7xx_hal.o
 .debug_macro   0x000290b0      0x212 ./Drivers/STM32F7xx_HAL_Driver/Src/stm32f7xx_hal_adc.o
 .debug_macro   0x000292c2      0x211 ./Drivers/STM32F7xx_HAL_Driver/Src/stm32f7xx_hal_cortex.o
 .debug_macro   0x000294d3      0x217 ./Drivers/STM32F7xx_HAL_Driver/Src/stm32f7xx_hal_dma.o
 .debug_macro   0x000296ea      0x217 ./Drivers/STM32F7xx_HAL_Driver/Src/stm32f7xx_hal_gpio.o
 .debug_macro   0x00029901      0x229 ./Drivers/STM32F7xx_HAL_Driver/Src/stm32f7xx_hal_pwr_ex.o
 .debug_macro   0x00029b2a      0x235 ./Drivers/STM32F7xx_HAL_Driver/Src/stm32f7xx_hal_rcc.o
 .debug_macro   0x00029d5f      0x211 ./Drivers/STM32F7xx_HAL_Driver/Src/stm32f7xx_hal_rcc_ex.o
 .debug_macro   0x00029f70      0x220 ./Drivers/STM32F7xx_HAL_Driver/Src/stm32f7xx_hal_spi.o
 .debug_macro   0x0002a190      0x212 ./Drivers/STM32F7xx_HAL_Driver/Src/stm32f7xx_hal_tim.o
 .debug_macro   0x0002a3a2      0x211 ./Drivers/STM32F7xx_HAL_Driver/Src/stm32f7xx_hal_tim_ex.o
 .debug_macro   0x0002a5b3      0x22e ./Drivers/STM32F7xx_HAL_Driver/Src/stm32f7xx_hal_uart.o

.debug_line     0x00000000    0x1ace2
 .debug_line    0x00000000      0x867 ./Core/Src/adc.o
 .debug_line    0x00000867      0xa06 ./Core/Src/control.o
 .debug_line    0x0000126d      0x9c2 ./Core/Src/encoder.o
 .debug_line    0x00001c2f      0x82e ./Core/Src/gpio.o
 .debug_line    0x0000245d      0x92d ./Core/Src/main.o
 .debug_line    0x00002d8a      0x8a0 ./Core/Src/motor.o
 .debug_line    0x0000362a      0xa71 ./Core/Src/odometry.o
 .debug_line    0x0000409b      0xd0c ./Core/Src/protocol.o
 .debug_line    0x00004da7      0x860 ./Core/Src/spi.o
 .debug_line    0x00005607      0x7e7 ./Core/Src/stm32f7xx_hal_msp.o
 .debug_line    0x00005dee      0x8c2 ./Core/Src/stm32f7xx_it.o
 .debug_line    0x000066b0      0x85b ./Core/Src/system_stm32f7xx.o
 .debug_line    0x00006f0b      0xc33 ./Core/Src/tim.o
 .debug_line    0x00007b3e      0x825 ./Core/Src/timebase.o
 .debug_line    0x00008363      0x86c ./Core/Src/usart.o
 .debug_line    0x00008bcf       0x7a ./Core/Startup/startup_stm32f767zitx.o
 .debug_line    0x00008c49      0xb3a ./Drivers/STM32F7xx_HAL_Driver/Src/stm32f7xx_hal.o
 .debug_line    0x00009783     0x1343 ./Drivers/STM32F7xx_HAL_Driver/Src/stm32f7xx_hal_adc.o
 .debug_line    0x0000aac6      0xdac ./Drivers/STM32F7xx_HAL_Driver/Src/stm32f7xx_hal_cortex.o
 .debug_line    0x0000b872     0x105b ./Drivers/STM32F7xx_HAL_Driver/Src/stm32f7xx_hal_dma.o
 .debug_line    0x0000c8cd      0xc90 ./Drivers/STM32F7xx_HAL_Driver/Src/stm32f7xx_hal_gpio.o
 .debug_line    0x0000d55d      0xa8e ./Drivers/STM32F7xx_HAL_Driver/Src/stm32f7xx_hal_pwr_ex.o
 .debug_line    0x0000dfeb      0xf6a ./Drivers/STM32F7xx_HAL_Driver/Src/stm32f7xx_hal_rcc.o
 .debug_line    0x0000ef55      0xf41 ./Drivers/STM32F7xx_HAL_Driver/Src/stm32f7xx_hal_rcc_ex.o
 .debug_line    0x0000fe96     0x20fa ./Drivers/STM32F7xx_HAL_Driver/Src/stm32f7xx_hal_spi.o
 .debug_line    0x00011f90     0x3dbc ./Drivers/STM32F7xx_HAL_Driver/Src/stm32f7xx_hal_tim.o
 .debug_line    0x00015d4c     0x1ccf ./Drivers/STM32F7xx_HAL_Driver/Src/stm32f7xx_hal_tim_ex.o
 .debug_line    0x00017a1b     0x32c7 ./Drivers/STM32F7xx_HAL_Driver/Src/stm32f7xx_hal_uart.o

.debug_str      0x00000000   0x1041d9
 .debug_str     0x00000000    0xfac8e ./Core/Src/adc.o
                              0xfb3ce (size before relaxing)
 .debug_str     0x000fac8e      0x364 ./Core/Src/control.o
                              0xfb0ae (size before relaxing)
 .debug_str     0x000faff2      0x410 ./Core/Src/encoder.o
                              0xfb5fe (size before relaxing)
 .debug_str     0x000fb402       0x68 ./Core/Src/gpio.o
                              0xfaf5c (size before relaxing)
 .debug_str     0x000fb46a      0x568 ./Core/Src/main.o
                              0xfb772 (size before relaxing)
 .debug_str     0x000fb9d2       0x7e ./Core/Src/motor.o
                              0xfb58f (size before relaxing)
 .debug_str     0x000fba50     0x39f5 ./Core/Src/odometry.o
                              0xfe965 (size before relaxing)
 .debug_str     0x000ff445      0x8fa ./Core/Src/protocol.o
                              0xfee50 (size before relaxing)
 .debug_str     0x000ffd3f      0x1d0 ./Core/Src/spi.o
                              0xfb403 (size before relaxing)
 .debug_str     0x000fff0f       0x2c ./Core/Src/stm32f7xx_hal_msp.o
                              0xfae91 (size before relaxing)
 .debug_str     0x000fff3b       0xef ./Core/Src/stm32f7xx_it.o
                              0xfb2d6 (size before relaxing)
 .debug_str     0x0010002a      0x1a4 ./Core/Src/system_stm32f7xx.o
                              0xfab48 (size before relaxing)
 .debug_str     0x001001ce      0x3b9 ./Core/Src/tim.o
                              0xfb90a (size before relaxing)
 .debug_str     0x00100587       0x3d ./Core/Src/timebase.o
                              0xfb360 (size before relaxing)
 .debug_str     0x001005c4      0x94f ./Core/Src/usart.o
                              0xfbda0 (size before relaxing)
 .debug_str     0x00100f13       0x44 ./Core/Startup/startup_stm32f767zitx.o
                                 0x6b (size before relaxing)
 .debug_str     0x00100f57      0x43b ./Drivers/STM32F7xx_HAL_Driver/Src/stm32f7xx_hal.o
                              0xfb588 (size before relaxing)
 .debug_str     0x00101392      0x2b8 ./Drivers/STM32F7xx_HAL_Driver/Src/stm32f7xx_hal_adc.o
                              0xfb048 (size before relaxing)
 .debug_str     0x0010164a      0x34a ./Drivers/STM32F7xx_HAL_Driver/Src/stm32f7xx_hal_cortex.o
                              0xfb56a (size before relaxing)
 .debug_str     0x00101994      0x301 ./Drivers/STM32F7xx_HAL_Driver/Src/stm32f7xx_hal_dma.o
                              0xfae87 (size before relaxing)
 .debug_str     0x00101c95      0x105 ./Drivers/STM32F7xx_HAL_Driver/Src/stm32f7xx_hal_gpio.o
                              0xfac06 (size before relaxing)
 .debug_str     0x00101d9a      0x1d1 ./Drivers/STM32F7xx_HAL_Driver/Src/stm32f7xx_hal_pwr_ex.o
                              0xfadb7 (size before relaxing)
 .debug_str     0x00101f6b      0x260 ./Drivers/STM32F7xx_HAL_Driver/Src/stm32f7xx_hal_rcc.o
                              0xfaec3 (size before relaxing)
 .debug_str     0x001021cb      0x147 ./Drivers/STM32F7xx_HAL_Driver/Src/stm32f7xx_hal_rcc_ex.o
                              0xfae26 (size before relaxing)
 .debug_str     0x00102312      0x5a7 ./Drivers/STM32F7xx_HAL_Driver/Src/stm32f7xx_hal_spi.o
                              0xfb382 (size before relaxing)
 .debug_str     0x001028b9      0xc92 ./Drivers/STM32F7xx_HAL_Driver/Src/stm32f7xx_hal_tim.o
                              0xfbe6b (size before relaxing)
 .debug_str     0x0010354b      0x4a0 ./Drivers/STM32F7xx_HAL_Driver/Src/stm32f7xx_hal_tim_ex.o
                              0xfb771 (size before relaxing)
 .debug_str     0x001039eb      0x7ee ./Drivers/STM32F7xx_HAL_Driver/Src/stm32f7xx_hal_uart.o
                              0xfb811 (size before relaxing)

.comment        0x00000000       0x43
 .comment       0x00000000       0x43 ./Core/Src/adc.o
                                 0x44 (size before relaxing)
 .comment       0x00000043       0x44 ./Core/Src/control.o
 .comment       0x00000043       0x44 ./Core/Src/encoder.o
 .comment       0x00000043       0x44 ./Core/Src/gpio.o
 .comment       0x00000043       0x44 ./Core/Src/main.o
 .comment       0x00000043       0x44 ./Core/Src/motor.o
 .comment       0x00000043       0x44 ./Core/Src/odometry.o
 .comment       0x00000043       0x44 ./Core/Src/protocol.o
 .comment       0x00000043       0x44 ./Core/Src/spi.o
 .comment       0x00000043       0x44 ./Core/Src/stm32f7xx_hal_msp.o
 .comment       0x00000043       0x44 ./Core/Src/stm32f7xx_it.o
 .comment       0x00000043       0x44 ./Core/Src/system_stm32f7xx.o
 .comment       0x00000043       0x44 ./Core/Src/tim.o
 .comment       0x00000043       0x44 ./Core/Src/timebase.o
 .comment       0x00000043       0x44 ./Core/Src/usart.o
 .comment       0x00000043       0x44 ./Drivers/STM32F7xx_HAL_Driver/Src/stm32f7xx_hal.o
 .comment       0x00000043       0x44 ./Drivers/STM32F7xx_HAL_Driver/Src/stm32f7xx_hal_adc.o
 .comment       0x00000043       0x44 ./Drivers/STM32F7xx_HAL_Driver/Src/stm32f7xx_hal_cortex.o
 .comment       0x00000043       0x44 ./Drivers/STM32F7xx_HAL_Driver/Src/stm32f7xx_hal_dma.o
 .comment       0x00000043       0x44 ./Drivers/STM32F7xx_HAL_Driver/Src/stm32f7xx_hal_gpio.o
 .comment       0x00000043       0x44 ./Drivers/STM32F7xx_HAL_Driver/Src/stm32f7xx_hal_pwr_ex.o
 .comment       0x00000043       0x44 ./Drivers/STM32F7xx_HAL_Driver/Src/stm32f7xx_hal_rcc.o
 .comment       0x00000043       0x44 ./Drivers/STM32F7xx_HAL_Driver/Src/stm32f7xx_hal_rcc_ex.o
 .comment       0x00000043       0x44 ./Drivers/STM32F7xx_HAL_Driver/Src/stm32f7xx_hal_spi.o
 .comment       0x00000043       0x44 ./Drivers/STM32F7xx_HAL_Driver/Src/stm32f7xx_hal_tim.o
 .comment       0x00000043       0x44 ./Drivers/STM32F7xx_HAL_Driver/Src/stm32f7xx_hal_tim_ex.o
 .comment       0x00000043       0x44 ./Drivers/STM32F7xx_HAL_Driver/Src/stm32f7xx_hal_uart.o

.debug_frame    0x00000000     0x5264
 .debug_frame   0x00000000       0x7c ./Core/Src/adc.o
 .debug_frame   0x0000007c      0x1a4 ./Core/Src/control.o
 .debug_frame   0x00000220      0x1cc ./Core/Src/encoder.o
 .debug_frame   0x000003ec       0x34 ./Core/Src/gpio.o
 .debug_frame   0x00000420       0xa0 ./Core/Src/main.o
 .debug_frame   0x000004c0       0xe0 ./Core/Src/motor.o
 .debug_frame   0x000005a0      0x148 ./Core/Src/odometry.o
 .debug_frame   0x000006e8      0x24c ./Core/Src/protocol.o
 .debug_frame   0x00000934       0x74 ./Core/Src/spi.o
 .debug_frame   0x000009a8       0x38 ./Core/Src/stm32f7xx_hal_msp.o
 .debug_frame   0x000009e0      0x120 ./Core/Src/stm32f7xx_it.o
 .debug_frame   0x00000b00       0x58 ./Core/Src/system_stm32f7xx.o
 .debug_frame   0x00000b58      0x1a4 ./Core/Src/tim.o
 .debug_frame   0x00000cfc       0x6c ./Core/Src/timebase.o
 .debug_frame   0x00000d68       0x78 ./Core/Src/usart.o
 .debug_frame   0x00000de0      0x3f4 ./Drivers/STM32F7xx_HAL_Driver/Src/stm32f7xx_hal.o
 .debug_frame   0x000011d4      0x3fc ./Drivers/STM32F7xx_HAL_Driver/Src/stm32f7xx_hal_adc.o
 .debug_frame   0x000015d0      0x4e8 ./Drivers/STM32F7xx_HAL_Driver/Src/stm32f7xx_hal_cortex.o
 .debug_frame   0x00001ab8      0x250 ./Drivers/STM32F7xx_HAL_Driver/Src/stm32f7xx_hal_dma.o
 .debug_frame   0x00001d08      0x14c ./Drivers/STM32F7xx_HAL_Driver/Src/stm32f7xx_hal_gpio.o
 .debug_frame   0x00001e54      0x1c8 ./Drivers/STM32F7xx_HAL_Driver/Src/stm32f7xx_hal_pwr_ex.o
 .debug_frame   0x0000201c      0x1f8 ./Drivers/STM32F7xx_HAL_Driver/Src/stm32f7xx_hal_rcc.o
 .debug_frame   0x00002214      0x118 ./Drivers/STM32F7xx_HAL_Driver/Src/stm32f7xx_hal_rcc_ex.o
 .debug_frame   0x0000232c      0x860 ./Drivers/STM32F7xx_HAL_Driver/Src/stm32f7xx_hal_spi.o
 .debug_frame   0x00002b8c     0x121c ./Drivers/STM32F7xx_HAL_Driver/Src/stm32f7xx_hal_tim.o
 .debug_frame   0x00003da8      0x6b0 ./Drivers/STM32F7xx_HAL_Driver/Src/stm32f7xx_hal_tim_ex.o
 .debug_frame   0x00004458      0xa10 ./Drivers/STM32F7xx_HAL_Driver/Src/stm32f7xx_hal_uart.o
 .debug_frame   0x00004e68      0x144 E:/Apps/ST/STM32CubeIDE_1.17.0/STM32CubeIDE/plugins/com.st.stm32cube.ide.mcu.externaltools.gnu-tools-for-stm32.12.3.rel1.win32_1.1.0.202410251130/tools/bin/../lib/gcc/arm-none-eabi/12.3.1/../../../../arm-none-eabi/lib/thumb/v7e-m+dp/hard\libc_nano.a(libc_a-findfp.o)
 .debug_frame   0x00004fac       0x20 E:/Apps/ST/STM32CubeIDE_1.17.0/STM32CubeIDE/plugins/com.st.stm32cube.ide.mcu.externaltools.gnu-tools-for-stm32.12.3.rel1.win32_1.1.0.202410251130/tools/bin/../lib/gcc/arm-none-eabi/12.3.1/../../../../arm-none-eabi/lib/thumb/v7e-m+dp/hard\libc_nano.a(libc_a-memset.o)
 .debug_frame   0x00004fcc       0x20 E:/Apps/ST/STM32CubeIDE_1.17.0/STM32CubeIDE/plugins/com.st.stm32cube.ide.mcu.externaltools.gnu-tools-for-stm32.12.3.rel1.win32_1.1.0.202410251130/tools/bin/../lib/gcc/arm-none-eabi/12.3.1/../../../../arm-none-eabi/lib/thumb/v7e-m+dp/hard\libc_nano.a(libc_a-errno.o)
 .debug_frame   0x00004fec       0x2c E:/Apps/ST/STM32CubeIDE_1.17.0/STM32CubeIDE/plugins/com.st.stm32cube.ide.mcu.externaltools.gnu-tools-for-stm32.12.3.rel1.win32_1.1.0.202410251130/tools/bin/../lib/gcc/arm-none-eabi/12.3.1/../../../../arm-none-eabi/lib/thumb/v7e-m+dp/hard\libc_nano.a(libc_a-init.o)
 .debug_frame   0x00005018       0x58 E:/Apps/ST/STM32CubeIDE_1.17.0/STM32CubeIDE/plugins/com.st.stm32cube.ide.mcu.externaltools.gnu-tools-for-stm32.12.3.rel1.win32_1.1.0.202410251130/tools/bin/../lib/gcc/arm-none-eabi/12.3.1/../../../../arm-none-eabi/lib/thumb/v7e-m+dp/hard\libm.a(libm_a-sinf.o)
 .debug_frame   0x00005070       0x50 E:/Apps/ST/STM32CubeIDE_1.17.0/STM32CubeIDE/plugins/com.st.stm32cube.ide.mcu.externaltools.gnu-tools-for-stm32.12.3.rel1.win32_1.1.0.202410251130/tools/bin/../lib/gcc/arm-none-eabi/12.3.1/../../../../arm-none-eabi/lib/thumb/v7e-m+dp/hard\libm.a(libm_a-cosf.o)
 .debug_frame   0x000050c0       0x98 E:/Apps/ST/STM32CubeIDE_1.17.0/STM32CubeIDE/plugins/com.st.stm32cube.ide.mcu.externaltools.gnu-tools-for-stm32.12.3.rel1.win32_1.1.0.202410251130/tools/bin/../lib/gcc/arm-none-eabi/12.3.1/../../../../arm-none-eabi/lib/thumb/v7e-m+dp/hard\libm.a(libm_a-math_errf.o)
 .debug_frame   0x00005158       0xac E:/Apps/ST/STM32CubeIDE_1.17.0/STM32CubeIDE/plugins/com.st.stm32cube.ide.mcu.externaltools.gnu-tools-for-stm32.12.3.rel1.win32_1.1.0.202410251130/tools/bin/../lib/gcc/arm-none-eabi/12.3.1/thumb/v7e-m+dp/hard\libgcc.a(_arm_addsubdf3.o)
 .debug_frame   0x00005204       0x2c E:/Apps/ST/STM32CubeIDE_1.17.0/STM32CubeIDE/plugins/com.st.stm32cube.ide.mcu.externaltools.gnu-tools-for-stm32.12.3.rel1.win32_1.1.0.202410251130/tools/bin/../lib/gcc/arm-none-eabi/12.3.1/thumb/v7e-m+dp/hard\libgcc.a(_aeabi_uldivmod.o)
 .debug_frame   0x00005230       0x34 E:/Apps/ST/STM32CubeIDE_1.17.0/STM32CubeIDE/plugins/com.st.stm32cube.ide.mcu.externaltools.gnu-tools-for-stm32.12.3.rel1.win32_1.1.0.202410251130/tools/bin/../lib/gcc/arm-none-eabi/12.3.1/thumb/v7e-m+dp/hard\libgcc.a(_udivmoddi4.o)

.debug_line_str
                0x00000000       0x4f
 .debug_line_str
                0x00000000       0x4f ./Core/Startup/startup_stm32f767zitx.o
