Archive member included to satisfy reference by file (symbol)

E:/Apps/ST/STM32CubeIDE_1.17.0/STM32CubeIDE/plugins/com.st.stm32cube.ide.mcu.externaltools.gnu-tools-for-stm32.12.3.rel1.win32_1.1.0.202410251130/tools/bin/../lib/gcc/arm-none-eabi/12.3.1/../../../../arm-none-eabi/lib/thumb/v7e-m+dp/hard\libc_nano.a(libc_a-exit.o)
                              E:/Apps/ST/STM32CubeIDE_1.17.0/STM32CubeIDE/plugins/com.st.stm32cube.ide.mcu.externaltools.gnu-tools-for-stm32.12.3.rel1.win32_1.1.0.202410251130/tools/bin/../lib/gcc/arm-none-eabi/12.3.1/../../../../arm-none-eabi/lib/thumb/v7e-m+dp/hard/crt0.o (exit)
E:/Apps/ST/STM32CubeIDE_1.17.0/STM32CubeIDE/plugins/com.st.stm32cube.ide.mcu.externaltools.gnu-tools-for-stm32.12.3.rel1.win32_1.1.0.202410251130/tools/bin/../lib/gcc/arm-none-eabi/12.3.1/../../../../arm-none-eabi/lib/thumb/v7e-m+dp/hard\libc_nano.a(libc_a-findfp.o)
                              E:/Apps/ST/STM32CubeIDE_1.17.0/STM32CubeIDE/plugins/com.st.stm32cube.ide.mcu.externaltools.gnu-tools-for-stm32.12.3.rel1.win32_1.1.0.202410251130/tools/bin/../lib/gcc/arm-none-eabi/12.3.1/../../../../arm-none-eabi/lib/thumb/v7e-m+dp/hard\libc_nano.a(libc_a-exit.o) (__stdio_exit_handler)
E:/Apps/ST/STM32CubeIDE_1.17.0/STM32CubeIDE/plugins/com.st.stm32cube.ide.mcu.externaltools.gnu-tools-for-stm32.12.3.rel1.win32_1.1.0.202410251130/tools/bin/../lib/gcc/arm-none-eabi/12.3.1/../../../../arm-none-eabi/lib/thumb/v7e-m+dp/hard\libc_nano.a(libc_a-fwalk.o)
                              E:/Apps/ST/STM32CubeIDE_1.17.0/STM32CubeIDE/plugins/com.st.stm32cube.ide.mcu.externaltools.gnu-tools-for-stm32.12.3.rel1.win32_1.1.0.202410251130/tools/bin/../lib/gcc/arm-none-eabi/12.3.1/../../../../arm-none-eabi/lib/thumb/v7e-m+dp/hard\libc_nano.a(libc_a-findfp.o) (_fwalk_sglue)
E:/Apps/ST/STM32CubeIDE_1.17.0/STM32CubeIDE/plugins/com.st.stm32cube.ide.mcu.externaltools.gnu-tools-for-stm32.12.3.rel1.win32_1.1.0.202410251130/tools/bin/../lib/gcc/arm-none-eabi/12.3.1/../../../../arm-none-eabi/lib/thumb/v7e-m+dp/hard\libc_nano.a(libc_a-stdio.o)
                              E:/Apps/ST/STM32CubeIDE_1.17.0/STM32CubeIDE/plugins/com.st.stm32cube.ide.mcu.externaltools.gnu-tools-for-stm32.12.3.rel1.win32_1.1.0.202410251130/tools/bin/../lib/gcc/arm-none-eabi/12.3.1/../../../../arm-none-eabi/lib/thumb/v7e-m+dp/hard\libc_nano.a(libc_a-findfp.o) (__sread)
E:/Apps/ST/STM32CubeIDE_1.17.0/STM32CubeIDE/plugins/com.st.stm32cube.ide.mcu.externaltools.gnu-tools-for-stm32.12.3.rel1.win32_1.1.0.202410251130/tools/bin/../lib/gcc/arm-none-eabi/12.3.1/../../../../arm-none-eabi/lib/thumb/v7e-m+dp/hard\libc_nano.a(libc_a-memset.o)
                              E:/Apps/ST/STM32CubeIDE_1.17.0/STM32CubeIDE/plugins/com.st.stm32cube.ide.mcu.externaltools.gnu-tools-for-stm32.12.3.rel1.win32_1.1.0.202410251130/tools/bin/../lib/gcc/arm-none-eabi/12.3.1/../../../../arm-none-eabi/lib/thumb/v7e-m+dp/hard/crt0.o (memset)
E:/Apps/ST/STM32CubeIDE_1.17.0/STM32CubeIDE/plugins/com.st.stm32cube.ide.mcu.externaltools.gnu-tools-for-stm32.12.3.rel1.win32_1.1.0.202410251130/tools/bin/../lib/gcc/arm-none-eabi/12.3.1/../../../../arm-none-eabi/lib/thumb/v7e-m+dp/hard\libc_nano.a(libc_a-closer.o)
                              E:/Apps/ST/STM32CubeIDE_1.17.0/STM32CubeIDE/plugins/com.st.stm32cube.ide.mcu.externaltools.gnu-tools-for-stm32.12.3.rel1.win32_1.1.0.202410251130/tools/bin/../lib/gcc/arm-none-eabi/12.3.1/../../../../arm-none-eabi/lib/thumb/v7e-m+dp/hard\libc_nano.a(libc_a-stdio.o) (_close_r)
E:/Apps/ST/STM32CubeIDE_1.17.0/STM32CubeIDE/plugins/com.st.stm32cube.ide.mcu.externaltools.gnu-tools-for-stm32.12.3.rel1.win32_1.1.0.202410251130/tools/bin/../lib/gcc/arm-none-eabi/12.3.1/../../../../arm-none-eabi/lib/thumb/v7e-m+dp/hard\libc_nano.a(libc_a-reent.o)
                              E:/Apps/ST/STM32CubeIDE_1.17.0/STM32CubeIDE/plugins/com.st.stm32cube.ide.mcu.externaltools.gnu-tools-for-stm32.12.3.rel1.win32_1.1.0.202410251130/tools/bin/../lib/gcc/arm-none-eabi/12.3.1/../../../../arm-none-eabi/lib/thumb/v7e-m+dp/hard\libc_nano.a(libc_a-closer.o) (errno)
E:/Apps/ST/STM32CubeIDE_1.17.0/STM32CubeIDE/plugins/com.st.stm32cube.ide.mcu.externaltools.gnu-tools-for-stm32.12.3.rel1.win32_1.1.0.202410251130/tools/bin/../lib/gcc/arm-none-eabi/12.3.1/../../../../arm-none-eabi/lib/thumb/v7e-m+dp/hard\libc_nano.a(libc_a-impure.o)
                              E:/Apps/ST/STM32CubeIDE_1.17.0/STM32CubeIDE/plugins/com.st.stm32cube.ide.mcu.externaltools.gnu-tools-for-stm32.12.3.rel1.win32_1.1.0.202410251130/tools/bin/../lib/gcc/arm-none-eabi/12.3.1/../../../../arm-none-eabi/lib/thumb/v7e-m+dp/hard\libc_nano.a(libc_a-reent.o) (_impure_ptr)
E:/Apps/ST/STM32CubeIDE_1.17.0/STM32CubeIDE/plugins/com.st.stm32cube.ide.mcu.externaltools.gnu-tools-for-stm32.12.3.rel1.win32_1.1.0.202410251130/tools/bin/../lib/gcc/arm-none-eabi/12.3.1/../../../../arm-none-eabi/lib/thumb/v7e-m+dp/hard\libc_nano.a(libc_a-lseekr.o)
[...]
Memory Configuration

Name             Origin             Length             Attributes
RAM              0x20000000         0x00080000         xrw
FLASH            0x08000000         0x00200000         xr
*default*        0x00000000         0xffffffff

Linker script and memory map

LOAD E:/Apps/ST/STM32CubeIDE_1.17.0/STM32CubeIDE/plugins/com.st.stm32cube.ide.mcu.externaltools.gnu-tools-for-stm32.12.3.rel1.win32_1.1.0.202410251130/tools/bin/../lib/gcc/arm-none-eabi/12.3.1/thumb/v7e-m+dp/hard/crti.o
LOAD E:/Apps/ST/STM32CubeIDE_1.17.0/STM32CubeIDE/plugins/com.st.stm32cube.ide.mcu.externaltools.gnu-tools-for-stm32.12.3.rel1.win32_1.1.0.202410251130/tools/bin/../lib/gcc/arm-none-eabi/12.3.1/thumb/v7e-m+dp/hard/crtbegin.o
LOAD E:/Apps/ST/STM32CubeIDE_1.17.0/STM32CubeIDE/plugins/com.st.stm32cube.ide.mcu.externaltools.gnu-tools-for-stm32.12.3.rel1.win32_1.1.0.202410251130/tools/bin/../lib/gcc/arm-none-eabi/12.3.1/../../../../arm-none-eabi/lib/thumb/v7e-m+dp/hard/crt0.o
LOAD ./Core/Src/adc.o
LOAD ./Core/Src/control.o
LOAD ./Core/Src/encoder.o
LOAD ./Core/Src/gpio.o
LOAD ./Core/Src/main.o
LOAD ./Core/Src/motor.o
LOAD ./Core/Src/odometry.o
LOAD ./Core/Src/protocol.o
LOAD ./Core/Src/spi.o
LOAD ./Core/Src/stm32f7xx_hal_msp.o
LOAD ./Core/Src/stm32f7xx_it.o
LOAD ./Core/Src/syscalls.o
LOAD ./Core/Src/sysmem.o
LOAD ./Core/Src/system_stm32f7xx.o
LOAD ./Core/Src/tim.o
LOAD ./Core/Src/timebase.o
LOAD ./Core/Src/usart.o
LOAD ./Core/Startup/startup_stm32f767zitx.o
LOAD ./Drivers/STM32F7xx_HAL_Driver/Src/stm32f7xx_hal.o
LOAD ./Drivers/STM32F7xx_HAL_Driver/Src/stm32f7xx_hal_adc.o
LOAD ./Drivers/STM32F7xx_HAL_Driver/Src/stm32f7xx_hal_adc_ex.o
LOAD ./Drivers/STM32F7xx_HAL_Driver/Src/stm32f7xx_hal_cortex.o
LOAD ./Drivers/STM32F7xx_HAL_Driver/Src/stm32f7xx_hal_dma.o
LOAD ./Drivers/STM32F7xx_HAL_Driver/Src/stm32f7xx_hal_dma_ex.o
LOAD ./Drivers/STM32F7xx_HAL_Driver/Src/stm32f7xx_hal_exti.o
LOAD ./Drivers/STM32F7xx_HAL_Driver/Src/stm32f7xx_hal_flash.o
LOAD ./Drivers/STM32F7xx_HAL_Driver/Src/stm32f7xx_hal_flash_ex.o
LOAD ./Drivers/STM32F7xx_HAL_Driver/Src/stm32f7xx_hal_gpio.o
LOAD ./Drivers/STM32F7xx_HAL_Driver/Src/stm32f7xx_hal_i2c.o
LOAD ./Drivers/STM32F7xx_HAL_Driver/Src/stm32f7xx_hal_i2c_ex.o
LOAD ./Drivers/STM32F7xx_HAL_Driver/Src/stm32f7xx_hal_pwr.o
LOAD ./Drivers/STM32F7xx_HAL_Driver/Src/stm32f7xx_hal_pwr_ex.o
LOAD ./Drivers/STM32F7xx_HAL_Driver/Src/stm32f7xx_hal_rcc.o
LOAD ./Drivers/STM32F7xx_HAL_Driver/Src/stm32f7xx_hal_rcc_ex.o
LOAD ./Drivers/STM32F7xx_HAL_Driver/Src/stm32f7xx_hal_spi.o
LOAD ./Drivers/STM32F7xx_HAL_Driver/Src/stm32f7xx_hal_spi_ex.o
LOAD ./Drivers/STM32F7xx_HAL_Driver/Src/stm32f7xx_hal_tim.o
LOAD ./Drivers/STM32F7xx_HAL_Driver/Src/stm32f7xx_hal_tim_ex.o
LOAD ./Drivers/STM32F7xx_HAL_Driver/Src/stm32f7xx_hal_uart.o
LOAD ./Drivers/STM32F7xx_HAL_Driver/Src/stm32f7xx_hal_uart_ex.o
START GROUP
LOAD E:/Apps/ST/STM32CubeIDE_1.17.0/STM32CubeIDE/plugins/com.st.stm32cube.ide.mcu.externaltools.gnu-tools-for-stm32.12.3.rel1.win32_1.1.0.202410251130/tools/bin/../lib/gcc/arm-none-eabi/12.3.1/../../../../arm-none-eabi/lib/thumb/v7e-m+dp/hard\libc_nano.a
LOAD E:/Apps/ST/STM32CubeIDE_1.17.0/STM32CubeIDE/plugins/com.st.stm32cube.ide.mcu.externaltools.gnu-tools-for-stm32.12.3.rel1.win32_1.1.0.202410251130/tools/bin/../lib/gcc/arm-none-eabi/12.3.1/../../../../arm-none-eabi/lib/thumb/v7e-m+dp/hard\libm.a
END GROUP
START GROUP
LOAD E:/Apps/ST/STM32CubeIDE_1.17.0/STM32CubeIDE/plugins/com.st.stm32cube.ide.mcu.externaltools.gnu-tools-for-stm32.12.3.rel1.win32_1.1.0.202410251130/tools/bin/../lib/gcc/arm-none-eabi/12.3.1/thumb/v7e-m+dp/hard\libgcc.a
LOAD E:/Apps/ST/STM32CubeIDE_1.17.0/STM32CubeIDE/plugins/com.st.stm32cube.ide.mcu.externaltools.gnu-tools-for-stm32.12.3.rel1.win32_1.1.0.202410251130/tools/bin/../lib/gcc/arm-none-eabi/12.3.1/../../../../arm-none-eabi/lib/thumb/v7e-m+dp/hard\libc_nano.a
END GROUP
START GROUP
LOAD E:/Apps/ST/STM32CubeIDE_1.17.0/STM32CubeIDE/plugins/com.st.stm32cube.ide.mcu.externaltools.gnu-tools-for-stm32.12.3.rel1.win32_1.1.0.202410251130/tools/bin/../lib/gcc/arm-none-eabi/12.3.1/thumb/v7e-m+dp/hard\libgcc.a
LOAD E:/Apps/ST/STM32CubeIDE_1.17.0/STM32CubeIDE/plugins/com.st.stm32cube.ide.mcu.externaltools.gnu-tools-for-stm32.12.3.rel1.win32_1.1.0.202410251130/tools/bin/../lib/gcc/arm-none-eabi/12.3.1/../../../../arm-none-eabi/lib/thumb/v7e-m+dp/hard\libc_nano.a
LOAD E:/Apps/ST/STM32CubeIDE_1.17.0/STM32CubeIDE/plugins/com.st.stm32cube.ide.mcu.externaltools.gnu-tools-for-stm32.12.3.rel1.win32_1.1.0.202410251130/tools/bin/../lib/gcc/arm-none-eabi/12.3.1/../../../../arm-none-eabi/lib/thumb/v7e-m+dp/hard\libnosys.a
END GROUP
START GROUP
LOAD E:/Apps/ST/STM32CubeIDE_1.17.0/STM32CubeIDE/plugins/com.st.stm32cube.ide.mcu.externaltools.gnu-tools-for-stm32.12.3.rel1.win32_1.1.0.202410251130/tools/bin/../lib/gcc/arm-none-eabi/12.3.1/thumb/v7e-m+dp/hard\libgcc.a
LOAD E:/Apps/ST/STM32CubeIDE_1.17.0/STM32CubeIDE/plugins/com.st.stm32cube.ide.mcu.externaltools.gnu-tools-for-stm32.12.3.rel1.win32_1.1.0.202410251130/tools/bin/../lib/gcc/arm-none-eabi/12.3.1/../../../../arm-none-eabi/lib/thumb/v7e-m+dp/hard\libc_nano.a
LOAD E:/Apps/ST/STM32CubeIDE_1.17.0/STM32CubeIDE/plugins/com.st.stm32cube.ide.mcu.externaltools.gnu-tools-for-stm32.12.3.rel1.win32_1.1.0.202410251130/tools/bin/../lib/gcc/arm-none-eabi/12.3.1/../../../../arm-none-eabi/lib/thumb/v7e-m+dp/hard\libnosys.a
END GROUP
LOAD E:/Apps/ST/STM32CubeIDE_1.17.0/STM32CubeIDE/plugins/com.st.stm32cube.ide.mcu.externaltools.gnu-tools-for-stm32.12.3.rel1.win32_1.1.0.202410251130/tools/bin/../lib/gcc/arm-none-eabi/12.3.1/thumb/v7e-m+dp/hard/crtend.o
LOAD E:/Apps/ST/STM32CubeIDE_1.17.0/STM32CubeIDE/plugins/com.st.stm32cube.ide.mcu.externaltools.gnu-tools-for-stm32.12.3.rel1.win32_1.1.0.202410251130/tools/bin/../lib/gcc/arm-none-eabi/12.3.1/thumb/v7e-m+dp/hard/crtn.o
                0x20080000                        _estack = (ORIGIN (RAM) + LENGTH (RAM))
                0x00000200                        _Min_Heap_Size = 0x200
                0x00000400                        _Min_Stack_Size = 0x400

.isr_vector     0x08000000      0x1f8
                0x08000000                        . = ALIGN (0x4)
 *(.isr_vector)
 .isr_vector    0x08000000      0x1f8 ./Core/Startup/startup_stm32f767zitx.o
                0x08000000                g_pfnVectors
                0x080001f8                        . = ALIGN (0x4)

.text           0x080001f8     0x730c
                0x080001f8                        . = ALIGN (0x4)
 *(.text)
 .text          0x080001f8       0x40 E:/Apps/ST/STM32CubeIDE_1.17.0/STM32CubeIDE/plugins/com.st.stm32cube.ide.mcu.externaltools.gnu-tools-for-stm32.12.3.rel1.win32_1.1.0.202410251130/tools/bin/../lib/gcc/arm-none-eabi/12.3.1/thumb/v7e-m+dp/hard/crtbegin.o
 .text          0x08000238      0x378 E:/Apps/ST/STM32CubeIDE_1.17.0/STM32CubeIDE/plugins/com.st.stm32cube.ide.mcu.externaltools.gnu-tools-for-stm32.12.3.rel1.win32_1.1.0.202410251130/tools/bin/../lib/gcc/arm-none-eabi/12.3.1/thumb/v7e-m+dp/hard\libgcc.a(_arm_addsubdf3.o)
                0x08000238                __aeabi_drsub
                0x08000240                __aeabi_dsub
                0x08000240                __subdf3
                0x08000244                __aeabi_dadd
                0x08000244                __adddf3
                0x080004bc                __floatunsidf
                0x080004bc                __aeabi_ui2d
                0x080004dc                __floatsidf
                0x080004dc                __aeabi_i2d
                0x08000500                __aeabi_f2d
                0x08000500                __extendsfdf2
                0x08000544                __floatundidf
                0x08000544                __aeabi_ul2d
                0x08000554                __floatdidf
                0x08000554                __aeabi_l2d
 .text          0x080005b0       0x30 E:/Apps/ST/STM32CubeIDE_1.17.0/STM32CubeIDE/plugins/com.st.stm32cube.ide.mcu.externaltools.gnu-tools-for-stm32.12.3.rel1.win32_1.1.0.202410251130/tools/bin/../lib/gcc/arm-none-eabi/12.3.1/thumb/v7e-m+dp/hard\libgcc.a(_aeabi_uldivmod.o)
                0x080005b0                __aeabi_uldivmod
 .text          0x080005e0      0x2bc E:/Apps/ST/STM32CubeIDE_1.17.0/STM32CubeIDE/plugins/com.st.stm32cube.ide.mcu.externaltools.gnu-tools-for-stm32.12.3.rel1.win32_1.1.0.202410251130/tools/bin/../lib/gcc/arm-none-eabi/12.3.1/thumb/v7e-m+dp/hard\libgcc.a(_udivmoddi4.o)
                0x080005e0                __udivmoddi4
 .text          0x0800089c        0x4 E:/Apps/ST/STM32CubeIDE_1.17.0/STM32CubeIDE/plugins/com.st.stm32cube.ide.mcu.externaltools.gnu-tools-for-stm32.12.3.rel1.win32_1.1.0.202410251130/tools/bin/../lib/gcc/arm-none-eabi/12.3.1/thumb/v7e-m+dp/hard\libgcc.a(_dvmd_tls.o)
                0x0800089c                __aeabi_idiv0
                0x0800089c                __aeabi_ldiv0
 *(.text*)
 .text.MX_ADC1_Init
                0x080008a0       0xa4 ./Core/Src/adc.o
                0x080008a0                MX_ADC1_Init
 .text.HAL_ADC_MspInit
                0x08000944       0x80 ./Core/Src/adc.o
                0x08000944                HAL_ADC_MspInit
 .text.ClampFloat
                0x080009c4       0x52 ./Core/Src/control.o
 *fill*         0x08000a16        0x2 
 .text.Control_Init
                0x08000a18       0x70 ./Core/Src/control.o
                0x08000a18                Control_Init
 .text.Control_SetTargetVW
                0x08000a88       0xc0 ./Core/Src/control.o
                0x08000a88                Control_SetTargetVW
 .text.Control_Update
                0x08000b48      0x1d4 ./Core/Src/control.o
                0x08000b48                Control_Update
 .text.Encoder_CalcRPM
                0x08000d1c       0x40 ./Core/Src/encoder.o
 .text.Encoder_Init
                0x08000d5c       0x7c ./Core/Src/encoder.o
                0x08000d5c                Encoder_Init
 .text.Encoder_Update
                0x08000dd8       0xc4 ./Core/Src/encoder.o
                0x08000dd8                Encoder_Update
 .text.Encoder_Left_GetDelta
                0x08000e9c       0x18 ./Core/Src/encoder.o
                0x08000e9c                Encoder_Left_GetDelta
 .text.Encoder_Left_GetRpm
                0x08000eb4       0x1c ./Core/Src/encoder.o
                0x08000eb4                Encoder_Left_GetRpm
 .text.Encoder_Right_GetDelta
                0x08000ed0       0x20 ./Core/Src/encoder.o
                0x08000ed0                Encoder_Right_GetDelta
 .text.Encoder_Right_GetRpm
                0x08000ef0       0x20 ./Core/Src/encoder.o
                0x08000ef0                Encoder_Right_GetRpm
 .text.MX_GPIO_Init
                0x08000f10      0x19c ./Core/Src/gpio.o
                0x08000f10                MX_GPIO_Init
 .text.main     0x080010ac       0xda ./Core/Src/main.o
                0x080010ac                main
 *fill*         0x08001186        0x2 
 .text.SystemClock_Config
                0x08001188       0xdc ./Core/Src/main.o
                0x08001188                SystemClock_Config
 .text.HAL_UART_RxCpltCallback
                0x08001264       0x16 ./Core/Src/main.o
                0x08001264                HAL_UART_RxCpltCallback
 .text.Error_Handler
                0x0800127a        0xc ./Core/Src/main.o
                0x0800127a                Error_Handler
 .text.Motor_AbsClampPWM
                0x08001286       0x34 ./Core/Src/motor.o
 *fill*         0x080012ba        0x2 
 .text.Motor_Init
                0x080012bc       0x20 ./Core/Src/motor.o
                0x080012bc                Motor_Init
 .text.Motor_Left_SetCommand
                0x080012dc       0x54 ./Core/Src/motor.o
                0x080012dc                Motor_Left_SetCommand
 .text.Motor_Right_SetCommand
                0x08001330       0x54 ./Core/Src/motor.o
                0x08001330                Motor_Right_SetCommand
 .text.Motor_Both_SetCommand
                0x08001384       0x2c ./Core/Src/motor.o
                0x08001384                Motor_Both_SetCommand
 .text.Motor_StopAll
                0x080013b0       0x24 ./Core/Src/motor.o
                0x080013b0                Motor_StopAll
 .text.Odometry_NormalizeAngle
                0x080013d4       0x74 ./Core/Src/odometry.o
 .text.Odometry_Init
                0x08001448       0x3c ./Core/Src/odometry.o
                0x08001448                Odometry_Init
 .text.Odometry_Update
                0x08001484      0x13c ./Core/Src/odometry.o
                0x08001484                Odometry_Update
 .text.Odometry_GetX
                0x080015c0       0x1c ./Core/Src/odometry.o
                0x080015c0                Odometry_GetX
 .text.Odometry_GetY
                0x080015dc       0x1c ./Core/Src/odometry.o
                0x080015dc                Odometry_GetY
 .text.Odometry_GetYaw
                0x080015f8       0x1c ./Core/Src/odometry.o
                0x080015f8                Odometry_GetYaw
 .text.Odometry_GetV
                0x08001614       0x1c ./Core/Src/odometry.o
                0x08001614                Odometry_GetV
 .text.Odometry_GetW
                0x08001630       0x1c ./Core/Src/odometry.o
                0x08001630                Odometry_GetW
 .text.Protocol_StartReceiveIT
                0x0800164c       0x1c ./Core/Src/protocol.o
 .text.Protocol_WriteU32LE
                0x08001668       0x42 ./Core/Src/protocol.o
 .text.Protocol_WriteFloatLE
                0x080016aa       0x22 ./Core/Src/protocol.o
 .text.Protocol_ReadFloatLE
                0x080016cc       0x42 ./Core/Src/protocol.o
 .text.Protocol_Checksum8
                0x0800170e       0x40 ./Core/Src/protocol.o
 *fill*         0x0800174e        0x2 
 .text.Protocol_Init
                0x08001750       0x38 ./Core/Src/protocol.o
                0x08001750                Protocol_Init
 .text.Protocol_SendOdometryBinary
                0x08001788       0xb4 ./Core/Src/protocol.o
                0x08001788                Protocol_SendOdometryBinary
 .text.Protocol_RxCallback
                0x0800183c       0xec ./Core/Src/protocol.o
                0x0800183c                Protocol_RxCallback
 .text.Protocol_Process
                0x08001928       0x80 ./Core/Src/protocol.o
                0x08001928                Protocol_Process
 .text.MX_SPI1_Init
                0x080019a8       0x7c ./Core/Src/spi.o
                0x080019a8                MX_SPI1_Init
 .text.HAL_SPI_MspInit
                0x08001a24       0x88 ./Core/Src/spi.o
                0x08001a24                HAL_SPI_MspInit
 .text.HAL_MspInit
                0x08001aac       0x48 ./Core/Src/stm32f7xx_hal_msp.o
                0x08001aac                HAL_MspInit
 .text.NMI_Handler
                0x08001af4        0x8 ./Core/Src/stm32f7xx_it.o
                0x08001af4                NMI_Handler
 .text.HardFault_Handler
                0x08001afc        0x8 ./Core/Src/stm32f7xx_it.o
                0x08001afc                HardFault_Handler
 .text.MemManage_Handler
                0x08001b04        0x8 ./Core/Src/stm32f7xx_it.o
                0x08001b04                MemManage_Handler
 .text.BusFault_Handler
                0x08001b0c        0x8 ./Core/Src/stm32f7xx_it.o
                0x08001b0c                BusFault_Handler
 .text.UsageFault_Handler
                0x08001b14        0x8 ./Core/Src/stm32f7xx_it.o
                0x08001b14                UsageFault_Handler
 .text.SVC_Handler
                0x08001b1c        0xe ./Core/Src/stm32f7xx_it.o
                0x08001b1c                SVC_Handler
 .text.DebugMon_Handler
                0x08001b2a        0xe ./Core/Src/stm32f7xx_it.o
                0x08001b2a                DebugMon_Handler
 .text.PendSV_Handler
                0x08001b38        0xe ./Core/Src/stm32f7xx_it.o
                0x08001b38                PendSV_Handler
 .text.SysTick_Handler
                0x08001b46        0xc ./Core/Src/stm32f7xx_it.o
                0x08001b46                SysTick_Handler
 *fill*         0x08001b52        0x2 
 .text.USART3_IRQHandler
                0x08001b54       0x14 ./Core/Src/stm32f7xx_it.o
                0x08001b54                USART3_IRQHandler
 .text.SystemInit
                0x08001b68       0x24 ./Core/Src/system_stm32f7xx.o
                0x08001b68                SystemInit
 .text.MX_TIM1_Init
                0x08001b8c      0x170 ./Core/Src/tim.o
                0x08001b8c                MX_TIM1_Init
 .text.MX_TIM2_Init
                0x08001cfc       0x9c ./Core/Src/tim.o
                0x08001cfc                MX_TIM2_Init
 .text.MX_TIM3_Init
                0x08001d98       0xac ./Core/Src/tim.o
                0x08001d98                MX_TIM3_Init
 .text.MX_TIM4_Init
                0x08001e44       0xac ./Core/Src/tim.o
                0x08001e44                MX_TIM4_Init
 .text.MX_TIM5_Init
                0x08001ef0       0xf0 ./Core/Src/tim.o
                0x08001ef0                MX_TIM5_Init
 .text.MX_TIM8_Init
                0x08001fe0      0x158 ./Core/Src/tim.o
                0x08001fe0                MX_TIM8_Init
 .text.HAL_TIM_Base_MspInit
                0x08002138       0xb4 ./Core/Src/tim.o
                0x08002138                HAL_TIM_Base_MspInit
 .text.HAL_TIM_Encoder_MspInit
                0x080021ec       0xec ./Core/Src/tim.o
                0x080021ec                HAL_TIM_Encoder_MspInit
 .text.HAL_TIM_MspPostInit
                0x080022d8      0x10c ./Core/Src/tim.o
                0x080022d8                HAL_TIM_MspPostInit
 .text.Timebase_Init
                0x080023e4       0x14 ./Core/Src/timebase.o
                0x080023e4                Timebase_Init
 .text.Timebase_GetMicros
                0x080023f8       0x18 ./Core/Src/timebase.o
                0x080023f8                Timebase_GetMicros
 .text.MX_USART3_UART_Init
                0x08002410       0x60 ./Core/Src/usart.o
                0x08002410                MX_USART3_UART_Init
 .text.HAL_UART_MspInit
                0x08002470       0xd0 ./Core/Src/usart.o
                0x08002470                HAL_UART_MspInit
 .text.Reset_Handler
                0x08002540       0x50 ./Core/Startup/startup_stm32f767zitx.o
                0x08002540                Reset_Handler
 .text.Default_Handler
                0x08002590        0x2 ./Core/Startup/startup_stm32f767zitx.o
                0x08002590                RTC_Alarm_IRQHandler
                0x08002590                EXTI2_IRQHandler
                0x08002590                TIM8_CC_IRQHandler
                0x08002590                UART8_IRQHandler
                0x08002590                SPI4_IRQHandler
                0x08002590                TIM1_CC_IRQHandler
                0x08002590                DMA2_Stream5_IRQHandler
                0x08002590                JPEG_IRQHandler
                0x08002590                DMA1_Stream5_IRQHandler
                0x08002590                CAN3_RX1_IRQHandler
                0x08002590                PVD_IRQHandler
                0x08002590                TAMP_STAMP_IRQHandler
                0x08002590                CAN2_RX1_IRQHandler
                0x08002590                EXTI3_IRQHandler
                0x08002590                TIM8_TRG_COM_TIM14_IRQHandler
                0x08002590                DFSDM1_FLT1_IRQHandler
                0x08002590                TIM1_UP_TIM10_IRQHandler
                0x08002590                TIM8_UP_TIM13_IRQHandler
                0x08002590                I2C3_ER_IRQHandler
                0x08002590                DFSDM1_FLT2_IRQHandler
                0x08002590                EXTI0_IRQHandler
                0x08002590                I2C2_EV_IRQHandler
                0x08002590                DMA1_Stream2_IRQHandler
                0x08002590                CAN1_RX0_IRQHandler
                0x08002590                FPU_IRQHandler
                0x08002590                OTG_HS_WKUP_IRQHandler
                0x08002590                CAN3_SCE_IRQHandler
                0x08002590                LTDC_ER_IRQHandler
                0x08002590                CAN2_SCE_IRQHandler
                0x08002590                DMA2_Stream2_IRQHandler
                0x08002590                SPI1_IRQHandler
                0x08002590                TIM6_DAC_IRQHandler
                0x08002590                TIM1_BRK_TIM9_IRQHandler
                0x08002590                DCMI_IRQHandler
                0x08002590                CAN2_RX0_IRQHandler
                0x08002590                DMA2_Stream3_IRQHandler
                0x08002590                SAI2_IRQHandler
                0x08002590                DFSDM1_FLT3_IRQHandler
                0x08002590                USART6_IRQHandler
                0x08002590                CAN3_RX0_IRQHandler
                0x08002590                CAN1_RX1_IRQHandler
                0x08002590                UART5_IRQHandler
                0x08002590                DMA2_Stream0_IRQHandler
                0x08002590                TIM4_IRQHandler
                0x08002590                QUADSPI_IRQHandler
                0x08002590                I2C1_EV_IRQHandler
                0x08002590                DMA1_Stream6_IRQHandler
                0x08002590                DMA1_Stream1_IRQHandler
                0x08002590                UART4_IRQHandler
                0x08002590                TIM3_IRQHandler
                0x08002590                RCC_IRQHandler
                0x08002590                TIM8_BRK_TIM12_IRQHandler
                0x08002590                Default_Handler
                0x08002590                CEC_IRQHandler
                0x08002590                EXTI15_10_IRQHandler
                0x08002590                ADC_IRQHandler
                0x08002590                DMA1_Stream7_IRQHandler
                0x08002590                SPI5_IRQHandler
                0x08002590                TIM7_IRQHandler
                0x08002590                SDMMC1_IRQHandler
                0x08002590                CAN2_TX_IRQHandler
                0x08002590                TIM5_IRQHandler
                0x08002590                DMA2_Stream7_IRQHandler
                0x08002590                I2C3_EV_IRQHandler
                0x08002590                EXTI9_5_IRQHandler
                0x08002590                RTC_WKUP_IRQHandler
                0x08002590                LTDC_IRQHandler
                0x08002590                ETH_WKUP_IRQHandler
                0x08002590                SPDIF_RX_IRQHandler
                0x08002590                SPI2_IRQHandler
                0x08002590                OTG_HS_EP1_IN_IRQHandler
                0x08002590                DMA1_Stream0_IRQHandler
                0x08002590                CAN1_TX_IRQHandler
                0x08002590                EXTI4_IRQHandler
                0x08002590                RNG_IRQHandler
                0x08002590                ETH_IRQHandler
                0x08002590                OTG_HS_EP1_OUT_IRQHandler
                0x08002590                WWDG_IRQHandler
                0x08002590                SPI6_IRQHandler
                0x08002590                MDIOS_IRQHandler
                0x08002590                I2C4_EV_IRQHandler
                0x08002590                CAN3_TX_IRQHandler
                0x08002590                TIM2_IRQHandler
                0x08002590                OTG_FS_WKUP_IRQHandler
                0x08002590                TIM1_TRG_COM_TIM11_IRQHandler
                0x08002590                OTG_HS_IRQHandler
                0x08002590                DMA2D_IRQHandler
                0x08002590                EXTI1_IRQHandler
                0x08002590                SDMMC2_IRQHandler
                0x08002590                UART7_IRQHandler
                0x08002590                USART2_IRQHandler
                0x08002590                DFSDM1_FLT0_IRQHandler
                0x08002590                I2C2_ER_IRQHandler
                0x08002590                DMA2_Stream1_IRQHandler
                0x08002590                CAN1_SCE_IRQHandler
                0x08002590                FLASH_IRQHandler
                0x08002590                DMA2_Stream4_IRQHandler
                0x08002590                USART1_IRQHandler
                0x08002590                OTG_FS_IRQHandler
                0x08002590                SPI3_IRQHandler
                0x08002590                DMA1_Stream4_IRQHandler
                0x08002590                I2C1_ER_IRQHandler
                0x08002590                FMC_IRQHandler
                0x08002590                LPTIM1_IRQHandler
                0x08002590                I2C4_ER_IRQHandler
                0x08002590                DMA2_Stream6_IRQHandler
                0x08002590                SAI1_IRQHandler
                0x08002590                DMA1_Stream3_IRQHandler
 .text.HAL_Init
                0x08002592       0x1a ./Drivers/STM32F7xx_HAL_Driver/Src/stm32f7xx_hal.o
                0x08002592                HAL_Init
 .text.HAL_InitTick
                0x080025ac       0x60 ./Drivers/STM32F7xx_HAL_Driver/Src/stm32f7xx_hal.o
                0x080025ac                HAL_InitTick
 .text.HAL_IncTick
                0x0800260c       0x28 ./Drivers/STM32F7xx_HAL_Driver/Src/stm32f7xx_hal.o
                0x0800260c                HAL_IncTick
 .text.HAL_GetTick
                0x08002634       0x18 ./Drivers/STM32F7xx_HAL_Driver/Src/stm32f7xx_hal.o
                0x08002634                HAL_GetTick
 .text.HAL_ADC_Init
                0x0800264c       0x88 ./Drivers/STM32F7xx_HAL_Driver/Src/stm32f7xx_hal_adc.o
                0x0800264c                HAL_ADC_Init
 .text.HAL_ADC_ConfigChannel
                0x080026d4      0x2b4 ./Drivers/STM32F7xx_HAL_Driver/Src/stm32f7xx_hal_adc.o
                0x080026d4                HAL_ADC_ConfigChannel
 .text.ADC_Init
                0x08002988      0x1f4 ./Drivers/STM32F7xx_HAL_Driver/Src/stm32f7xx_hal_adc.o
 .text.__NVIC_SetPriorityGrouping
                0x08002b7c       0x48 ./Drivers/STM32F7xx_HAL_Driver/Src/stm32f7xx_hal_cortex.o
 .text.__NVIC_GetPriorityGrouping
                0x08002bc4       0x1c ./Drivers/STM32F7xx_HAL_Driver/Src/stm32f7xx_hal_cortex.o
 .text.__NVIC_EnableIRQ
                0x08002be0       0x3c ./Drivers/STM32F7xx_HAL_Driver/Src/stm32f7xx_hal_cortex.o
 .text.__NVIC_SetPriority
                0x08002c1c       0x54 ./Drivers/STM32F7xx_HAL_Driver/Src/stm32f7xx_hal_cortex.o
 .text.NVIC_EncodePriority
                0x08002c70       0x66 ./Drivers/STM32F7xx_HAL_Driver/Src/stm32f7xx_hal_cortex.o
 *fill*         0x08002cd6        0x2 
 .text.SysTick_Config
                0x08002cd8       0x44 ./Drivers/STM32F7xx_HAL_Driver/Src/stm32f7xx_hal_cortex.o
 .text.HAL_NVIC_SetPriorityGrouping
                0x08002d1c       0x16 ./Drivers/STM32F7xx_HAL_Driver/Src/stm32f7xx_hal_cortex.o
                0x08002d1c                HAL_NVIC_SetPriorityGrouping
 .text.HAL_NVIC_SetPriority
                0x08002d32       0x38 ./Drivers/STM32F7xx_HAL_Driver/Src/stm32f7xx_hal_cortex.o
                0x08002d32                HAL_NVIC_SetPriority
 .text.HAL_NVIC_EnableIRQ
                0x08002d6a       0x1c ./Drivers/STM32F7xx_HAL_Driver/Src/stm32f7xx_hal_cortex.o
                0x08002d6a                HAL_NVIC_EnableIRQ
 .text.HAL_SYSTICK_Config
                0x08002d86       0x18 ./Drivers/STM32F7xx_HAL_Driver/Src/stm32f7xx_hal_cortex.o
                0x08002d86                HAL_SYSTICK_Config
 .text.HAL_DMA_Abort
                0x08002d9e       0xe0 ./Drivers/STM32F7xx_HAL_Driver/Src/stm32f7xx_hal_dma.o
                0x08002d9e                HAL_DMA_Abort
 .text.HAL_DMA_Abort_IT
                0x08002e7e       0x44 ./Drivers/STM32F7xx_HAL_Driver/Src/stm32f7xx_hal_dma.o
                0x08002e7e                HAL_DMA_Abort_IT
 *fill*         0x08002ec2        0x2 
 .text.HAL_GPIO_Init
                0x08002ec4      0x358 ./Drivers/STM32F7xx_HAL_Driver/Src/stm32f7xx_hal_gpio.o
                0x08002ec4                HAL_GPIO_Init
 .text.HAL_GPIO_WritePin
                0x0800321c       0x32 ./Drivers/STM32F7xx_HAL_Driver/Src/stm32f7xx_hal_gpio.o
                0x0800321c                HAL_GPIO_WritePin
 *fill*         0x0800324e        0x2 
 .text.HAL_PWREx_EnableOverDrive
                0x08003250       0xa0 ./Drivers/STM32F7xx_HAL_Driver/Src/stm32f7xx_hal_pwr_ex.o
                0x08003250                HAL_PWREx_EnableOverDrive
 .text.HAL_RCC_OscConfig
                0x080032f0      0x55c ./Drivers/STM32F7xx_HAL_Driver/Src/stm32f7xx_hal_rcc.o
                0x080032f0                HAL_RCC_OscConfig
 .text.HAL_RCC_ClockConfig
                0x0800384c      0x1d8 ./Drivers/STM32F7xx_HAL_Driver/Src/stm32f7xx_hal_rcc.o
                0x0800384c                HAL_RCC_ClockConfig
 .text.HAL_RCC_GetSysClockFreq
                0x08003a24      0x20c ./Drivers/STM32F7xx_HAL_Driver/Src/stm32f7xx_hal_rcc.o
                0x08003a24                HAL_RCC_GetSysClockFreq
 .text.HAL_RCC_GetHCLKFreq
                0x08003c30       0x18 ./Drivers/STM32F7xx_HAL_Driver/Src/stm32f7xx_hal_rcc.o
                0x08003c30                HAL_RCC_GetHCLKFreq
 .text.HAL_RCC_GetPCLK1Freq
                0x08003c48       0x28 ./Drivers/STM32F7xx_HAL_Driver/Src/stm32f7xx_hal_rcc.o
                0x08003c48                HAL_RCC_GetPCLK1Freq
 .text.HAL_RCC_GetPCLK2Freq
                0x08003c70       0x28 ./Drivers/STM32F7xx_HAL_Driver/Src/stm32f7xx_hal_rcc.o
                0x08003c70                HAL_RCC_GetPCLK2Freq
 .text.HAL_RCCEx_PeriphCLKConfig
                0x08003c98      0x850 ./Drivers/STM32F7xx_HAL_Driver/Src/stm32f7xx_hal_rcc_ex.o
                0x08003c98                HAL_RCCEx_PeriphCLKConfig
 .text.HAL_SPI_Init
                0x080044e8      0x156 ./Drivers/STM32F7xx_HAL_Driver/Src/stm32f7xx_hal_spi.o
                0x080044e8                HAL_SPI_Init
 .text.HAL_TIM_Base_Init
                0x0800463e       0xae ./Drivers/STM32F7xx_HAL_Driver/Src/stm32f7xx_hal_tim.o
                0x0800463e                HAL_TIM_Base_Init
 .text.HAL_TIM_Base_Start
                0x080046ec       0xe0 ./Drivers/STM32F7xx_HAL_Driver/Src/stm32f7xx_hal_tim.o
                0x080046ec                HAL_TIM_Base_Start
 .text.HAL_TIM_PWM_Init
                0x080047cc       0xae ./Drivers/STM32F7xx_HAL_Driver/Src/stm32f7xx_hal_tim.o
                0x080047cc                HAL_TIM_PWM_Init
 .text.HAL_TIM_PWM_MspInit
                0x0800487a       0x14 ./Drivers/STM32F7xx_HAL_Driver/Src/stm32f7xx_hal_tim.o
                0x0800487a                HAL_TIM_PWM_MspInit
 *fill*         0x0800488e        0x2 
 .text.HAL_TIM_PWM_Start
                0x08004890      0x1f4 ./Drivers/STM32F7xx_HAL_Driver/Src/stm32f7xx_hal_tim.o
                0x08004890                HAL_TIM_PWM_Start
 .text.HAL_TIM_Encoder_Init
                0x08004a84      0x14c ./Drivers/STM32F7xx_HAL_Driver/Src/stm32f7xx_hal_tim.o
                0x08004a84                HAL_TIM_Encoder_Init
 .text.HAL_TIM_Encoder_Start
                0x08004bd0      0x11c ./Drivers/STM32F7xx_HAL_Driver/Src/stm32f7xx_hal_tim.o
                0x08004bd0                HAL_TIM_Encoder_Start
 .text.HAL_TIM_PWM_ConfigChannel
                0x08004cec      0x228 ./Drivers/STM32F7xx_HAL_Driver/Src/stm32f7xx_hal_tim.o
                0x08004cec                HAL_TIM_PWM_ConfigChannel
 .text.HAL_TIM_ConfigClockSource
                0x08004f14      0x194 ./Drivers/STM32F7xx_HAL_Driver/Src/stm32f7xx_hal_tim.o
                0x08004f14                HAL_TIM_ConfigClockSource
 .text.TIM_Base_SetConfig
                0x080050a8      0x14c ./Drivers/STM32F7xx_HAL_Driver/Src/stm32f7xx_hal_tim.o
                0x080050a8                TIM_Base_SetConfig
 .text.TIM_OC1_SetConfig
                0x080051f4       0xe4 ./Drivers/STM32F7xx_HAL_Driver/Src/stm32f7xx_hal_tim.o
 .text.TIM_OC2_SetConfig
                0x080052d8       0xf0 ./Drivers/STM32F7xx_HAL_Driver/Src/stm32f7xx_hal_tim.o
                0x080052d8                TIM_OC2_SetConfig
 .text.TIM_OC3_SetConfig
                0x080053c8       0xec ./Drivers/STM32F7xx_HAL_Driver/Src/stm32f7xx_hal_tim.o
 .text.TIM_OC4_SetConfig
                0x080054b4       0xb0 ./Drivers/STM32F7xx_HAL_Driver/Src/stm32f7xx_hal_tim.o
 .text.TIM_OC5_SetConfig
                0x08005564       0xa4 ./Drivers/STM32F7xx_HAL_Driver/Src/stm32f7xx_hal_tim.o
 .text.TIM_OC6_SetConfig
                0x08005608       0xa8 ./Drivers/STM32F7xx_HAL_Driver/Src/stm32f7xx_hal_tim.o
 .text.TIM_TI1_ConfigInputStage
                0x080056b0       0x5e ./Drivers/STM32F7xx_HAL_Driver/Src/stm32f7xx_hal_tim.o
 .text.TIM_TI2_ConfigInputStage
                0x0800570e       0x60 ./Drivers/STM32F7xx_HAL_Driver/Src/stm32f7xx_hal_tim.o
 .text.TIM_ITRx_SetConfig
                0x0800576e       0x36 ./Drivers/STM32F7xx_HAL_Driver/Src/stm32f7xx_hal_tim.o
 .text.TIM_ETR_SetConfig
                0x080057a4       0x40 ./Drivers/STM32F7xx_HAL_Driver/Src/stm32f7xx_hal_tim.o
                0x080057a4                TIM_ETR_SetConfig
 .text.TIM_CCxChannelCmd
                0x080057e4       0x4a ./Drivers/STM32F7xx_HAL_Driver/Src/stm32f7xx_hal_tim.o
                0x080057e4                TIM_CCxChannelCmd
 *fill*         0x0800582e        0x2 
 .text.HAL_TIMEx_MasterConfigSynchronization
                0x08005830      0x11c ./Drivers/STM32F7xx_HAL_Driver/Src/stm32f7xx_hal_tim_ex.o
                0x08005830                HAL_TIMEx_MasterConfigSynchronization
 .text.HAL_TIMEx_ConfigBreakDeadTime
                0x0800594c       0xfc ./Drivers/STM32F7xx_HAL_Driver/Src/stm32f7xx_hal_tim_ex.o
                0x0800594c                HAL_TIMEx_ConfigBreakDeadTime
 .text.HAL_UART_Init
                0x08005a48       0x9c ./Drivers/STM32F7xx_HAL_Driver/Src/stm32f7xx_hal_uart.o
                0x08005a48                HAL_UART_Init
 .text.HAL_UART_Transmit
                0x08005ae4      0x112 ./Drivers/STM32F7xx_HAL_Driver/Src/stm32f7xx_hal_uart.o
                0x08005ae4                HAL_UART_Transmit
 .text.HAL_UART_Receive_IT
                0x08005bf6       0x88 ./Drivers/STM32F7xx_HAL_Driver/Src/stm32f7xx_hal_uart.o
                0x08005bf6                HAL_UART_Receive_IT
 *fill*         0x08005c7e        0x2 
 .text.HAL_UART_IRQHandler
                0x08005c80      0x604 ./Drivers/STM32F7xx_HAL_Driver/Src/stm32f7xx_hal_uart.o
                0x08005c80                HAL_UART_IRQHandler
 .text.HAL_UART_TxCpltCallback
                0x08006284       0x14 ./Drivers/STM32F7xx_HAL_Driver/Src/stm32f7xx_hal_uart.o
                0x08006284                HAL_UART_TxCpltCallback
 .text.HAL_UART_ErrorCallback
                0x08006298       0x14 ./Drivers/STM32F7xx_HAL_Driver/Src/stm32f7xx_hal_uart.o
                0x08006298                HAL_UART_ErrorCallback
 .text.HAL_UARTEx_RxEventCallback
                0x080062ac       0x18 ./Drivers/STM32F7xx_HAL_Driver/Src/stm32f7xx_hal_uart.o
                0x080062ac                HAL_UARTEx_RxEventCallback
 .text.HAL_UARTEx_WakeupCallback
                0x080062c4       0x14 ./Drivers/STM32F7xx_HAL_Driver/Src/stm32f7xx_hal_uart.o
                0x080062c4                HAL_UARTEx_WakeupCallback
 .text.UART_SetConfig
                0x080062d8      0x4c8 ./Drivers/STM32F7xx_HAL_Driver/Src/stm32f7xx_hal_uart.o
                0x080062d8                UART_SetConfig
 .text.UART_AdvFeatureConfig
                0x080067a0      0x144 ./Drivers/STM32F7xx_HAL_Driver/Src/stm32f7xx_hal_uart.o
                0x080067a0                UART_AdvFeatureConfig
 .text.UART_CheckIdleState
                0x080068e4      0x150 ./Drivers/STM32F7xx_HAL_Driver/Src/stm32f7xx_hal_uart.o
                0x080068e4                UART_CheckIdleState
 .text.UART_WaitOnFlagUntilTimeout
                0x08006a34       0xda ./Drivers/STM32F7xx_HAL_Driver/Src/stm32f7xx_hal_uart.o
                0x08006a34                UART_WaitOnFlagUntilTimeout
 *fill*         0x08006b0e        0x2 
 .text.UART_Start_Receive_IT
                0x08006b10      0x18c ./Drivers/STM32F7xx_HAL_Driver/Src/stm32f7xx_hal_uart.o
                0x08006b10                UART_Start_Receive_IT
 .text.UART_EndRxTransfer
                0x08006c9c       0xc8 ./Drivers/STM32F7xx_HAL_Driver/Src/stm32f7xx_hal_uart.o
 .text.UART_DMAAbortOnError
                0x08006d64       0x24 ./Drivers/STM32F7xx_HAL_Driver/Src/stm32f7xx_hal_uart.o
 .text.UART_EndTransmit_IT
                0x08006d88       0x54 ./Drivers/STM32F7xx_HAL_Driver/Src/stm32f7xx_hal_uart.o
 .text.UART_RxISR_8BIT
                0x08006ddc      0x1a8 ./Drivers/STM32F7xx_HAL_Driver/Src/stm32f7xx_hal_uart.o
 .text.UART_RxISR_16BIT
                0x08006f84      0x1a8 ./Drivers/STM32F7xx_HAL_Driver/Src/stm32f7xx_hal_uart.o
 .text.memset   0x0800712c       0x10 E:/Apps/ST/STM32CubeIDE_1.17.0/STM32CubeIDE/plugins/com.st.stm32cube.ide.mcu.externaltools.gnu-tools-for-stm32.12.3.rel1.win32_1.1.0.202410251130/tools/bin/../lib/gcc/arm-none-eabi/12.3.1/../../../../arm-none-eabi/lib/thumb/v7e-m+dp/hard\libc_nano.a(libc_a-memset.o)
                0x0800712c                memset
 .text.__errno  0x0800713c        0xc E:/Apps/ST/STM32CubeIDE_1.17.0/STM32CubeIDE/plugins/com.st.stm32cube.ide.mcu.externaltools.gnu-tools-for-stm32.12.3.rel1.win32_1.1.0.202410251130/tools/bin/../lib/gcc/arm-none-eabi/12.3.1/../../../../arm-none-eabi/lib/thumb/v7e-m+dp/hard\libc_nano.a(libc_a-errno.o)
                0x0800713c                __errno
 .text.__libc_init_array
                0x08007148       0x48 E:/Apps/ST/STM32CubeIDE_1.17.0/STM32CubeIDE/plugins/com.st.stm32cube.ide.mcu.externaltools.gnu-tools-for-stm32.12.3.rel1.win32_1.1.0.202410251130/tools/bin/../lib/gcc/arm-none-eabi/12.3.1/../../../../arm-none-eabi/lib/thumb/v7e-m+dp/hard\libc_nano.a(libc_a-init.o)
                0x08007148                __libc_init_array
 .text.sinf_poly
                0x08007190       0x54 E:/Apps/ST/STM32CubeIDE_1.17.0/STM32CubeIDE/plugins/com.st.stm32cube.ide.mcu.externaltools.gnu-tools-for-stm32.12.3.rel1.win32_1.1.0.202410251130/tools/bin/../lib/gcc/arm-none-eabi/12.3.1/../../../../arm-none-eabi/lib/thumb/v7e-m+dp/hard\libm.a(libm_a-sinf.o)
 *fill*         0x080071e4        0x4 
 .text.sinf     0x080071e8      0x130 E:/Apps/ST/STM32CubeIDE_1.17.0/STM32CubeIDE/plugins/com.st.stm32cube.ide.mcu.externaltools.gnu-tools-for-stm32.12.3.rel1.win32_1.1.0.202410251130/tools/bin/../lib/gcc/arm-none-eabi/12.3.1/../../../../arm-none-eabi/lib/thumb/v7e-m+dp/hard\libm.a(libm_a-sinf.o)
                0x080071e8                sinf
 .text.sinf_poly
                0x08007318       0x54 E:/Apps/ST/STM32CubeIDE_1.17.0/STM32CubeIDE/plugins/com.st.stm32cube.ide.mcu.externaltools.gnu-tools-for-stm32.12.3.rel1.win32_1.1.0.202410251130/tools/bin/../lib/gcc/arm-none-eabi/12.3.1/../../../../arm-none-eabi/lib/thumb/v7e-m+dp/hard\libm.a(libm_a-cosf.o)
 *fill*         0x0800736c        0x4 
 .text.cosf     0x08007370      0x140 E:/Apps/ST/STM32CubeIDE_1.17.0/STM32CubeIDE/plugins/com.st.stm32cube.ide.mcu.externaltools.gnu-tools-for-stm32.12.3.rel1.win32_1.1.0.202410251130/tools/bin/../lib/gcc/arm-none-eabi/12.3.1/../../../../arm-none-eabi/lib/thumb/v7e-m+dp/hard\libm.a(libm_a-cosf.o)
                0x08007370                cosf
 .text.with_errnof
                0x080074b0       0x1c E:/Apps/ST/STM32CubeIDE_1.17.0/STM32CubeIDE/plugins/com.st.stm32cube.ide.mcu.externaltools.gnu-tools-for-stm32.12.3.rel1.win32_1.1.0.202410251130/tools/bin/../lib/gcc/arm-none-eabi/12.3.1/../../../../arm-none-eabi/lib/thumb/v7e-m+dp/hard\libm.a(libm_a-math_errf.o)
 .text.__math_invalidf
                0x080074cc       0x1e E:/Apps/ST/STM32CubeIDE_1.17.0/STM32CubeIDE/plugins/com.st.stm32cube.ide.mcu.externaltools.gnu-tools-for-stm32.12.3.rel1.win32_1.1.0.202410251130/tools/bin/../lib/gcc/arm-none-eabi/12.3.1/../../../../arm-none-eabi/lib/thumb/v7e-m+dp/hard\libm.a(libm_a-math_errf.o)
                0x080074cc                __math_invalidf
 *(.glue_7)
 .glue_7        0x080074ea        0x0 linker stubs
 *(.glue_7t)
 .glue_7t       0x080074ea        0x0 linker stubs
 *(.eh_frame)
 *fill*         0x080074ea        0x2 
 .eh_frame      0x080074ec        0x0 E:/Apps/ST/STM32CubeIDE_1.17.0/STM32CubeIDE/plugins/com.st.stm32cube.ide.mcu.externaltools.gnu-tools-for-stm32.12.3.rel1.win32_1.1.0.202410251130/tools/bin/../lib/gcc/arm-none-eabi/12.3.1/thumb/v7e-m+dp/hard/crtbegin.o
 *(.init)
 .init          0x080074ec        0x4 E:/Apps/ST/STM32CubeIDE_1.17.0/STM32CubeIDE/plugins/com.st.stm32cube.ide.mcu.externaltools.gnu-tools-for-stm32.12.3.rel1.win32_1.1.0.202410251130/tools/bin/../lib/gcc/arm-none-eabi/12.3.1/thumb/v7e-m+dp/hard/crti.o
                0x080074ec                _init
 .init          0x080074f0        0x8 E:/Apps/ST/STM32CubeIDE_1.17.0/STM32CubeIDE/plugins/com.st.stm32cube.ide.mcu.externaltools.gnu-tools-for-stm32.12.3.rel1.win32_1.1.0.202410251130/tools/bin/../lib/gcc/arm-none-eabi/12.3.1/thumb/v7e-m+dp/hard/crtn.o
 *(.fini)
 .fini          0x080074f8        0x4 E:/Apps/ST/STM32CubeIDE_1.17.0/STM32CubeIDE/plugins/com.st.stm32cube.ide.mcu.externaltools.gnu-tools-for-stm32.12.3.rel1.win32_1.1.0.202410251130/tools/bin/../lib/gcc/arm-none-eabi/12.3.1/thumb/v7e-m+dp/hard/crti.o
                0x080074f8                _fini
 .fini          0x080074fc        0x8 E:/Apps/ST/STM32CubeIDE_1.17.0/STM32CubeIDE/plugins/com.st.stm32cube.ide.mcu.externaltools.gnu-tools-for-stm32.12.3.rel1.win32_1.1.0.202410251130/tools/bin/../lib/gcc/arm-none-eabi/12.3.1/thumb/v7e-m+dp/hard/crtn.o
                0x08007504                        . = ALIGN (0x4)
                0x08007504                        _etext = .

.vfp11_veneer   0x08007504        0x0
 .vfp11_veneer  0x08007504        0x0 linker stubs

.v4_bx          0x08007504        0x0
 .v4_bx         0x08007504        0x0 linker stubs

.iplt           0x08007504        0x0
 .iplt          0x08007504        0x0 E:/Apps/ST/STM32CubeIDE_1.17.0/STM32CubeIDE/plugins/com.st.stm32cube.ide.mcu.externaltools.gnu-tools-for-stm32.12.3.rel1.win32_1.1.0.202410251130/tools/bin/../lib/gcc/arm-none-eabi/12.3.1/thumb/v7e-m+dp/hard/crtbegin.o

.rodata         0x08007508      0x158
                0x08007508                        . = ALIGN (0x4)
 *(.rodata)
 *(.rodata*)
 .rodata.AHBPrescTable
                0x08007508       0x10 ./Core/Src/system_stm32f7xx.o
                0x08007508                AHBPrescTable
 .rodata.APBPrescTable
                0x08007518        0x8 ./Core/Src/system_stm32f7xx.o
                0x08007518                APBPrescTable
 .rodata.__inv_pio4
                0x08007520       0x60 E:/Apps/ST/STM32CubeIDE_1.17.0/STM32CubeIDE/plugins/com.st.stm32cube.ide.mcu.externaltools.gnu-tools-for-stm32.12.3.rel1.win32_1.1.0.202410251130/tools/bin/../lib/gcc/arm-none-eabi/12.3.1/../../../../arm-none-eabi/lib/thumb/v7e-m+dp/hard\libm.a(libm_a-sincosf_data.o)
                0x08007520                __inv_pio4
 .rodata.__sincosf_table
                0x08007580       0xe0 E:/Apps/ST/STM32CubeIDE_1.17.0/STM32CubeIDE/plugins/com.st.stm32cube.ide.mcu.externaltools.gnu-tools-for-stm32.12.3.rel1.win32_1.1.0.202410251130/tools/bin/../lib/gcc/arm-none-eabi/12.3.1/../../../../arm-none-eabi/lib/thumb/v7e-m+dp/hard\libm.a(libm_a-sincosf_data.o)
                0x08007580                __sincosf_table
                0x08007660                        . = ALIGN (0x4)

.ARM.extab      0x08007660        0x0
                0x08007660                        . = ALIGN (0x4)
 *(.ARM.extab* .gnu.linkonce.armextab.*)
                0x08007660                        . = ALIGN (0x4)

.ARM            0x08007660        0x8
                0x08007660                        . = ALIGN (0x4)
                0x08007660                        __exidx_start = .
 *(.ARM.exidx*)
 .ARM.exidx     0x08007660        0x8 E:/Apps/ST/STM32CubeIDE_1.17.0/STM32CubeIDE/plugins/com.st.stm32cube.ide.mcu.externaltools.gnu-tools-for-stm32.12.3.rel1.win32_1.1.0.202410251130/tools/bin/../lib/gcc/arm-none-eabi/12.3.1/thumb/v7e-m+dp/hard\libgcc.a(_udivmoddi4.o)
                0x08007668                        __exidx_end = .
                0x08007668                        . = ALIGN (0x4)

.preinit_array  0x08007668        0x0
                0x08007668                        . = ALIGN (0x4)
                0x08007668                        PROVIDE (__preinit_array_start = .)
 *(.preinit_array*)
                0x08007668                        PROVIDE (__preinit_array_end = .)
                0x08007668                        . = ALIGN (0x4)

.init_array     0x08007668        0x4
                0x08007668                        . = ALIGN (0x4)
                0x08007668                        PROVIDE (__init_array_start = .)
 *(SORT_BY_NAME(.init_array.*))
 *(.init_array*)
 .init_array    0x08007668        0x4 E:/Apps/ST/STM32CubeIDE_1.17.0/STM32CubeIDE/plugins/com.st.stm32cube.ide.mcu.externaltools.gnu-tools-for-stm32.12.3.rel1.win32_1.1.0.202410251130/tools/bin/../lib/gcc/arm-none-eabi/12.3.1/thumb/v7e-m+dp/hard/crtbegin.o
                0x0800766c                        PROVIDE (__init_array_end = .)
                0x0800766c                        . = ALIGN (0x4)

.fini_array     0x0800766c        0x4
                0x0800766c                        . = ALIGN (0x4)
                [!provide]                        PROVIDE (__fini_array_start = .)
 *(SORT_BY_NAME(.fini_array.*))
 *(.fini_array*)
 .fini_array    0x0800766c        0x4 E:/Apps/ST/STM32CubeIDE_1.17.0/STM32CubeIDE/plugins/com.st.stm32cube.ide.mcu.externaltools.gnu-tools-for-stm32.12.3.rel1.win32_1.1.0.202410251130/tools/bin/../lib/gcc/arm-none-eabi/12.3.1/thumb/v7e-m+dp/hard/crtbegin.o
                [!provide]                        PROVIDE (__fini_array_end = .)
                0x08007670                        . = ALIGN (0x4)
                0x08007670                        _sidata = LOADADDR (.data)

.rel.dyn        0x08007670        0x0
 .rel.iplt      0x08007670        0x0 E:/Apps/ST/STM32CubeIDE_1.17.0/STM32CubeIDE/plugins/com.st.stm32cube.ide.mcu.externaltools.gnu-tools-for-stm32.12.3.rel1.win32_1.1.0.202410251130/tools/bin/../lib/gcc/arm-none-eabi/12.3.1/thumb/v7e-m+dp/hard/crtbegin.o

.data           0x20000000       0x5c load address 0x08007670
                0x20000000                        . = ALIGN (0x4)
                0x20000000                        _sdata = .
 *(.data)
 *(.data*)
 .data.SystemCoreClock
                0x20000000        0x4 ./Core/Src/system_stm32f7xx.o
                0x20000000                SystemCoreClock
 .data.uwTickPrio
                0x20000004        0x4 ./Drivers/STM32F7xx_HAL_Driver/Src/stm32f7xx_hal.o
                0x20000004                uwTickPrio
 .data.uwTickFreq
                0x20000008        0x1 ./Drivers/STM32F7xx_HAL_Driver/Src/stm32f7xx_hal.o
                0x20000008                uwTickFreq
 *fill*         0x20000009        0x3 
 .data._impure_ptr
                0x2000000c        0x4 E:/Apps/ST/STM32CubeIDE_1.17.0/STM32CubeIDE/plugins/com.st.stm32cube.ide.mcu.externaltools.gnu-tools-for-stm32.12.3.rel1.win32_1.1.0.202410251130/tools/bin/../lib/gcc/arm-none-eabi/12.3.1/../../../../arm-none-eabi/lib/thumb/v7e-m+dp/hard\libc_nano.a(libc_a-impure.o)
                0x2000000c                _impure_ptr
 .data._impure_data
                0x20000010       0x4c E:/Apps/ST/STM32CubeIDE_1.17.0/STM32CubeIDE/plugins/com.st.stm32cube.ide.mcu.externaltools.gnu-tools-for-stm32.12.3.rel1.win32_1.1.0.202410251130/tools/bin/../lib/gcc/arm-none-eabi/12.3.1/../../../../arm-none-eabi/lib/thumb/v7e-m+dp/hard\libc_nano.a(libc_a-impure.o)
                0x20000010                _impure_data
 *(.RamFunc)
 *(.RamFunc*)
                0x2000005c                        . = ALIGN (0x4)
                0x2000005c                        _edata = .

.igot.plt       0x2000005c        0x0 load address 0x080076cc
 .igot.plt      0x2000005c        0x0 E:/Apps/ST/STM32CubeIDE_1.17.0/STM32CubeIDE/plugins/com.st.stm32cube.ide.mcu.externaltools.gnu-tools-for-stm32.12.3.rel1.win32_1.1.0.202410251130/tools/bin/../lib/gcc/arm-none-eabi/12.3.1/thumb/v7e-m+dp/hard/crtbegin.o
                0x2000005c                        . = ALIGN (0x4)

.bss            0x2000005c      0x4d0 load address 0x080076cc
                0x2000005c                        _sbss = .
                0x2000005c                        __bss_start__ = _sbss
 *(.bss)
 .bss           0x2000005c       0x1c E:/Apps/ST/STM32CubeIDE_1.17.0/STM32CubeIDE/plugins/com.st.stm32cube.ide.mcu.externaltools.gnu-tools-for-stm32.12.3.rel1.win32_1.1.0.202410251130/tools/bin/../lib/gcc/arm-none-eabi/12.3.1/thumb/v7e-m+dp/hard/crtbegin.o
 *(.bss*)
 .bss.hadc1     0x20000078       0x48 ./Core/Src/adc.o
                0x20000078                hadc1
 .bss.ctrl      0x200000c0       0x30 ./Core/Src/control.o
 .bss.enc_left  0x200000f0       0x10 ./Core/Src/encoder.o
 .bss.enc_right
                0x20000100       0x10 ./Core/Src/encoder.o
 .bss.odom      0x20000110       0x18 ./Core/Src/odometry.o
 .bss.rx_byte   0x20000128        0x1 ./Core/Src/protocol.o
 *fill*         0x20000129        0x1 
 .bss.rx_index  0x2000012a        0x2 ./Core/Src/protocol.o
 .bss.rx_frame  0x2000012c        0xc ./Core/Src/protocol.o
 .bss.rx_state  0x20000138        0x1 ./Core/Src/protocol.o
 .bss.rx_frame_ready
                0x20000139        0x1 ./Core/Src/protocol.o
 *fill*         0x2000013a        0x2 
 .bss.hspi1     0x2000013c       0x64 ./Core/Src/spi.o
                0x2000013c                hspi1
 .bss.htim1     0x200001a0       0x4c ./Core/Src/tim.o
                0x200001a0                htim1
 .bss.htim2     0x200001ec       0x4c ./Core/Src/tim.o
                0x200001ec                htim2
 .bss.htim3     0x20000238       0x4c ./Core/Src/tim.o
                0x20000238                htim3
 .bss.htim4     0x20000284       0x4c ./Core/Src/tim.o
                0x20000284                htim4
 .bss.htim5     0x200002d0       0x4c ./Core/Src/tim.o
                0x200002d0                htim5
 .bss.htim8     0x2000031c       0x4c ./Core/Src/tim.o
                0x2000031c                htim8
 .bss.huart3    0x20000368       0x88 ./Core/Src/usart.o
                0x20000368                huart3
 .bss.uwTick    0x200003f0        0x4 ./Drivers/STM32F7xx_HAL_Driver/Src/stm32f7xx_hal.o
                0x200003f0                uwTick
 .bss.__sf      0x200003f4      0x138 E:/Apps/ST/STM32CubeIDE_1.17.0/STM32CubeIDE/plugins/com.st.stm32cube.ide.mcu.externaltools.gnu-tools-for-stm32.12.3.rel1.win32_1.1.0.202410251130/tools/bin/../lib/gcc/arm-none-eabi/12.3.1/../../../../arm-none-eabi/lib/thumb/v7e-m+dp/hard\libc_nano.a(libc_a-findfp.o)
                0x200003f4                __sf
 *(COMMON)
                0x2000052c                        . = ALIGN (0x4)
                0x2000052c                        _ebss = .
                0x2000052c                        __bss_end__ = _ebss

._user_heap_stack
                0x2000052c      0x604 load address 0x080076cc
                0x20000530                        . = ALIGN (0x8)
 *fill*         0x2000052c        0x4 
                [!provide]                        PROVIDE (end = .)
                0x20000530                        PROVIDE (_end = .)
                0x20000730                        . = (. + _Min_Heap_Size)
 *fill*         0x20000530      0x200 
                0x20000b30                        . = (. + _Min_Stack_Size)
 *fill*         0x20000730      0x400 
                0x20000b30                        . = ALIGN (0x8)

/DISCARD/
 libc.a(*)
 libm.a(*)
 libgcc.a(*)

.ARM.attributes
                0x00000000       0x2e
 *(.ARM.attributes)
 .ARM.attributes
                0x00000000       0x20 E:/Apps/ST/STM32CubeIDE_1.17.0/STM32CubeIDE/plugins/com.st.stm32cube.ide.mcu.externaltools.gnu-tools-for-stm32.12.3.rel1.win32_1.1.0.202410251130/tools/bin/../lib/gcc/arm-none-eabi/12.3.1/thumb/v7e-m+dp/hard/crti.o
 .ARM.attributes
                0x00000020       0x32 E:/Apps/ST/STM32CubeIDE_1.17.0/STM32CubeIDE/plugins/com.st.stm32cube.ide.mcu.externaltools.gnu-tools-for-stm32.12.3.rel1.win32_1.1.0.202410251130/tools/bin/../lib/gcc/arm-none-eabi/12.3.1/thumb/v7e-m+dp/hard/crtbegin.o
 .ARM.attributes
                0x00000052       0x32 ./Core/Src/adc.o
 .ARM.attributes
                0x00000084       0x32 ./Core/Src/control.o
 .ARM.attributes
                0x000000b6       0x32 ./Core/Src/encoder.o
 .ARM.attributes
                0x000000e8       0x32 ./Core/Src/gpio.o
 .ARM.attributes
                0x0000011a       0x32 ./Core/Src/main.o
 .ARM.attributes
                0x0000014c       0x32 ./Core/Src/motor.o
 .ARM.attributes
                0x0000017e       0x32 ./Core/Src/odometry.o
 .ARM.attributes
                0x000001b0       0x32 ./Core/Src/protocol.o
 .ARM.attributes
                0x000001e2       0x32 ./Core/Src/spi.o
 .ARM.attributes
                0x00000214       0x32 ./Core/Src/stm32f7xx_hal_msp.o
 .ARM.attributes
                0x00000246       0x32 ./Core/Src/stm32f7xx_it.o
 .ARM.attributes
                0x00000278       0x32 ./Core/Src/system_stm32f7xx.o
 .ARM.attributes
                0x000002aa       0x32 ./Core/Src/tim.o
 .ARM.attributes
                0x000002dc       0x32 ./Core/Src/timebase.o
 .ARM.attributes
                0x0000030e       0x32 ./Core/Src/usart.o
 .ARM.attributes
                0x00000340       0x21 ./Core/Startup/startup_stm32f767zitx.o
 .ARM.attributes
                0x00000361       0x32 ./Drivers/STM32F7xx_HAL_Driver/Src/stm32f7xx_hal.o
 .ARM.attributes
                0x00000393       0x32 ./Drivers/STM32F7xx_HAL_Driver/Src/stm32f7xx_hal_adc.o
 .ARM.attributes
                0x000003c5       0x32 ./Drivers/STM32F7xx_HAL_Driver/Src/stm32f7xx_hal_cortex.o
 .ARM.attributes
                0x000003f7       0x32 ./Drivers/STM32F7xx_HAL_Driver/Src/stm32f7xx_hal_dma.o
 .ARM.attributes
                0x00000429       0x32 ./Drivers/STM32F7xx_HAL_Driver/Src/stm32f7xx_hal_gpio.o
 .ARM.attributes
                0x0000045b       0x32 ./Drivers/STM32F7xx_HAL_Driver/Src/stm32f7xx_hal_pwr_ex.o
 .ARM.attributes
                0x0000048d       0x32 ./Drivers/STM32F7xx_HAL_Driver/Src/stm32f7xx_hal_rcc.o
 .ARM.attributes
                0x000004bf       0x32 ./Drivers/STM32F7xx_HAL_Driver/Src/stm32f7xx_hal_rcc_ex.o
 .ARM.attributes
                0x000004f1       0x32 ./Drivers/STM32F7xx_HAL_Driver/Src/stm32f7xx_hal_spi.o
 .ARM.attributes
                0x00000523       0x32 ./Drivers/STM32F7xx_HAL_Driver/Src/stm32f7xx_hal_tim.o
 .ARM.attributes
                0x00000555       0x32 ./Drivers/STM32F7xx_HAL_Driver/Src/stm32f7xx_hal_tim_ex.o
 .ARM.attributes
                0x00000587       0x32 ./Drivers/STM32F7xx_HAL_Driver/Src/stm32f7xx_hal_uart.o
 .ARM.attributes
                0x000005b9       0x32 E:/Apps/ST/STM32CubeIDE_1.17.0/STM32CubeIDE/plugins/com.st.stm32cube.ide.mcu.externaltools.gnu-tools-for-stm32.12.3.rel1.win32_1.1.0.202410251130/tools/bin/../lib/gcc/arm-none-eabi/12.3.1/../../../../arm-none-eabi/lib/thumb/v7e-m+dp/hard\libc_nano.a(libc_a-findfp.o)
 .ARM.attributes
                0x000005eb       0x32 E:/Apps/ST/STM32CubeIDE_1.17.0/STM32CubeIDE/plugins/com.st.stm32cube.ide.mcu.externaltools.gnu-tools-for-stm32.12.3.rel1.win32_1.1.0.202410251130/tools/bin/../lib/gcc/arm-none-eabi/12.3.1/../../../../arm-none-eabi/lib/thumb/v7e-m+dp/hard\libc_nano.a(libc_a-memset.o)
 .ARM.attributes
                0x0000061d       0x32 E:/Apps/ST/STM32CubeIDE_1.17.0/STM32CubeIDE/plugins/com.st.stm32cube.ide.mcu.externaltools.gnu-tools-for-stm32.12.3.rel1.win32_1.1.0.202410251130/tools/bin/../lib/gcc/arm-none-eabi/12.3.1/../../../../arm-none-eabi/lib/thumb/v7e-m+dp/hard\libc_nano.a(libc_a-impure.o)
 .ARM.attributes
                0x0000064f       0x32 E:/Apps/ST/STM32CubeIDE_1.17.0/STM32CubeIDE/plugins/com.st.stm32cube.ide.mcu.externaltools.gnu-tools-for-stm32.12.3.rel1.win32_1.1.0.202410251130/tools/bin/../lib/gcc/arm-none-eabi/12.3.1/../../../../arm-none-eabi/lib/thumb/v7e-m+dp/hard\libc_nano.a(libc_a-errno.o)
 .ARM.attributes
                0x00000681       0x32 E:/Apps/ST/STM32CubeIDE_1.17.0/STM32CubeIDE/plugins/com.st.stm32cube.ide.mcu.externaltools.gnu-tools-for-stm32.12.3.rel1.win32_1.1.0.202410251130/tools/bin/../lib/gcc/arm-none-eabi/12.3.1/../../../../arm-none-eabi/lib/thumb/v7e-m+dp/hard\libc_nano.a(libc_a-init.o)
 .ARM.attributes
                0x000006b3       0x32 E:/Apps/ST/STM32CubeIDE_1.17.0/STM32CubeIDE/plugins/com.st.stm32cube.ide.mcu.externaltools.gnu-tools-for-stm32.12.3.rel1.win32_1.1.0.202410251130/tools/bin/../lib/gcc/arm-none-eabi/12.3.1/../../../../arm-none-eabi/lib/thumb/v7e-m+dp/hard\libm.a(libm_a-sinf.o)
 .ARM.attributes
                0x000006e5       0x32 E:/Apps/ST/STM32CubeIDE_1.17.0/STM32CubeIDE/plugins/com.st.stm32cube.ide.mcu.externaltools.gnu-tools-for-stm32.12.3.rel1.win32_1.1.0.202410251130/tools/bin/../lib/gcc/arm-none-eabi/12.3.1/../../../../arm-none-eabi/lib/thumb/v7e-m+dp/hard\libm.a(libm_a-cosf.o)
 .ARM.attributes
                0x00000717       0x32 E:/Apps/ST/STM32CubeIDE_1.17.0/STM32CubeIDE/plugins/com.st.stm32cube.ide.mcu.externaltools.gnu-tools-for-stm32.12.3.rel1.win32_1.1.0.202410251130/tools/bin/../lib/gcc/arm-none-eabi/12.3.1/../../../../arm-none-eabi/lib/thumb/v7e-m+dp/hard\libm.a(libm_a-sincosf_data.o)
 .ARM.attributes
                0x00000749       0x32 E:/Apps/ST/STM32CubeIDE_1.17.0/STM32CubeIDE/plugins/com.st.stm32cube.ide.mcu.externaltools.gnu-tools-for-stm32.12.3.rel1.win32_1.1.0.202410251130/tools/bin/../lib/gcc/arm-none-eabi/12.3.1/../../../../arm-none-eabi/lib/thumb/v7e-m+dp/hard\libm.a(libm_a-math_errf.o)
 .ARM.attributes
                0x0000077b       0x20 E:/Apps/ST/STM32CubeIDE_1.17.0/STM32CubeIDE/plugins/com.st.stm32cube.ide.mcu.externaltools.gnu-tools-for-stm32.12.3.rel1.win32_1.1.0.202410251130/tools/bin/../lib/gcc/arm-none-eabi/12.3.1/thumb/v7e-m+dp/hard\libgcc.a(_arm_addsubdf3.o)
 .ARM.attributes
                0x0000079b       0x20 E:/Apps/ST/STM32CubeIDE_1.17.0/STM32CubeIDE/plugins/com.st.stm32cube.ide.mcu.externaltools.gnu-tools-for-stm32.12.3.rel1.win32_1.1.0.202410251130/tools/bin/../lib/gcc/arm-none-eabi/12.3.1/thumb/v7e-m+dp/hard\libgcc.a(_aeabi_uldivmod.o)
 .ARM.attributes
                0x000007bb       0x32 E:/Apps/ST/STM32CubeIDE_1.17.0/STM32CubeIDE/plugins/com.st.stm32cube.ide.mcu.externaltools.gnu-tools-for-stm32.12.3.rel1.win32_1.1.0.202410251130/tools/bin/../lib/gcc/arm-none-eabi/12.3.1/thumb/v7e-m+dp/hard\libgcc.a(_udivmoddi4.o)
 .ARM.attributes
                0x000007ed       0x20 E:/Apps/ST/STM32CubeIDE_1.17.0/STM32CubeIDE/plugins/com.st.stm32cube.ide.mcu.externaltools.gnu-tools-for-stm32.12.3.rel1.win32_1.1.0.202410251130/tools/bin/../lib/gcc/arm-none-eabi/12.3.1/thumb/v7e-m+dp/hard\libgcc.a(_dvmd_tls.o)
 .ARM.attributes
                0x0000080d       0x20 E:/Apps/ST/STM32CubeIDE_1.17.0/STM32CubeIDE/plugins/com.st.stm32cube.ide.mcu.externaltools.gnu-tools-for-stm32.12.3.rel1.win32_1.1.0.202410251130/tools/bin/../lib/gcc/arm-none-eabi/12.3.1/thumb/v7e-m+dp/hard/crtn.o
OUTPUT(f767zi.elf elf32-littlearm)
LOAD linker stubs
LOAD E:/Apps/ST/STM32CubeIDE_1.17.0/STM32CubeIDE/plugins/com.st.stm32cube.ide.mcu.externaltools.gnu-tools-for-stm32.12.3.rel1.win32_1.1.0.202410251130/tools/bin/../lib/gcc/arm-none-eabi/12.3.1/../../../../arm-none-eabi/lib/thumb/v7e-m+dp/hard\libc.a
LOAD E:/Apps/ST/STM32CubeIDE_1.17.0/STM32CubeIDE/plugins/com.st.stm32cube.ide.mcu.externaltools.gnu-tools-for-stm32.12.3.rel1.win32_1.1.0.202410251130/tools/bin/../lib/gcc/arm-none-eabi/12.3.1/../../../../arm-none-eabi/lib/thumb/v7e-m+dp/hard\libm.a
LOAD E:/Apps/ST/STM32CubeIDE_1.17.0/STM32CubeIDE/plugins/com.st.stm32cube.ide.mcu.externaltools.gnu-tools-for-stm32.12.3.rel1.win32_1.1.0.202410251130/tools/bin/../lib/gcc/arm-none-eabi/12.3.1/thumb/v7e-m+dp/hard\libgcc.a

.debug_info     0x00000000    0x161a3
 .debug_info    0x00000000      0x9b9 ./Core/Src/adc.o
 .debug_info    0x000009b9      0x303 ./Core/Src/control.o
 .debug_info    0x00000cbc      0x8b8 ./Core/Src/encoder.o
 .debug_info    0x00001574      0x481 ./Core/Src/gpio.o
 .debug_info    0x000019f5      0xc39 ./Core/Src/main.o
 .debug_info    0x0000262e      0x8df ./Core/Src/motor.o
 .debug_info    0x00002f0d      0x26d ./Core/Src/odometry.o
 .debug_info    0x0000317a      0xc42 ./Core/Src/protocol.o
 .debug_info    0x00003dbc      0x998 ./Core/Src/spi.o
 .debug_info    0x00004754      0x28d ./Core/Src/stm32f7xx_hal_msp.o
 .debug_info    0x000049e1      0x71e ./Core/Src/stm32f7xx_it.o
 .debug_info    0x000050ff      0x6ed ./Core/Src/system_stm32f7xx.o
 .debug_info    0x000057ec     0x1117 ./Core/Src/tim.o
 .debug_info    0x00006903      0x70a ./Core/Src/timebase.o
 .debug_info    0x0000700d      0xf92 ./Core/Src/usart.o
 .debug_info    0x00007f9f       0x30 ./Core/Startup/startup_stm32f767zitx.o
 .debug_info    0x00007fcf      0xa4c ./Drivers/STM32F7xx_HAL_Driver/Src/stm32f7xx_hal.o
 .debug_info    0x00008a1b      0xc92 ./Drivers/STM32F7xx_HAL_Driver/Src/stm32f7xx_hal_adc.o
 .debug_info    0x000096ad      0xfc0 ./Drivers/STM32F7xx_HAL_Driver/Src/stm32f7xx_hal_cortex.o
 .debug_info    0x0000a66d      0x8e7 ./Drivers/STM32F7xx_HAL_Driver/Src/stm32f7xx_hal_dma.o
 .debug_info    0x0000af54      0x6f3 ./Drivers/STM32F7xx_HAL_Driver/Src/stm32f7xx_hal_gpio.o
 .debug_info    0x0000b647      0x8cd ./Drivers/STM32F7xx_HAL_Driver/Src/stm32f7xx_hal_pwr_ex.o
 .debug_info    0x0000bf14      0x94b ./Drivers/STM32F7xx_HAL_Driver/Src/stm32f7xx_hal_rcc.o
 .debug_info    0x0000c85f      0x6e1 ./Drivers/STM32F7xx_HAL_Driver/Src/stm32f7xx_hal_rcc_ex.o
 .debug_info    0x0000cf40     0x15c0 ./Drivers/STM32F7xx_HAL_Driver/Src/stm32f7xx_hal_spi.o
 .debug_info    0x0000e500     0x2ad5 ./Drivers/STM32F7xx_HAL_Driver/Src/stm32f7xx_hal_tim.o
 .debug_info    0x00010fd5     0x16bb ./Drivers/STM32F7xx_HAL_Driver/Src/stm32f7xx_hal_tim_ex.o
 .debug_info    0x00012690     0x3b13 ./Drivers/STM32F7xx_HAL_Driver/Src/stm32f7xx_hal_uart.o

.debug_abbrev   0x00000000     0x3744
 .debug_abbrev  0x00000000      0x1f3 ./Core/Src/adc.o
 .debug_abbrev  0x000001f3      0x189 ./Core/Src/control.o
 .debug_abbrev  0x0000037c      0x1d2 ./Core/Src/encoder.o
 .debug_abbrev  0x0000054e      0x152 ./Core/Src/gpio.o
 .debug_abbrev  0x000006a0      0x23e ./Core/Src/main.o
 .debug_abbrev  0x000008de      0x1ff ./Core/Src/motor.o
 .debug_abbrev  0x00000add      0x15f ./Core/Src/odometry.o
 .debug_abbrev  0x00000c3c      0x2f8 ./Core/Src/protocol.o
 .debug_abbrev  0x00000f34      0x1fa ./Core/Src/spi.o
 .debug_abbrev  0x0000112e       0xd8 ./Core/Src/stm32f7xx_hal_msp.o
 .debug_abbrev  0x00001206      0x174 ./Core/Src/stm32f7xx_it.o
 .debug_abbrev  0x0000137a      0x13b ./Core/Src/system_stm32f7xx.o
 .debug_abbrev  0x000014b5      0x25b ./Core/Src/tim.o
 .debug_abbrev  0x00001710      0x181 ./Core/Src/timebase.o
 .debug_abbrev  0x00001891      0x218 ./Core/Src/usart.o
 .debug_abbrev  0x00001aa9       0x24 ./Core/Startup/startup_stm32f767zitx.o
 .debug_abbrev  0x00001acd      0x213 ./Drivers/STM32F7xx_HAL_Driver/Src/stm32f7xx_hal.o
 .debug_abbrev  0x00001ce0      0x252 ./Drivers/STM32F7xx_HAL_Driver/Src/stm32f7xx_hal_adc.o
 .debug_abbrev  0x00001f32      0x31e ./Drivers/STM32F7xx_HAL_Driver/Src/stm32f7xx_hal_cortex.o
 .debug_abbrev  0x00002250      0x264 ./Drivers/STM32F7xx_HAL_Driver/Src/stm32f7xx_hal_dma.o
 .debug_abbrev  0x000024b4      0x1d4 ./Drivers/STM32F7xx_HAL_Driver/Src/stm32f7xx_hal_gpio.o
 .debug_abbrev  0x00002688      0x1d5 ./Drivers/STM32F7xx_HAL_Driver/Src/stm32f7xx_hal_pwr_ex.o
 .debug_abbrev  0x0000285d      0x2de ./Drivers/STM32F7xx_HAL_Driver/Src/stm32f7xx_hal_rcc.o
 .debug_abbrev  0x00002b3b      0x1c9 ./Drivers/STM32F7xx_HAL_Driver/Src/stm32f7xx_hal_rcc_ex.o
 .debug_abbrev  0x00002d04      0x25f ./Drivers/STM32F7xx_HAL_Driver/Src/stm32f7xx_hal_spi.o
 .debug_abbrev  0x00002f63      0x278 ./Drivers/STM32F7xx_HAL_Driver/Src/stm32f7xx_hal_tim.o
 .debug_abbrev  0x000031db      0x283 ./Drivers/STM32F7xx_HAL_Driver/Src/stm32f7xx_hal_tim_ex.o
 .debug_abbrev  0x0000345e      0x2e6 ./Drivers/STM32F7xx_HAL_Driver/Src/stm32f7xx_hal_uart.o

.debug_aranges  0x00000000     0x1368
 .debug_aranges
                0x00000000       0x30 ./Core/Src/adc.o
 .debug_aranges
                0x00000030       0x78 ./Core/Src/control.o
 .debug_aranges
                0x000000a8       0x88 ./Core/Src/encoder.o
 .debug_aranges
                0x00000130       0x20 ./Core/Src/gpio.o
 .debug_aranges
                0x00000150       0x38 ./Core/Src/main.o
 .debug_aranges
                0x00000188       0x48 ./Core/Src/motor.o
 .debug_aranges
                0x000001d0       0x60 ./Core/Src/odometry.o
 .debug_aranges
                0x00000230       0x98 ./Core/Src/protocol.o
 .debug_aranges
                0x000002c8       0x30 ./Core/Src/spi.o
 .debug_aranges
                0x000002f8       0x20 ./Core/Src/stm32f7xx_hal_msp.o
 .debug_aranges
                0x00000318       0x68 ./Core/Src/stm32f7xx_it.o
 .debug_aranges
                0x00000380       0x28 ./Core/Src/system_stm32f7xx.o
 .debug_aranges
                0x000003a8       0x70 ./Core/Src/tim.o
 .debug_aranges
                0x00000418       0x30 ./Core/Src/timebase.o
 .debug_aranges
                0x00000448       0x30 ./Core/Src/usart.o
 .debug_aranges
                0x00000478       0x28 ./Core/Startup/startup_stm32f767zitx.o
 .debug_aranges
                0x000004a0      0x110 ./Drivers/STM32F7xx_HAL_Driver/Src/stm32f7xx_hal.o
 .debug_aranges
                0x000005b0       0xe8 ./Drivers/STM32F7xx_HAL_Driver/Src/stm32f7xx_hal_adc.o
 .debug_aranges
                0x00000698      0x128 ./Drivers/STM32F7xx_HAL_Driver/Src/stm32f7xx_hal_cortex.o
 .debug_aranges
                0x000007c0       0x90 ./Drivers/STM32F7xx_HAL_Driver/Src/stm32f7xx_hal_dma.o
 .debug_aranges
                0x00000850       0x58 ./Drivers/STM32F7xx_HAL_Driver/Src/stm32f7xx_hal_gpio.o
 .debug_aranges
                0x000008a8       0x80 ./Drivers/STM32F7xx_HAL_Driver/Src/stm32f7xx_hal_pwr_ex.o
 .debug_aranges
                0x00000928       0x88 ./Drivers/STM32F7xx_HAL_Driver/Src/stm32f7xx_hal_rcc.o
 .debug_aranges
                0x000009b0       0x50 ./Drivers/STM32F7xx_HAL_Driver/Src/stm32f7xx_hal_rcc_ex.o
 .debug_aranges
                0x00000a00      0x1d8 ./Drivers/STM32F7xx_HAL_Driver/Src/stm32f7xx_hal_spi.o
 .debug_aranges
                0x00000bd8      0x3e0 ./Drivers/STM32F7xx_HAL_Driver/Src/stm32f7xx_hal_tim.o
 .debug_aranges
                0x00000fb8      0x180 ./Drivers/STM32F7xx_HAL_Driver/Src/stm32f7xx_hal_tim_ex.o
 .debug_aranges
                0x00001138      0x230 ./Drivers/STM32F7xx_HAL_Driver/Src/stm32f7xx_hal_uart.o

.debug_rnglists
                0x00000000      0xf02
 .debug_rnglists
                0x00000000       0x21 ./Core/Src/adc.o
 .debug_rnglists
                0x00000021       0x57 ./Core/Src/control.o
 .debug_rnglists
                0x00000078       0x62 ./Core/Src/encoder.o
 .debug_rnglists
                0x000000da       0x14 ./Core/Src/gpio.o
 .debug_rnglists
                0x000000ee       0x27 ./Core/Src/main.o
 .debug_rnglists
                0x00000115       0x31 ./Core/Src/motor.o
 .debug_rnglists
                0x00000146       0x44 ./Core/Src/odometry.o
 .debug_rnglists
                0x0000018a       0x72 ./Core/Src/protocol.o
 .debug_rnglists
                0x000001fc       0x20 ./Core/Src/spi.o
 .debug_rnglists
                0x0000021c       0x13 ./Core/Src/stm32f7xx_hal_msp.o
 .debug_rnglists
                0x0000022f       0x49 ./Core/Src/stm32f7xx_it.o
 .debug_rnglists
                0x00000278       0x1a ./Core/Src/system_stm32f7xx.o
 .debug_rnglists
                0x00000292       0x59 ./Core/Src/tim.o
 .debug_rnglists
                0x000002eb       0x1f ./Core/Src/timebase.o
 .debug_rnglists
                0x0000030a       0x20 ./Core/Src/usart.o
 .debug_rnglists
                0x0000032a       0x19 ./Core/Startup/startup_stm32f767zitx.o
 .debug_rnglists
                0x00000343       0xc7 ./Drivers/STM32F7xx_HAL_Driver/Src/stm32f7xx_hal.o
 .debug_rnglists
                0x0000040a       0xb5 ./Drivers/STM32F7xx_HAL_Driver/Src/stm32f7xx_hal_adc.o
 .debug_rnglists
                0x000004bf       0xda ./Drivers/STM32F7xx_HAL_Driver/Src/stm32f7xx_hal_cortex.o
 .debug_rnglists
                0x00000599       0x70 ./Drivers/STM32F7xx_HAL_Driver/Src/stm32f7xx_hal_dma.o
 .debug_rnglists
                0x00000609       0x3f ./Drivers/STM32F7xx_HAL_Driver/Src/stm32f7xx_hal_gpio.o
 .debug_rnglists
                0x00000648       0x5f ./Drivers/STM32F7xx_HAL_Driver/Src/stm32f7xx_hal_pwr_ex.o
 .debug_rnglists
                0x000006a7       0x67 ./Drivers/STM32F7xx_HAL_Driver/Src/stm32f7xx_hal_rcc.o
 .debug_rnglists
                0x0000070e       0x3c ./Drivers/STM32F7xx_HAL_Driver/Src/stm32f7xx_hal_rcc_ex.o
 .debug_rnglists
                0x0000074a      0x178 ./Drivers/STM32F7xx_HAL_Driver/Src/stm32f7xx_hal_spi.o
 .debug_rnglists
                0x000008c2      0x328 ./Drivers/STM32F7xx_HAL_Driver/Src/stm32f7xx_hal_tim.o
 .debug_rnglists
                0x00000bea      0x138 ./Drivers/STM32F7xx_HAL_Driver/Src/stm32f7xx_hal_tim_ex.o
 .debug_rnglists
                0x00000d22      0x1e0 ./Drivers/STM32F7xx_HAL_Driver/Src/stm32f7xx_hal_uart.o

.debug_macro    0x00000000    0x2a7e1
 .debug_macro   0x00000000      0x22a ./Core/Src/adc.o
 .debug_macro   0x0000022a      0xacc ./Core/Src/adc.o
 .debug_macro   0x00000cf6      0x29f ./Core/Src/adc.o
 .debug_macro   0x00000f95       0x2e ./Core/Src/adc.o
 .debug_macro   0x00000fc3       0x3b ./Core/Src/adc.o
 .debug_macro   0x00000ffe       0x22 ./Core/Src/adc.o
 .debug_macro   0x00001020       0x8e ./Core/Src/adc.o
 .debug_macro   0x000010ae       0x51 ./Core/Src/adc.o
 .debug_macro   0x000010ff      0x103 ./Core/Src/adc.o
 .debug_macro   0x00001202       0x6a ./Core/Src/adc.o
 .debug_macro   0x0000126c      0x1df ./Core/Src/adc.o
 .debug_macro   0x0000144b       0x1c ./Core/Src/adc.o
 .debug_macro   0x00001467       0x22 ./Core/Src/adc.o
 .debug_macro   0x00001489       0xd9 ./Core/Src/adc.o
 .debug_macro   0x00001562     0x12cd ./Core/Src/adc.o
 .debug_macro   0x0000282f      0x11f ./Core/Src/adc.o
 .debug_macro   0x0000294e       0x19 ./Core/Src/adc.o
 .debug_macro   0x00002967    0x1aa23 ./Core/Src/adc.o
 .debug_macro   0x0001d38a       0x6d ./Core/Src/adc.o
 .debug_macro   0x0001d3f7     0x375e ./Core/Src/adc.o
 .debug_macro   0x00020b55      0x189 ./Core/Src/adc.o
 .debug_macro   0x00020cde       0x63 ./Core/Src/adc.o
 .debug_macro   0x00020d41     0x1add ./Core/Src/adc.o
 .debug_macro   0x0002281e      0x6c4 ./Core/Src/adc.o
 .debug_macro   0x00022ee2      0x18b ./Core/Src/adc.o
 .debug_macro   0x0002306d      0x115 ./Core/Src/adc.o
 .debug_macro   0x00023182      0x26e ./Core/Src/adc.o
 .debug_macro   0x000233f0       0xa5 ./Core/Src/adc.o
 .debug_macro   0x00023495      0x24f ./Core/Src/adc.o
 .debug_macro   0x000236e4       0x71 ./Core/Src/adc.o
 .debug_macro   0x00023755       0x58 ./Core/Src/adc.o
 .debug_macro   0x000237ad      0x236 ./Core/Src/adc.o
 .debug_macro   0x000239e3      0x416 ./Core/Src/adc.o
 .debug_macro   0x00023df9      0x153 ./Core/Src/adc.o
 .debug_macro   0x00023f4c      0x107 ./Core/Src/adc.o
 .debug_macro   0x00024053      0x14e ./Core/Src/adc.o
 .debug_macro   0x000241a1      0x3db ./Core/Src/adc.o
 .debug_macro   0x0002457c       0x12 ./Core/Src/adc.o
 .debug_macro   0x0002458e      0x22c ./Core/Src/adc.o
 .debug_macro   0x000247ba       0x61 ./Core/Src/adc.o
 .debug_macro   0x0002481b       0xa5 ./Core/Src/adc.o
 .debug_macro   0x000248c0      0x12e ./Core/Src/adc.o
 .debug_macro   0x000249ee      0x108 ./Core/Src/adc.o
 .debug_macro   0x00024af6       0x35 ./Core/Src/adc.o
 .debug_macro   0x00024b2b      0x2fe ./Core/Src/adc.o
 .debug_macro   0x00024e29      0xa91 ./Core/Src/adc.o
 .debug_macro   0x000258ba       0xa9 ./Core/Src/adc.o
 .debug_macro   0x00025963      0x5ba ./Core/Src/adc.o
 .debug_macro   0x00025f1d       0x44 ./Core/Src/adc.o
 .debug_macro   0x00025f61      0x15b ./Core/Src/adc.o
 .debug_macro   0x000260bc      0x13c ./Core/Src/adc.o
 .debug_macro   0x000261f8      0x247 ./Core/Src/control.o
 .debug_macro   0x0002643f       0x6a ./Core/Src/control.o
 .debug_macro   0x000264a9      0x23d ./Core/Src/encoder.o
 .debug_macro   0x000266e6      0x22a ./Core/Src/gpio.o
 .debug_macro   0x00026910      0x292 ./Core/Src/main.o
 .debug_macro   0x00026ba2      0x23d ./Core/Src/motor.o
 .debug_macro   0x00026ddf      0x2fa ./Core/Src/odometry.o
 .debug_macro   0x000270d9       0x61 ./Core/Src/odometry.o
 .debug_macro   0x0002713a       0x29 ./Core/Src/odometry.o
 .debug_macro   0x00027163       0x43 ./Core/Src/odometry.o
 .debug_macro   0x000271a6       0x34 ./Core/Src/odometry.o
 .debug_macro   0x000271da       0x16 ./Core/Src/odometry.o
 .debug_macro   0x000271f0       0x43 ./Core/Src/odometry.o
 .debug_macro   0x00027233       0x34 ./Core/Src/odometry.o
 .debug_macro   0x00027267       0x10 ./Core/Src/odometry.o
 .debug_macro   0x00027277       0x58 ./Core/Src/odometry.o
 .debug_macro   0x000272cf       0x8e ./Core/Src/odometry.o
 .debug_macro   0x0002735d       0x1c ./Core/Src/odometry.o
 .debug_macro   0x00027379      0x177 ./Core/Src/odometry.o
 .debug_macro   0x000274f0      0x369 ./Core/Src/odometry.o
 .debug_macro   0x00027859      0x19b ./Core/Src/odometry.o
 .debug_macro   0x000279f4      0x371 ./Core/Src/protocol.o
 .debug_macro   0x00027d65       0x10 ./Core/Src/protocol.o
 .debug_macro   0x00027d75       0x35 ./Core/Src/protocol.o
 .debug_macro   0x00027daa       0x20 ./Core/Src/protocol.o
 .debug_macro   0x00027dca       0x1c ./Core/Src/protocol.o
 .debug_macro   0x00027de6       0x10 ./Core/Src/protocol.o
 .debug_macro   0x00027df6       0x1c ./Core/Src/protocol.o
 .debug_macro   0x00027e12       0x16 ./Core/Src/protocol.o
 .debug_macro   0x00027e28      0x146 ./Core/Src/protocol.o
 .debug_macro   0x00027f6e      0x22a ./Core/Src/spi.o
 .debug_macro   0x00028198      0x220 ./Core/Src/stm32f7xx_hal_msp.o
 .debug_macro   0x000283b8      0x22a ./Core/Src/stm32f7xx_it.o
 .debug_macro   0x000285e2      0x211 ./Core/Src/system_stm32f7xx.o
 .debug_macro   0x000287f3      0x22a ./Core/Src/tim.o
 .debug_macro   0x00028a1d      0x234 ./Core/Src/timebase.o
 .debug_macro   0x00028c51      0x22a ./Core/Src/usart.o
 .debug_macro   0x00028e7b      0x235 ./Drivers/STM32F7xx_HAL_Driver/Src/stm32f7xx_hal.o
 .debug_macro   0x000290b0      0x212 ./Drivers/STM32F7xx_HAL_Driver/Src/stm32f7xx_hal_adc.o
 .debug_macro   0x000292c2      0x211 ./Drivers/STM32F7xx_HAL_Driver/Src/stm32f7xx_hal_cortex.o
 .debug_macro   0x000294d3      0x217 ./Drivers/STM32F7xx_HAL_Driver/Src/stm32f7xx_hal_dma.o
 .debug_macro   0x000296ea      0x217 ./Drivers/STM32F7xx_HAL_Driver/Src/stm32f7xx_hal_gpio.o
 .debug_macro   0x00029901      0x229 ./Drivers/STM32F7xx_HAL_Driver/Src/stm32f7xx_hal_pwr_ex.o
 .debug_macro   0x00029b2a      0x235 ./Drivers/STM32F7xx_HAL_Driver/Src/stm32f7xx_hal_rcc.o
 .debug_macro   0x00029d5f      0x211 ./Drivers/STM32F7xx_HAL_Driver/Src/stm32f7xx_hal_rcc_ex.o
 .debug_macro   0x00029f70      0x220 ./Drivers/STM32F7xx_HAL_Driver/Src/stm32f7xx_hal_spi.o
 .debug_macro   0x0002a190      0x212 ./Drivers/STM32F7xx_HAL_Driver/Src/stm32f7xx_hal_tim.o
 .debug_macro   0x0002a3a2      0x211 ./Drivers/STM32F7xx_HAL_Driver/Src/stm32f7xx_hal_tim_ex.o
 .debug_macro   0x0002a5b3      0x22e ./Drivers/STM32F7xx_HAL_Driver/Src/stm32f7xx_hal_uart.o

.debug_line     0x00000000    0x1acd0
 .debug_line    0x00000000      0x867 ./Core/Src/adc.o
 .debug_line    0x00000867      0xa06 ./Core/Src/control.o
 .debug_line    0x0000126d      0x9c2 ./Core/Src/encoder.o
 .debug_line    0x00001c2f      0x82e ./Core/Src/gpio.o
 .debug_line    0x0000245d      0x92d ./Core/Src/main.o
 .debug_line    0x00002d8a      0x8a0 ./Core/Src/motor.o
 .debug_line    0x0000362a      0xa71 ./Core/Src/odometry.o
 .debug_line    0x0000409b      0xd0c ./Core/Src/protocol.o
 .debug_line    0x00004da7      0x860 ./Core/Src/spi.o
 .debug_line    0x00005607      0x7e7 ./Core/Src/stm32f7xx_hal_msp.o
 .debug_line    0x00005dee      0x8c2 ./Core/Src/stm32f7xx_it.o
 .debug_line    0x000066b0      0x85b ./Core/Src/system_stm32f7xx.o
 .debug_line    0x00006f0b      0xc21 ./Core/Src/tim.o
 .debug_line    0x00007b2c      0x825 ./Core/Src/timebase.o
 .debug_line    0x00008351      0x86c ./Core/Src/usart.o
 .debug_line    0x00008bbd       0x7a ./Core/Startup/startup_stm32f767zitx.o
 .debug_line    0x00008c37      0xb3a ./Drivers/STM32F7xx_HAL_Driver/Src/stm32f7xx_hal.o
 .debug_line    0x00009771     0x1343 ./Drivers/STM32F7xx_HAL_Driver/Src/stm32f7xx_hal_adc.o
 .debug_line    0x0000aab4      0xdac ./Drivers/STM32F7xx_HAL_Driver/Src/stm32f7xx_hal_cortex.o
 .debug_line    0x0000b860     0x105b ./Drivers/STM32F7xx_HAL_Driver/Src/stm32f7xx_hal_dma.o
 .debug_line    0x0000c8bb      0xc90 ./Drivers/STM32F7xx_HAL_Driver/Src/stm32f7xx_hal_gpio.o
 .debug_line    0x0000d54b      0xa8e ./Drivers/STM32F7xx_HAL_Driver/Src/stm32f7xx_hal_pwr_ex.o
 .debug_line    0x0000dfd9      0xf6a ./Drivers/STM32F7xx_HAL_Driver/Src/stm32f7xx_hal_rcc.o
 .debug_line    0x0000ef43      0xf41 ./Drivers/STM32F7xx_HAL_Driver/Src/stm32f7xx_hal_rcc_ex.o
 .debug_line    0x0000fe84     0x20fa ./Drivers/STM32F7xx_HAL_Driver/Src/stm32f7xx_hal_spi.o
 .debug_line    0x00011f7e     0x3dbc ./Drivers/STM32F7xx_HAL_Driver/Src/stm32f7xx_hal_tim.o
 .debug_line    0x00015d3a     0x1ccf ./Drivers/STM32F7xx_HAL_Driver/Src/stm32f7xx_hal_tim_ex.o
 .debug_line    0x00017a09     0x32c7 ./Drivers/STM32F7xx_HAL_Driver/Src/stm32f7xx_hal_uart.o

.debug_str      0x00000000   0x1041da
 .debug_str     0x00000000    0xfac8e ./Core/Src/adc.o
                              0xfb3ce (size before relaxing)
 .debug_str     0x000fac8e      0x365 ./Core/Src/control.o
                              0xfb0af (size before relaxing)
 .debug_str     0x000faff3      0x410 ./Core/Src/encoder.o
                              0xfb5ff (size before relaxing)
 .debug_str     0x000fb403       0x68 ./Core/Src/gpio.o
                              0xfaf5c (size before relaxing)
 .debug_str     0x000fb46b      0x568 ./Core/Src/main.o
                              0xfb772 (size before relaxing)
 .debug_str     0x000fb9d3       0x7e ./Core/Src/motor.o
                              0xfb590 (size before relaxing)
 .debug_str     0x000fba51     0x39f5 ./Core/Src/odometry.o
                              0xfe966 (size before relaxing)
 .debug_str     0x000ff446      0x8fa ./Core/Src/protocol.o
                              0xfee51 (size before relaxing)
 .debug_str     0x000ffd40      0x1d0 ./Core/Src/spi.o
                              0xfb403 (size before relaxing)
 .debug_str     0x000fff10       0x2c ./Core/Src/stm32f7xx_hal_msp.o
                              0xfae91 (size before relaxing)
 .debug_str     0x000fff3c       0xef ./Core/Src/stm32f7xx_it.o
                              0xfb2d6 (size before relaxing)
 .debug_str     0x0010002b      0x1a4 ./Core/Src/system_stm32f7xx.o
                              0xfab48 (size before relaxing)
 .debug_str     0x001001cf      0x3b9 ./Core/Src/tim.o
                              0xfb90a (size before relaxing)
 .debug_str     0x00100588       0x3d ./Core/Src/timebase.o
                              0xfb360 (size before relaxing)
 .debug_str     0x001005c5      0x94f ./Core/Src/usart.o
                              0xfbda0 (size before relaxing)
 .debug_str     0x00100f14       0x44 ./Core/Startup/startup_stm32f767zitx.o
                                 0x6b (size before relaxing)
 .debug_str     0x00100f58      0x43b ./Drivers/STM32F7xx_HAL_Driver/Src/stm32f7xx_hal.o
                              0xfb588 (size before relaxing)
 .debug_str     0x00101393      0x2b8 ./Drivers/STM32F7xx_HAL_Driver/Src/stm32f7xx_hal_adc.o
                              0xfb048 (size before relaxing)
 .debug_str     0x0010164b      0x34a ./Drivers/STM32F7xx_HAL_Driver/Src/stm32f7xx_hal_cortex.o
                              0xfb56a (size before relaxing)
 .debug_str     0x00101995      0x301 ./Drivers/STM32F7xx_HAL_Driver/Src/stm32f7xx_hal_dma.o
                              0xfae87 (size before relaxing)
 .debug_str     0x00101c96      0x105 ./Drivers/STM32F7xx_HAL_Driver/Src/stm32f7xx_hal_gpio.o
                              0xfac06 (size before relaxing)
 .debug_str     0x00101d9b      0x1d1 ./Drivers/STM32F7xx_HAL_Driver/Src/stm32f7xx_hal_pwr_ex.o
                              0xfadb7 (size before relaxing)
 .debug_str     0x00101f6c      0x260 ./Drivers/STM32F7xx_HAL_Driver/Src/stm32f7xx_hal_rcc.o
                              0xfaec3 (size before relaxing)
 .debug_str     0x001021cc      0x147 ./Drivers/STM32F7xx_HAL_Driver/Src/stm32f7xx_hal_rcc_ex.o
                              0xfae26 (size before relaxing)
 .debug_str     0x00102313      0x5a7 ./Drivers/STM32F7xx_HAL_Driver/Src/stm32f7xx_hal_spi.o
                              0xfb382 (size before relaxing)
 .debug_str     0x001028ba      0xc92 ./Drivers/STM32F7xx_HAL_Driver/Src/stm32f7xx_hal_tim.o
                              0xfbe6b (size before relaxing)
 .debug_str     0x0010354c      0x4a0 ./Drivers/STM32F7xx_HAL_Driver/Src/stm32f7xx_hal_tim_ex.o
                              0xfb771 (size before relaxing)
 .debug_str     0x001039ec      0x7ee ./Drivers/STM32F7xx_HAL_Driver/Src/stm32f7xx_hal_uart.o
                              0xfb811 (size before relaxing)

.comment        0x00000000       0x43
 .comment       0x00000000       0x43 ./Core/Src/adc.o
                                 0x44 (size before relaxing)
 .comment       0x00000043       0x44 ./Core/Src/control.o
 .comment       0x00000043       0x44 ./Core/Src/encoder.o
 .comment       0x00000043       0x44 ./Core/Src/gpio.o
 .comment       0x00000043       0x44 ./Core/Src/main.o
 .comment       0x00000043       0x44 ./Core/Src/motor.o
 .comment       0x00000043       0x44 ./Core/Src/odometry.o
 .comment       0x00000043       0x44 ./Core/Src/protocol.o
 .comment       0x00000043       0x44 ./Core/Src/spi.o
 .comment       0x00000043       0x44 ./Core/Src/stm32f7xx_hal_msp.o
 .comment       0x00000043       0x44 ./Core/Src/stm32f7xx_it.o
 .comment       0x00000043       0x44 ./Core/Src/system_stm32f7xx.o
 .comment       0x00000043       0x44 ./Core/Src/tim.o
 .comment       0x00000043       0x44 ./Core/Src/timebase.o
 .comment       0x00000043       0x44 ./Core/Src/usart.o
 .comment       0x00000043       0x44 ./Drivers/STM32F7xx_HAL_Driver/Src/stm32f7xx_hal.o
 .comment       0x00000043       0x44 ./Drivers/STM32F7xx_HAL_Driver/Src/stm32f7xx_hal_adc.o
 .comment       0x00000043       0x44 ./Drivers/STM32F7xx_HAL_Driver/Src/stm32f7xx_hal_cortex.o
 .comment       0x00000043       0x44 ./Drivers/STM32F7xx_HAL_Driver/Src/stm32f7xx_hal_dma.o
 .comment       0x00000043       0x44 ./Drivers/STM32F7xx_HAL_Driver/Src/stm32f7xx_hal_gpio.o
 .comment       0x00000043       0x44 ./Drivers/STM32F7xx_HAL_Driver/Src/stm32f7xx_hal_pwr_ex.o
 .comment       0x00000043       0x44 ./Drivers/STM32F7xx_HAL_Driver/Src/stm32f7xx_hal_rcc.o
 .comment       0x00000043       0x44 ./Drivers/STM32F7xx_HAL_Driver/Src/stm32f7xx_hal_rcc_ex.o
 .comment       0x00000043       0x44 ./Drivers/STM32F7xx_HAL_Driver/Src/stm32f7xx_hal_spi.o
 .comment       0x00000043       0x44 ./Drivers/STM32F7xx_HAL_Driver/Src/stm32f7xx_hal_tim.o
 .comment       0x00000043       0x44 ./Drivers/STM32F7xx_HAL_Driver/Src/stm32f7xx_hal_tim_ex.o
 .comment       0x00000043       0x44 ./Drivers/STM32F7xx_HAL_Driver/Src/stm32f7xx_hal_uart.o

.debug_frame    0x00000000     0x5264
 .debug_frame   0x00000000       0x7c ./Core/Src/adc.o
 .debug_frame   0x0000007c      0x1a4 ./Core/Src/control.o
 .debug_frame   0x00000220      0x1cc ./Core/Src/encoder.o
 .debug_frame   0x000003ec       0x34 ./Core/Src/gpio.o
 .debug_frame   0x00000420       0xa0 ./Core/Src/main.o
 .debug_frame   0x000004c0       0xe0 ./Core/Src/motor.o
 .debug_frame   0x000005a0      0x148 ./Core/Src/odometry.o
 .debug_frame   0x000006e8      0x24c ./Core/Src/protocol.o
 .debug_frame   0x00000934       0x74 ./Core/Src/spi.o
 .debug_frame   0x000009a8       0x38 ./Core/Src/stm32f7xx_hal_msp.o
 .debug_frame   0x000009e0      0x120 ./Core/Src/stm32f7xx_it.o
 .debug_frame   0x00000b00       0x58 ./Core/Src/system_stm32f7xx.o
 .debug_frame   0x00000b58      0x1a4 ./Core/Src/tim.o
 .debug_frame   0x00000cfc       0x6c ./Core/Src/timebase.o
 .debug_frame   0x00000d68       0x78 ./Core/Src/usart.o
 .debug_frame   0x00000de0      0x3f4 ./Drivers/STM32F7xx_HAL_Driver/Src/stm32f7xx_hal.o
 .debug_frame   0x000011d4      0x3fc ./Drivers/STM32F7xx_HAL_Driver/Src/stm32f7xx_hal_adc.o
 .debug_frame   0x000015d0      0x4e8 ./Drivers/STM32F7xx_HAL_Driver/Src/stm32f7xx_hal_cortex.o
 .debug_frame   0x00001ab8      0x250 ./Drivers/STM32F7xx_HAL_Driver/Src/stm32f7xx_hal_dma.o
 .debug_frame   0x00001d08      0x14c ./Drivers/STM32F7xx_HAL_Driver/Src/stm32f7xx_hal_gpio.o
 .debug_frame   0x00001e54      0x1c8 ./Drivers/STM32F7xx_HAL_Driver/Src/stm32f7xx_hal_pwr_ex.o
 .debug_frame   0x0000201c      0x1f8 ./Drivers/STM32F7xx_HAL_Driver/Src/stm32f7xx_hal_rcc.o
 .debug_frame   0x00002214      0x118 ./Drivers/STM32F7xx_HAL_Driver/Src/stm32f7xx_hal_rcc_ex.o
 .debug_frame   0x0000232c      0x860 ./Drivers/STM32F7xx_HAL_Driver/Src/stm32f7xx_hal_spi.o
 .debug_frame   0x00002b8c     0x121c ./Drivers/STM32F7xx_HAL_Driver/Src/stm32f7xx_hal_tim.o
 .debug_frame   0x00003da8      0x6b0 ./Drivers/STM32F7xx_HAL_Driver/Src/stm32f7xx_hal_tim_ex.o
 .debug_frame   0x00004458      0xa10 ./Drivers/STM32F7xx_HAL_Driver/Src/stm32f7xx_hal_uart.o
 .debug_frame   0x00004e68      0x144 E:/Apps/ST/STM32CubeIDE_1.17.0/STM32CubeIDE/plugins/com.st.stm32cube.ide.mcu.externaltools.gnu-tools-for-stm32.12.3.rel1.win32_1.1.0.202410251130/tools/bin/../lib/gcc/arm-none-eabi/12.3.1/../../../../arm-none-eabi/lib/thumb/v7e-m+dp/hard\libc_nano.a(libc_a-findfp.o)
 .debug_frame   0x00004fac       0x20 E:/Apps/ST/STM32CubeIDE_1.17.0/STM32CubeIDE/plugins/com.st.stm32cube.ide.mcu.externaltools.gnu-tools-for-stm32.12.3.rel1.win32_1.1.0.202410251130/tools/bin/../lib/gcc/arm-none-eabi/12.3.1/../../../../arm-none-eabi/lib/thumb/v7e-m+dp/hard\libc_nano.a(libc_a-memset.o)
 .debug_frame   0x00004fcc       0x20 E:/Apps/ST/STM32CubeIDE_1.17.0/STM32CubeIDE/plugins/com.st.stm32cube.ide.mcu.externaltools.gnu-tools-for-stm32.12.3.rel1.win32_1.1.0.202410251130/tools/bin/../lib/gcc/arm-none-eabi/12.3.1/../../../../arm-none-eabi/lib/thumb/v7e-m+dp/hard\libc_nano.a(libc_a-errno.o)
 .debug_frame   0x00004fec       0x2c E:/Apps/ST/STM32CubeIDE_1.17.0/STM32CubeIDE/plugins/com.st.stm32cube.ide.mcu.externaltools.gnu-tools-for-stm32.12.3.rel1.win32_1.1.0.202410251130/tools/bin/../lib/gcc/arm-none-eabi/12.3.1/../../../../arm-none-eabi/lib/thumb/v7e-m+dp/hard\libc_nano.a(libc_a-init.o)
 .debug_frame   0x00005018       0x58 E:/Apps/ST/STM32CubeIDE_1.17.0/STM32CubeIDE/plugins/com.st.stm32cube.ide.mcu.externaltools.gnu-tools-for-stm32.12.3.rel1.win32_1.1.0.202410251130/tools/bin/../lib/gcc/arm-none-eabi/12.3.1/../../../../arm-none-eabi/lib/thumb/v7e-m+dp/hard\libm.a(libm_a-sinf.o)
 .debug_frame   0x00005070       0x50 E:/Apps/ST/STM32CubeIDE_1.17.0/STM32CubeIDE/plugins/com.st.stm32cube.ide.mcu.externaltools.gnu-tools-for-stm32.12.3.rel1.win32_1.1.0.202410251130/tools/bin/../lib/gcc/arm-none-eabi/12.3.1/../../../../arm-none-eabi/lib/thumb/v7e-m+dp/hard\libm.a(libm_a-cosf.o)
 .debug_frame   0x000050c0       0x98 E:/Apps/ST/STM32CubeIDE_1.17.0/STM32CubeIDE/plugins/com.st.stm32cube.ide.mcu.externaltools.gnu-tools-for-stm32.12.3.rel1.win32_1.1.0.202410251130/tools/bin/../lib/gcc/arm-none-eabi/12.3.1/../../../../arm-none-eabi/lib/thumb/v7e-m+dp/hard\libm.a(libm_a-math_errf.o)
 .debug_frame   0x00005158       0xac E:/Apps/ST/STM32CubeIDE_1.17.0/STM32CubeIDE/plugins/com.st.stm32cube.ide.mcu.externaltools.gnu-tools-for-stm32.12.3.rel1.win32_1.1.0.202410251130/tools/bin/../lib/gcc/arm-none-eabi/12.3.1/thumb/v7e-m+dp/hard\libgcc.a(_arm_addsubdf3.o)
 .debug_frame   0x00005204       0x2c E:/Apps/ST/STM32CubeIDE_1.17.0/STM32CubeIDE/plugins/com.st.stm32cube.ide.mcu.externaltools.gnu-tools-for-stm32.12.3.rel1.win32_1.1.0.202410251130/tools/bin/../lib/gcc/arm-none-eabi/12.3.1/thumb/v7e-m+dp/hard\libgcc.a(_aeabi_uldivmod.o)
 .debug_frame   0x00005230       0x34 E:/Apps/ST/STM32CubeIDE_1.17.0/STM32CubeIDE/plugins/com.st.stm32cube.ide.mcu.externaltools.gnu-tools-for-stm32.12.3.rel1.win32_1.1.0.202410251130/tools/bin/../lib/gcc/arm-none-eabi/12.3.1/thumb/v7e-m+dp/hard\libgcc.a(_udivmoddi4.o)

.debug_line_str
                0x00000000       0x4f
 .debug_line_str
                0x00000000       0x4f ./Core/Startup/startup_stm32f767zitx.o
