../Core/Src/encoder.c:22:14:Encoder_CalcRPM	24	static
../Core/Src/encoder.c:36:6:Encoder_Init	8	static
../Core/Src/encoder.c:65:6:Encoder_Update	8	static
../Core/Src/encoder.c:82:6:Encoder_Reset	8	static
../Core/Src/encoder.c:87:9:Encoder_Left_GetNow	4	static
../Core/Src/encoder.c:88:9:Encoder_Left_GetPrev	4	static
../Core/Src/encoder.c:89:9:Encoder_Left_GetDelta	4	static
../Core/Src/encoder.c:90:9:Encoder_Left_GetTotal	4	static
../Core/Src/encoder.c:91:9:Encoder_Left_GetRpm	4	static
../Core/Src/encoder.c:93:9:Encoder_Right_GetNow	4	static
../Core/Src/encoder.c:94:9:Encoder_Right_GetPrev	4	static
../Core/Src/encoder.c:95:9:Encoder_Right_GetDelta	4	static
../Core/Src/encoder.c:96:9:Encoder_Right_GetTotal	4	static
../Core/Src/encoder.c:97:9:Encoder_Right_GetRpm	4	static
