../Core/Src/protocol.c:41:13:Protocol_StartReceiveIT	8	static
../Core/Src/protocol.c:51:13:Protocol_SendBuffer	16	static
../Core/Src/protocol.c:61:13:Protocol_WriteU32LE	16	static
../Core/Src/protocol.c:69:13:Protocol_WriteFloatLE	24	static
../Core/Src/protocol.c:81:14:Protocol_ReadFloatLE	24	static
../Core/Src/protocol.c:97:13:Protocol_SendByte	16	static
../Core/Src/protocol.c:105:16:Protocol_Checksum8	24	static
../Core/Src/protocol.c:132:6:Protocol_Init	8	static
../Core/Src/protocol.c:146:6:Protocol_SendChar	16	static
../Core/Src/protocol.c:152:6:Protocol_SendString	16	static
../Core/Src/protocol.c:163:6:Protocol_SendFloatSimple	48	static
../Core/Src/protocol.c:237:6:Protocol_SendTeleplot	24	static
../Core/Src/protocol.c:252:6:Protocol_SendOdometryBinary	64	static
../Core/Src/protocol.c:325:6:Protocol_RxCallback	16	static
../Core/Src/protocol.c:401:6:Protocol_Process	24	static
../Core/Src/protocol.c:436:13:Protocol_ParseLine	16	static
